[2026-06-26 16:34:46] Uncaught Exception: Class "MikrotikApp" not found in /home/shebafi/public_html/controllers/client_controller.php on line 291
Stack trace:
#0 /home/shebafi/public_html/index.php(33): require_once()
#1 {main}
[2026-07-12 20:35:40] Uncaught Exception: Class "MikrotikApp" not found in /home/shebafi/public_html/controllers/client_controller.php on line 291
Stack trace:
#0 /home/shebafi/public_html/index.php(33): require_once()
#1 {main}
[2026-07-12 20:37:53] Uncaught Exception: Class "MikrotikApp" not found in /home/shebafi/public_html/controllers/client_controller.php on line 291
Stack trace:
#0 /home/shebafi/public_html/index.php(33): require_once()
#1 {main}
[2026-07-12 23:46:37] Uncaught Exception: Class "MikrotikApp" not found in /home/shebafi/public_html/controllers/client_controller.php on line 337
Stack trace:
#0 /home/shebafi/public_html/index.php(33): require_once()
#1 {main}
[2026-07-12 23:46:47] Uncaught Exception: Class "MikrotikApp" not found in /home/shebafi/public_html/controllers/client_controller.php on line 291
Stack trace:
#0 /home/shebafi/public_html/index.php(33): require_once()
#1 {main}
[2026-07-17 20:22:32] Uncaught Exception: Class "MikrotikApp" not found in /home/shebafi/public_html/controllers/client_controller.php on line 337
Stack trace:
#0 /home/shebafi/public_html/index.php(33): require_once()
#1 {main}
[2026-07-17 21:14:13] Uncaught Exception: Class "MikrotikApp" not found in /home/shebafi/public_html/controllers/client_controller.php on line 337
Stack trace:
#0 /home/shebafi/public_html/index.php(33): require_once()
#1 {main}
[2026-07-20 15:01:48] Uncaught Exception: Class "MikrotikApp" not found in /home/shebafi/public_html/controllers/client_controller.php on line 291
Stack trace:
#0 /home/shebafi/public_html/index.php(33): require_once()
#1 {main}
[2026-07-30 12:56:02] Uncaught Exception: There is no active transaction in /home/shebafi/public_html/controllers/logic.php on line 4694
Stack trace:
#0 /home/shebafi/public_html/controllers/logic.php(4694): PDO->rollBack()
#1 /home/shebafi/public_html/index.php(84): require_once('/home/shebafi/p...')
#2 {main}
[2026-07-31 12:31:00] Uncaught Exception: Class "MikrotikApp" not found in /home/shebafi/public_html/controllers/client_controller.php on line 291
Stack trace:
#0 /home/shebafi/public_html/index.php(33): require_once()
#1 {main}
[2026-07-31 12:34:26] Uncaught Exception: Class "MikrotikApp" not found in /home/shebafi/public_html/controllers/client_controller.php on line 337
Stack trace:
#0 /home/shebafi/public_html/index.php(33): require_once()
#1 {main}
[2026-08-01 22:59:22] Uncaught Exception: SQLSTATE[HY000]: General error: 1366 Incorrect string value: '\xF0\x9F\x93\x9E 0...' for column 'key_value' at row 1 in /home/shebafi/public_html/includes/functions.php on line 25
Stack trace:
#0 /home/shebafi/public_html/includes/functions.php(25): PDOStatement->execute(Array)
#1 /home/shebafi/public_html/controllers/logic.php(4141): set_opt(Object(PDO), 'sms_tpl_welcome', '\xE0\xA6\xAA\xE0\xA7\x8D\xE0\xA6\xB0\xE0\xA6\xBF\xE0\xA6\xAF...')
#2 /home/shebafi/public_html/index.php(84): require_once('/home/shebafi/p...')
#3 {main}
[2026-08-01 22:59:45] Uncaught Exception: SQLSTATE[HY000]: General error: 1366 Incorrect string value: '\xF0\x9F\x93\x9E 0...' for column 'key_value' at row 1 in /home/shebafi/public_html/includes/functions.php on line 25
Stack trace:
#0 /home/shebafi/public_html/includes/functions.php(25): PDOStatement->execute(Array)
#1 /home/shebafi/public_html/controllers/logic.php(4141): set_opt(Object(PDO), 'sms_tpl_welcome', '\xE0\xA6\xAA\xE0\xA7\x8D\xE0\xA6\xB0\xE0\xA6\xBF\xE0\xA6\xAF...')
#2 /home/shebafi/public_html/index.php(84): require_once('/home/shebafi/p...')
#3 {main}
[2026-08-01 22:59:48] Uncaught Exception: SQLSTATE[HY000]: General error: 1366 Incorrect string value: '\xF0\x9F\x93\x9E 0...' for column 'key_value' at row 1 in /home/shebafi/public_html/includes/functions.php on line 25
Stack trace:
#0 /home/shebafi/public_html/includes/functions.php(25): PDOStatement->execute(Array)
#1 /home/shebafi/public_html/controllers/logic.php(4141): set_opt(Object(PDO), 'sms_tpl_welcome', '\xE0\xA6\xAA\xE0\xA7\x8D\xE0\xA6\xB0\xE0\xA6\xBF\xE0\xA6\xAF...')
#2 /home/shebafi/public_html/index.php(84): require_once('/home/shebafi/p...')
#3 {main}
[2026-08-01 23:00:21] Uncaught Exception: SQLSTATE[HY000]: General error: 1366 Incorrect string value: '\xF0\x9F\x93\x9E 0...' for column 'key_value' at row 1 in /home/shebafi/public_html/includes/functions.php on line 25
Stack trace:
#0 /home/shebafi/public_html/includes/functions.php(25): PDOStatement->execute(Array)
#1 /home/shebafi/public_html/controllers/logic.php(4141): set_opt(Object(PDO), 'sms_tpl_welcome', '\xE0\xA6\xAA\xE0\xA7\x8D\xE0\xA6\xB0\xE0\xA6\xBF\xE0\xA6\xAF...')
#2 /home/shebafi/public_html/index.php(84): require_once('/home/shebafi/p...')
#3 {main}
[2026-08-01 23:00:25] Uncaught Exception: SQLSTATE[HY000]: General error: 1366 Incorrect string value: '\xF0\x9F\x93\x9E 0...' for column 'key_value' at row 1 in /home/shebafi/public_html/includes/functions.php on line 25
Stack trace:
#0 /home/shebafi/public_html/includes/functions.php(25): PDOStatement->execute(Array)
#1 /home/shebafi/public_html/controllers/logic.php(4141): set_opt(Object(PDO), 'sms_tpl_welcome', '\xE0\xA6\xAA\xE0\xA7\x8D\xE0\xA6\xB0\xE0\xA6\xBF\xE0\xA6\xAF...')
#2 /home/shebafi/public_html/index.php(84): require_once('/home/shebafi/p...')
#3 {main}
[2026-08-01 23:00:28] Uncaught Exception: SQLSTATE[HY000]: General error: 1366 Incorrect string value: '\xF0\x9F\x93\x9E 0...' for column 'key_value' at row 1 in /home/shebafi/public_html/includes/functions.php on line 25
Stack trace:
#0 /home/shebafi/public_html/includes/functions.php(25): PDOStatement->execute(Array)
#1 /home/shebafi/public_html/controllers/logic.php(4141): set_opt(Object(PDO), 'sms_tpl_welcome', '\xE0\xA6\xAA\xE0\xA7\x8D\xE0\xA6\xB0\xE0\xA6\xBF\xE0\xA6\xAF...')
#2 /home/shebafi/public_html/index.php(84): require_once('/home/shebafi/p...')
#3 {main}
[2026-08-02 03:35:54] Uncaught Exception: Class "MikrotikApp" not found in /home/shebafi/public_html/controllers/client_controller.php on line 291
Stack trace:
#0 /home/shebafi/public_html/index.php(33): require_once()
#1 {main}
[2026-08-02 03:36:18] Uncaught Exception: Class "MikrotikApp" not found in /home/shebafi/public_html/controllers/client_controller.php on line 337
Stack trace:
#0 /home/shebafi/public_html/index.php(33): require_once()
#1 {main}
[2026-08-02 05:48:55] Uncaught Exception: Class "MikrotikApp" not found in /home/shebafi/public_html/controllers/client_controller.php on line 291
Stack trace:
#0 /home/shebafi/public_html/index.php(33): require_once()
#1 {main}
[2026-08-02 05:49:03] Uncaught Exception: Class "MikrotikApp" not found in /home/shebafi/public_html/controllers/client_controller.php on line 337
Stack trace:
#0 /home/shebafi/public_html/index.php(33): require_once()
#1 {main}
[2026-08-02 08:50:12] Uncaught Exception: SQLSTATE[HY000]: General error: 1366 Incorrect string value: '\xF0\x9F\x93\x9E 0...' for column 'key_value' at row 1 in /home/shebafi/public_html/includes/functions.php on line 25
Stack trace:
#0 /home/shebafi/public_html/includes/functions.php(25): PDOStatement->execute(Array)
#1 /home/shebafi/public_html/controllers/logic.php(4142): set_opt(Object(PDO), 'sms_tpl_payment', '\xE0\xA6\xAA\xE0\xA7\x8D\xE0\xA6\xB0\xE0\xA6\xBF\xE0\xA6\xAF...')
#2 /home/shebafi/public_html/index.php(84): require_once('/home/shebafi/p...')
#3 {main}
[2026-08-02 11:35:37] Uncaught Exception: SQLSTATE[HY000]: General error: 1366 Incorrect string value: '\xF0\x9F\x93\x9E 0...' for column 'key_value' at row 1 in /home/shebafi/public_html/includes/functions.php on line 25
Stack trace:
#0 /home/shebafi/public_html/includes/functions.php(25): PDOStatement->execute(Array)
#1 /home/shebafi/public_html/controllers/logic.php(4141): set_opt(Object(PDO), 'sms_tpl_welcome', '\xE0\xA6\xAA\xE0\xA7\x8D\xE0\xA6\xB0\xE0\xA6\xBF\xE0\xA6\xAF...')
#2 /home/shebafi/public_html/index.php(84): require_once('/home/shebafi/p...')
#3 {main}
[2026-08-02 11:36:32] Uncaught Exception: SQLSTATE[HY000]: General error: 1366 Incorrect string value: '\xF0\x9F\x93\x9E 0...' for column 'key_value' at row 1 in /home/shebafi/public_html/includes/functions.php on line 25
Stack trace:
#0 /home/shebafi/public_html/includes/functions.php(25): PDOStatement->execute(Array)
#1 /home/shebafi/public_html/controllers/logic.php(4141): set_opt(Object(PDO), 'sms_tpl_welcome', '\xE0\xA6\xAA\xE0\xA7\x8D\xE0\xA6\xB0\xE0\xA6\xBF\xE0\xA6\xAF...')
#2 /home/shebafi/public_html/index.php(84): require_once('/home/shebafi/p...')
#3 {main}
[2026-08-02 11:39:57] Uncaught Exception: SQLSTATE[HY000]: General error: 1366 Incorrect string value: '\xF0\x9F\x93\x9E 0...' for column 'key_value' at row 1 in /home/shebafi/public_html/includes/functions.php on line 25
Stack trace:
#0 /home/shebafi/public_html/includes/functions.php(25): PDOStatement->execute(Array)
#1 /home/shebafi/public_html/controllers/logic.php(4141): set_opt(Object(PDO), 'sms_tpl_welcome', '\xE0\xA6\xAA\xE0\xA7\x8D\xE0\xA6\xB0\xE0\xA6\xBF\xE0\xA6\xAF...')
#2 /home/shebafi/public_html/index.php(84): require_once('/home/shebafi/p...')
#3 {main}
[2026-08-08 14:38:45] Uncaught Exception: SQLSTATE[22001]: String data, right truncated: 1406 Data too long for column 'phone2' at row 1 in /home/shebafi/public_html/controllers/logic.php on line 3272
Stack trace:
#0 /home/shebafi/public_html/controllers/logic.php(3272): PDOStatement->execute(Array)
#1 /home/shebafi/public_html/index.php(84): require_once('/home/shebafi/p...')
#2 {main}
[2026-08-08 14:38:55] Uncaught Exception: SQLSTATE[22001]: String data, right truncated: 1406 Data too long for column 'phone2' at row 1 in /home/shebafi/public_html/controllers/logic.php on line 3272
Stack trace:
#0 /home/shebafi/public_html/controllers/logic.php(3272): PDOStatement->execute(Array)
#1 /home/shebafi/public_html/index.php(84): require_once('/home/shebafi/p...')
#2 {main}
[2026-08-08 14:39:06] Uncaught Exception: SQLSTATE[22001]: String data, right truncated: 1406 Data too long for column 'phone2' at row 1 in /home/shebafi/public_html/controllers/logic.php on line 3272
Stack trace:
#0 /home/shebafi/public_html/controllers/logic.php(3272): PDOStatement->execute(Array)
#1 /home/shebafi/public_html/index.php(84): require_once('/home/shebafi/p...')
#2 {main}
[2026-08-08 14:43:18] Uncaught Exception: SQLSTATE[22001]: String data, right truncated: 1406 Data too long for column 'phone2' at row 1 in /home/shebafi/public_html/controllers/logic.php on line 3272
Stack trace:
#0 /home/shebafi/public_html/controllers/logic.php(3272): PDOStatement->execute(Array)
#1 /home/shebafi/public_html/index.php(84): require_once('/home/shebafi/p...')
#2 {main}
[2026-08-08 14:43:30] Uncaught Exception: SQLSTATE[22001]: String data, right truncated: 1406 Data too long for column 'phone2' at row 1 in /home/shebafi/public_html/controllers/logic.php on line 3272
Stack trace:
#0 /home/shebafi/public_html/controllers/logic.php(3272): PDOStatement->execute(Array)
#1 /home/shebafi/public_html/index.php(84): require_once('/home/shebafi/p...')
#2 {main}
[2026-08-12 10:13:59] Uncaught Exception: SQLSTATE[08S01]: Communication link failure: 1053 Server shutdown in progress in /home/shebafi/public_html/includes/functions.php on line 19
Stack trace:
#0 /home/shebafi/public_html/includes/functions.php(19): PDOStatement->execute(Array)
#1 /home/shebafi/public_html/includes/license.php(121): get_opt(Object(PDO), 'saas_api_url', 'https://netbill...')
#2 /home/shebafi/public_html/includes/config.php(1308): require_once('/home/shebafi/p...')
#3 /home/shebafi/public_html/index.php(21): require_once('/home/shebafi/p...')
#4 {main}
[2026-08-12 10:13:59] Uncaught Exception: SQLSTATE[08S01]: Communication link failure: 1053 Server shutdown in progress in /home/shebafi/public_html/includes/functions.php on line 19
Stack trace:
#0 /home/shebafi/public_html/includes/functions.php(19): PDOStatement->execute(Array)
#1 /home/shebafi/public_html/includes/license.php(121): get_opt(Object(PDO), 'saas_api_url', 'https://netbill...')
#2 /home/shebafi/public_html/includes/config.php(1308): require_once('/home/shebafi/p...')
#3 /home/shebafi/public_html/index.php(21): require_once('/home/shebafi/p...')
#4 {main}
[2026-08-12 10:14:02] Uncaught Exception: SQLSTATE[HY000]: General error: 2006 MySQL server has gone away in /home/shebafi/public_html/includes/functions.php on line 19
Stack trace:
#0 /home/shebafi/public_html/includes/functions.php(19): PDOStatement->execute(Array)
#1 /home/shebafi/public_html/includes/license.php(121): get_opt(Object(PDO), 'saas_api_url', 'https://netbill...')
#2 /home/shebafi/public_html/includes/config.php(1308): require_once('/home/shebafi/p...')
#3 /home/shebafi/public_html/index.php(21): require_once('/home/shebafi/p...')
#4 {main}
[2026-08-12 10:14:03] Uncaught Exception: SQLSTATE[HY000]: General error: 2006 MySQL server has gone away in /home/shebafi/public_html/includes/functions.php on line 19
Stack trace:
#0 /home/shebafi/public_html/includes/functions.php(19): PDOStatement->execute(Array)
#1 /home/shebafi/public_html/includes/license.php(121): get_opt(Object(PDO), 'saas_api_url', 'https://netbill...')
#2 /home/shebafi/public_html/includes/config.php(1308): require_once('/home/shebafi/p...')
#3 /home/shebafi/public_html/index.php(21): require_once('/home/shebafi/p...')
#4 {main}
[2026-08-12 10:14:03] Uncaught Exception: SQLSTATE[HY000]: General error: 2006 MySQL server has gone away in /home/shebafi/public_html/includes/functions.php on line 19
Stack trace:
#0 /home/shebafi/public_html/includes/functions.php(19): PDOStatement->execute(Array)
#1 /home/shebafi/public_html/includes/license.php(121): get_opt(Object(PDO), 'saas_api_url', 'https://netbill...')
#2 /home/shebafi/public_html/includes/config.php(1308): require_once('/home/shebafi/p...')
#3 /home/shebafi/public_html/index.php(21): require_once('/home/shebafi/p...')
#4 {main}
[2026-08-14 00:00:58] Uncaught Exception: Class "MikrotikApp" not found in /home/shebafi/public_html/controllers/client_controller.php on line 291
Stack trace:
#0 /home/shebafi/public_html/index.php(33): require_once()
#1 {main}
[2026-08-14 00:01:07] Uncaught Exception: Class "MikrotikApp" not found in /home/shebafi/public_html/controllers/client_controller.php on line 337
Stack trace:
#0 /home/shebafi/public_html/index.php(33): require_once()
#1 {main}
[2026-08-14 14:26:11] Uncaught Exception: SQLSTATE[HY000]: General error: 1366 Incorrect string value: '\xF0\x9F\x90\x9D O...' for column 'message' at row 1 in /home/shebafi/public_html/includes/functions.php on line 778
Stack trace:
#0 /home/shebafi/public_html/includes/functions.php(778): PDOStatement->execute(Array)
#1 /home/shebafi/public_html/controllers/logic.php(855): sendSMS(Object(PDO), '8801984965932', '\xE0\xA6\xAA\xE0\xA7\x8D\xE0\xA6\xB0\xE0\xA6\xBF\xE0\xA6\xAF...', 2)
#2 /home/shebafi/public_html/index.php(89): require_once('/home/shebafi/p...')
#3 {main}
[2026-08-14 14:26:12] Uncaught Exception: SQLSTATE[HY000]: General error: 1366 Incorrect string value: '\xF0\x9F\x90\x9D O...' for column 'message' at row 1 in /home/shebafi/public_html/includes/functions.php on line 778
Stack trace:
#0 /home/shebafi/public_html/includes/functions.php(778): PDOStatement->execute(Array)
#1 /home/shebafi/public_html/controllers/logic.php(855): sendSMS(Object(PDO), '8801984965932', '\xE0\xA6\xAA\xE0\xA7\x8D\xE0\xA6\xB0\xE0\xA6\xBF\xE0\xA6\xAF...', 2)
#2 /home/shebafi/public_html/index.php(89): require_once('/home/shebafi/p...')
#3 {main}
[2026-08-14 23:46:44] Uncaught Exception: There is no active transaction in /home/shebafi/public_html/controllers/logic.php on line 5314
Stack trace:
#0 /home/shebafi/public_html/controllers/logic.php(5314): PDO->rollBack()
#1 /home/shebafi/public_html/index.php(89): require_once('/home/shebafi/p...')
#2 {main}
[2026-08-17 12:56:23] Uncaught Exception: SQLSTATE[22003]: Numeric value out of range: 1264 Out of range value for column 'agent_commission' at row 1 in /home/shebafi/public_html/controllers/logic.php on line 3148
Stack trace:
#0 /home/shebafi/public_html/controllers/logic.php(3148): PDOStatement->execute(Array)
#1 /home/shebafi/public_html/index.php(136): require_once('/home/shebafi/p...')
#2 {main}
[2026-08-21 11:40:55] Uncaught Exception: Class "MikrotikApp" not found in /home/shebafi/public_html/controllers/client_controller.php on line 291
Stack trace:
#0 /home/shebafi/public_html/index.php(80): require_once()
#1 {main}
