[2026-06-24 00:23:19] [INFO] Router Dispatch - Method: GET, Path: /api/env
[2026-06-24 00:23:19] [INFO] Router Dispatch - Method: GET, Path: /api/config
[2026-06-24 04:25:31] [INFO] Router Dispatch - Method: GET, Path: /api/config
[2026-06-24 04:59:54] [INFO] Router Dispatch - Method: POST, Path: /api/v1/payment/sms
[2026-06-24 05:54:34] [INFO] Router Dispatch - Method: GET, Path: /api/v1/.env
[2026-06-24 05:54:34] [INFO] Router Dispatch - Method: GET, Path: /api/v2/.env
[2026-06-24 05:54:36] [INFO] Router Dispatch - Method: GET, Path: /api/v3/.env
[2026-06-24 05:54:36] [INFO] Router Dispatch - Method: GET, Path: /api/dev/.env
[2026-06-24 05:54:36] [INFO] Router Dispatch - Method: GET, Path: /api/staging/.env
[2026-06-24 08:02:14] [INFO] Router Dispatch - Method: GET, Path: /api/v1/.env
[2026-06-24 08:02:14] [INFO] Router Dispatch - Method: GET, Path: /api/v2/.env
[2026-06-24 08:02:15] [INFO] Router Dispatch - Method: GET, Path: /api/v3/.env
[2026-06-24 08:02:15] [INFO] Router Dispatch - Method: GET, Path: /api/dev/.env
[2026-06-24 08:02:15] [INFO] Router Dispatch - Method: GET, Path: /api/staging/.env
[2026-06-24 12:33:47] [INFO] Router Dispatch - Method: GET, Path: /api/*
[2026-06-24 12:33:47] [INFO] Router Dispatch - Method: GET, Path: /api/auth/*
[2026-06-24 12:33:47] [INFO] Router Dispatch - Method: GET, Path: /api/credentials
[2026-06-24 12:33:47] [INFO] Router Dispatch - Method: GET, Path: /api/data/*
[2026-06-24 12:33:47] [INFO] Router Dispatch - Method: GET, Path: /api/info.php
[2026-06-24 12:33:47] [INFO] Router Dispatch - Method: GET, Path: /api/login
[2026-06-24 12:33:48] [INFO] Router Dispatch - Method: GET, Path: /api/common.js
[2026-06-24 12:33:48] [INFO] Router Dispatch - Method: GET, Path: /api/phpinfo.php
[2026-06-24 12:33:48] [INFO] Router Dispatch - Method: GET, Path: /api/config.js
[2026-06-24 12:33:48] [INFO] Router Dispatch - Method: GET, Path: /api/config/common.js
[2026-06-24 12:33:48] [INFO] Router Dispatch - Method: GET, Path: /api/serverless/*
[2026-06-24 12:33:48] [INFO] Router Dispatch - Method: GET, Path: /api/config/constants.js
[2026-06-24 12:33:48] [INFO] Router Dispatch - Method: GET, Path: /api/constant.js
[2026-06-24 12:33:48] [INFO] Router Dispatch - Method: GET, Path: /api/constants.js
[2026-06-24 12:33:48] [INFO] Router Dispatch - Method: GET, Path: /api/user
[2026-06-24 12:33:48] [INFO] Router Dispatch - Method: GET, Path: /api/settings.py
[2026-06-24 12:33:48] [INFO] Router Dispatch - Method: GET, Path: /api/env.js
[2026-06-24 12:33:48] [INFO] Router Dispatch - Method: GET, Path: /api/users/*
[2026-06-24 12:33:48] [INFO] Router Dispatch - Method: GET, Path: /api/node/common.js
[2026-06-24 12:33:48] [INFO] Router Dispatch - Method: GET, Path: /api/v1/*
[2026-06-24 12:33:48] [INFO] Router Dispatch - Method: GET, Path: /api/v1/credentials
[2026-06-24 12:33:48] [INFO] Router Dispatch - Method: GET, Path: /api/v1/executions
[2026-06-24 12:33:48] [INFO] Router Dispatch - Method: GET, Path: /api/webhook/*
[2026-06-24 12:33:48] [INFO] Router Dispatch - Method: GET, Path: /api/v1/workflows
[2026-06-24 12:33:48] [INFO] Router Dispatch - Method: GET, Path: /api/node/config.js
[2026-06-24 12:33:48] [INFO] Router Dispatch - Method: GET, Path: /api/node/constants.js
[2026-06-24 12:33:48] [INFO] Router Dispatch - Method: GET, Path: /api/node/constant.js
[2026-06-24 12:33:48] [INFO] Router Dispatch - Method: GET, Path: /api/server.js
[2026-06-24 13:46:49] [INFO] Router Dispatch - Method: POST, Path: /api/v1/payment/sms
[2026-06-24 13:46:49] [INFO] Router Dispatch - Method: POST, Path: /api/v1/payment/sms
[2026-06-24 14:04:15] [INFO] Router Dispatch - Method: POST, Path: /api/v1/payment/sms
[2026-06-24 14:04:40] [INFO] Router Dispatch - Method: POST, Path: /api/v1/payment/sms
[2026-06-24 18:58:37] [INFO] Router Dispatch - Method: POST, Path: /api/graphql
[2026-06-24 18:58:37] [INFO] Router Dispatch - Method: POST, Path: /api/graphql
[2026-06-24 18:58:37] [INFO] Router Dispatch - Method: POST, Path: /api/graphql
[2026-06-24 18:58:37] [INFO] Router Dispatch - Method: POST, Path: /api/graphql
[2026-06-24 18:58:37] [INFO] Router Dispatch - Method: POST, Path: /api/gql
[2026-06-24 18:58:37] [INFO] Router Dispatch - Method: POST, Path: /api/graphql
[2026-06-24 18:58:37] [INFO] Router Dispatch - Method: POST, Path: /api/graphql
[2026-06-24 18:58:37] [INFO] Router Dispatch - Method: POST, Path: /api/gql
[2026-06-24 18:58:38] [INFO] Router Dispatch - Method: POST, Path: /api/gql
[2026-06-24 18:58:38] [INFO] Router Dispatch - Method: POST, Path: /api/gql
[2026-06-24 18:58:38] [INFO] Router Dispatch - Method: POST, Path: /api/graphql
[2026-06-24 18:58:38] [INFO] Router Dispatch - Method: POST, Path: /api/gql
[2026-06-24 18:58:38] [INFO] Router Dispatch - Method: POST, Path: /api/gql
[2026-06-24 18:58:38] [INFO] Router Dispatch - Method: POST, Path: /api/graphql
[2026-06-24 18:58:38] [INFO] Router Dispatch - Method: POST, Path: /api/graphql
[2026-06-24 18:58:39] [INFO] Router Dispatch - Method: POST, Path: /api/gql
[2026-06-24 18:58:39] [INFO] Router Dispatch - Method: POST, Path: /api/gql
[2026-06-24 18:58:39] [INFO] Router Dispatch - Method: POST, Path: /api/gql
[2026-06-24 18:58:42] [INFO] Router Dispatch - Method: POST, Path: /api/graphql
[2026-06-24 18:58:42] [INFO] Router Dispatch - Method: POST, Path: /api/graphql
[2026-06-24 18:58:42] [INFO] Router Dispatch - Method: POST, Path: /api/graphql
[2026-06-24 18:58:42] [INFO] Router Dispatch - Method: POST, Path: /api/graphql
[2026-06-24 18:58:43] [INFO] Router Dispatch - Method: POST, Path: /api/gql
[2026-06-24 18:58:43] [INFO] Router Dispatch - Method: POST, Path: /api/gql
[2026-06-24 18:58:43] [INFO] Router Dispatch - Method: POST, Path: /api/gql
[2026-06-24 18:58:43] [INFO] Router Dispatch - Method: POST, Path: /api/graphql
[2026-06-24 18:58:43] [INFO] Router Dispatch - Method: POST, Path: /api/gql
[2026-06-24 18:58:44] [INFO] Router Dispatch - Method: POST, Path: /api/graphql
[2026-06-24 18:58:44] [INFO] Router Dispatch - Method: POST, Path: /api/gql
[2026-06-24 18:58:45] [INFO] Router Dispatch - Method: POST, Path: /api/gql
[2026-06-24 18:58:46] [INFO] Router Dispatch - Method: POST, Path: /api/graphql
[2026-06-24 18:58:47] [INFO] Router Dispatch - Method: POST, Path: /api/gql
[2026-06-24 19:01:45] [INFO] Router Dispatch - Method: GET, Path: /api/config
[2026-06-24 19:01:45] [INFO] Router Dispatch - Method: GET, Path: /api/config
[2026-06-24 19:01:57] [INFO] Router Dispatch - Method: GET, Path: /api/config
[2026-06-24 19:02:43] [INFO] Router Dispatch - Method: GET, Path: /api/config
[2026-06-24 19:02:47] [INFO] Router Dispatch - Method: GET, Path: /api/config
[2026-06-24 23:43:05] [INFO] Router Dispatch - Method: GET, Path: /api/v1/.env
[2026-06-24 23:43:05] [INFO] Router Dispatch - Method: GET, Path: /api/v2/.env
[2026-06-24 23:43:06] [INFO] Router Dispatch - Method: GET, Path: /api/v3/.env
[2026-06-24 23:43:06] [INFO] Router Dispatch - Method: GET, Path: /api/dev/.env
[2026-06-24 23:43:07] [INFO] Router Dispatch - Method: GET, Path: /api/staging/.env
