[2026-07-18 01:40:05] [INFO] Router Dispatch - Method: GET, Path: /api/settings
[2026-07-18 01:40:19] [INFO] Router Dispatch - Method: GET, Path: /api/user
[2026-07-18 04:00:19] [INFO] Router Dispatch - Method: POST, Path: /api/v1/payment/sms
[2026-07-18 04:59:53] [INFO] Router Dispatch - Method: POST, Path: /api/v1/payment/sms
[2026-07-18 05:06:35] [INFO] Router Dispatch - Method: POST, Path: /api/v1/payment/sms
[2026-07-18 08:53:26] [INFO] Router Dispatch - Method: POST, Path: /api/graphql
[2026-07-18 08:53:26] [INFO] Router Dispatch - Method: POST, Path: /api/gql
[2026-07-18 08:53:27] [INFO] Router Dispatch - Method: POST, Path: /api/graphql
[2026-07-18 08:53:27] [INFO] Router Dispatch - Method: POST, Path: /api/graphql
[2026-07-18 08:53:27] [INFO] Router Dispatch - Method: POST, Path: /api/gql
[2026-07-18 08:53:27] [INFO] Router Dispatch - Method: POST, Path: /api/graphql
[2026-07-18 08:53:27] [INFO] Router Dispatch - Method: POST, Path: /api/graphql
[2026-07-18 08:53:27] [INFO] Router Dispatch - Method: POST, Path: /api/graphql
[2026-07-18 08:53:28] [INFO] Router Dispatch - Method: POST, Path: /api/gql
[2026-07-18 08:53:28] [INFO] Router Dispatch - Method: POST, Path: /api/gql
[2026-07-18 08:53:28] [INFO] Router Dispatch - Method: POST, Path: /api/gql
[2026-07-18 08:53:28] [INFO] Router Dispatch - Method: POST, Path: /api/graphql
[2026-07-18 08:53:28] [INFO] Router Dispatch - Method: POST, Path: /api/gql
[2026-07-18 08:53:28] [INFO] Router Dispatch - Method: POST, Path: /api/graphql
[2026-07-18 08:53:28] [INFO] Router Dispatch - Method: POST, Path: /api/graphql
[2026-07-18 08:53:28] [INFO] Router Dispatch - Method: POST, Path: /api/gql
[2026-07-18 08:53:29] [INFO] Router Dispatch - Method: POST, Path: /api/graphql
[2026-07-18 08:53:29] [INFO] Router Dispatch - Method: POST, Path: /api/graphql
[2026-07-18 08:53:29] [INFO] Router Dispatch - Method: POST, Path: /api/graphql
[2026-07-18 08:53:29] [INFO] Router Dispatch - Method: POST, Path: /api/gql
[2026-07-18 08:53:29] [INFO] Router Dispatch - Method: POST, Path: /api/gql
[2026-07-18 08:53:29] [INFO] Router Dispatch - Method: POST, Path: /api/gql
[2026-07-18 08:53:29] [INFO] Router Dispatch - Method: POST, Path: /api/gql
[2026-07-18 08:53:29] [INFO] Router Dispatch - Method: POST, Path: /api/gql
[2026-07-18 08:53:30] [INFO] Router Dispatch - Method: POST, Path: /api/graphql
[2026-07-18 08:53:30] [INFO] Router Dispatch - Method: POST, Path: /api/graphql
[2026-07-18 08:53:30] [INFO] Router Dispatch - Method: POST, Path: /api/gql
[2026-07-18 08:53:30] [INFO] Router Dispatch - Method: POST, Path: /api/gql
[2026-07-18 08:53:33] [INFO] Router Dispatch - Method: POST, Path: /api/graphql
[2026-07-18 08:53:33] [INFO] Router Dispatch - Method: POST, Path: /api/graphql
[2026-07-18 08:53:34] [INFO] Router Dispatch - Method: POST, Path: /api/graphql
[2026-07-18 08:53:34] [INFO] Router Dispatch - Method: POST, Path: /api/graphql
[2026-07-18 08:53:34] [INFO] Router Dispatch - Method: POST, Path: /api/graphql
[2026-07-18 08:53:34] [INFO] Router Dispatch - Method: POST, Path: /api/gql
[2026-07-18 08:53:34] [INFO] Router Dispatch - Method: POST, Path: /api/gql
[2026-07-18 08:53:35] [INFO] Router Dispatch - Method: POST, Path: /api/gql
[2026-07-18 08:53:35] [INFO] Router Dispatch - Method: POST, Path: /api/gql
[2026-07-18 08:53:35] [INFO] Router Dispatch - Method: POST, Path: /api/gql
[2026-07-18 08:53:35] [INFO] Router Dispatch - Method: POST, Path: /api/graphql
[2026-07-18 08:53:37] [INFO] Router Dispatch - Method: POST, Path: /api/gql
[2026-07-18 10:25:03] [INFO] Router Dispatch - Method: POST, Path: /api/v1/payment/sms
[2026-07-18 14:00:22] [INFO] Router Dispatch - Method: POST, Path: /api/v1/payment/sms
[2026-07-18 14:28:42] [INFO] Router Dispatch - Method: POST, Path: /api/v1/payment/sms
[2026-07-18 14:29:51] [INFO] Router Dispatch - Method: POST, Path: /api/v1/payment/sms
[2026-07-18 14:50:00] [INFO] Router Dispatch - Method: POST, Path: /api/v1/payment/sms
[2026-07-18 14:52:27] [INFO] Router Dispatch - Method: POST, Path: /api/v1/payment/sms
[2026-07-18 14:54:37] [INFO] Router Dispatch - Method: POST, Path: /api/v1/payment/sms
[2026-07-18 15:07:23] [INFO] Router Dispatch - Method: POST, Path: /api/v1/payment/sms
[2026-07-18 15:24:40] [INFO] Router Dispatch - Method: POST, Path: /api/v1/payment/sms
[2026-07-18 16:02:42] [INFO] Router Dispatch - Method: POST, Path: /api/v1/payment/sms
[2026-07-18 16:49:27] [INFO] Router Dispatch - Method: GET, Path: /api/im/v2/app/config
[2026-07-18 16:49:27] [INFO] Router Dispatch - Method: GET, Path: /api/c/a
[2026-07-18 16:49:27] [INFO] Router Dispatch - Method: POST, Path: /api/init
[2026-07-18 16:49:28] [INFO] Router Dispatch - Method: GET, Path: /api/config
[2026-07-18 16:49:28] [INFO] Router Dispatch - Method: GET, Path: /api/events
[2026-07-18 16:49:28] [INFO] Router Dispatch - Method: GET, Path: /api/sys/info
[2026-07-18 16:49:28] [INFO] Router Dispatch - Method: GET, Path: /api/v1/config
[2026-07-18 16:49:28] [INFO] Router Dispatch - Method: GET, Path: /api/room/join
[2026-07-18 16:49:28] [INFO] Router Dispatch - Method: GET, Path: /api/user/time
[2026-07-18 16:49:28] [INFO] Router Dispatch - Method: GET, Path: /api/stock/one
[2026-07-18 16:49:28] [INFO] Router Dispatch - Method: GET, Path: /api/index/init
[2026-07-18 16:49:28] [INFO] Router Dispatch - Method: GET, Path: /api/shop/getKF
[2026-07-18 16:49:28] [INFO] Router Dispatch - Method: POST, Path: /api/app/config
[2026-07-18 16:49:28] [INFO] Router Dispatch - Method: GET, Path: /api/siteConfig
[2026-07-18 16:49:28] [INFO] Router Dispatch - Method: GET, Path: /api/home-links
[2026-07-18 16:49:28] [INFO] Router Dispatch - Method: GET, Path: /api/apps/config
[2026-07-18 16:49:28] [INFO] Router Dispatch - Method: GET, Path: /api/index/index
[2026-07-18 16:49:28] [INFO] Router Dispatch - Method: GET, Path: /api/Event/basic
[2026-07-18 16:49:28] [INFO] Router Dispatch - Method: GET, Path: /api/front/index
[2026-07-18 16:49:28] [INFO] Router Dispatch - Method: GET, Path: /api/common/init
[2026-07-18 16:49:28] [INFO] Router Dispatch - Method: POST, Path: /api/link-submit
[2026-07-18 16:49:28] [INFO] Router Dispatch - Method: GET, Path: /api/users/login
[2026-07-18 16:49:28] [INFO] Router Dispatch - Method: GET, Path: /api/user/config
[2026-07-18 16:49:28] [INFO] Router Dispatch - Method: GET, Path: /api/index/goods
[2026-07-18 16:49:28] [INFO] Router Dispatch - Method: GET, Path: /api/index/config
[2026-07-18 16:49:28] [INFO] Router Dispatch - Method: GET, Path: /api/product/list
[2026-07-18 16:49:28] [INFO] Router Dispatch - Method: GET, Path: /api/lottery/list
[2026-07-18 16:49:28] [INFO] Router Dispatch - Method: GET, Path: /api/app/indexList
[2026-07-18 16:49:28] [INFO] Router Dispatch - Method: GET, Path: /api/common/config
[2026-07-18 16:49:28] [INFO] Router Dispatch - Method: GET, Path: /api/Home/videoNew
[2026-07-18 16:49:28] [INFO] Router Dispatch - Method: GET, Path: /api/system/config
[2026-07-18 16:49:28] [INFO] Router Dispatch - Method: GET, Path: /api/get/getnotice
[2026-07-18 16:49:28] [INFO] Router Dispatch - Method: GET, Path: /api/appSetting.do
[2026-07-18 16:49:28] [INFO] Router Dispatch - Method: GET, Path: /api/uploads/apimap
[2026-07-18 16:49:28] [INFO] Router Dispatch - Method: GET, Path: /api/product/getAll
[2026-07-18 16:49:29] [INFO] Router Dispatch - Method: GET, Path: /api/v1/getGameList
[2026-07-18 16:49:29] [INFO] Router Dispatch - Method: GET, Path: /api/site/getInfo.do
[2026-07-18 16:49:29] [INFO] Router Dispatch - Method: GET, Path: /api/index/webconfig
[2026-07-18 16:49:29] [INFO] Router Dispatch - Method: GET, Path: /api/v1/setting/main
[2026-07-18 16:49:29] [INFO] Router Dispatch - Method: GET, Path: /api/latestSdkConfig
[2026-07-18 16:49:29] [INFO] Router Dispatch - Method: POST, Path: /api/v1/seller/login
[2026-07-18 16:49:29] [INFO] Router Dispatch - Method: GET, Path: /api/v3/seller/login
[2026-07-18 16:49:29] [INFO] Router Dispatch - Method: POST, Path: /api/Uploads/apiimei
[2026-07-18 16:49:29] [INFO] Router Dispatch - Method: GET, Path: /api/lottery/ranking
[2026-07-18 16:49:29] [INFO] Router Dispatch - Method: GET, Path: /api/getWebSiteConfig
[2026-07-18 16:49:29] [INFO] Router Dispatch - Method: GET, Path: /api/user/ismustmobile
[2026-07-18 16:49:29] [INFO] Router Dispatch - Method: POST, Path: /api/user/ismustmobile
[2026-07-18 16:49:29] [INFO] Router Dispatch - Method: POST, Path: /api/user/ismustmobile
[2026-07-18 16:49:29] [INFO] Router Dispatch - Method: GET, Path: /api/index/productshow
[2026-07-18 16:49:29] [INFO] Router Dispatch - Method: GET, Path: /api/index/get_setting
[2026-07-18 16:49:29] [INFO] Router Dispatch - Method: GET, Path: /api/vue/common/config
[2026-07-18 16:49:29] [INFO] Router Dispatch - Method: GET, Path: /api/publics/text_info
[2026-07-18 16:49:29] [INFO] Router Dispatch - Method: POST, Path: /api/app/version/check
[2026-07-18 16:49:29] [INFO] Router Dispatch - Method: GET, Path: /api/Index/getHome
[2026-07-18 16:49:29] [INFO] Router Dispatch - Method: GET, Path: /api/account/price_rate
[2026-07-18 16:49:29] [INFO] Router Dispatch - Method: GET, Path: /api/user/language_list
[2026-07-18 16:49:29] [INFO] Router Dispatch - Method: GET, Path: /api/public/recent-loans
[2026-07-18 16:49:29] [INFO] Router Dispatch - Method: GET, Path: /api/index/getBannerList
[2026-07-18 16:49:29] [INFO] Router Dispatch - Method: GET, Path: /api/baseconfig
[2026-07-18 16:49:29] [INFO] Router Dispatch - Method: GET, Path: /api/wanlshop/common/init
[2026-07-18 16:49:29] [INFO] Router Dispatch - Method: GET, Path: /api/banner
[2026-07-18 16:49:29] [INFO] Router Dispatch - Method: GET, Path: /api/Config/getShowConfig
[2026-07-18 16:49:29] [INFO] Router Dispatch - Method: POST, Path: /api/common/getAllSetting
[2026-07-18 16:49:29] [INFO] Router Dispatch - Method: GET, Path: /api/common/getBaseConfig
[2026-07-18 16:49:29] [INFO] Router Dispatch - Method: GET, Path: /api/dict/getServiceConfig
[2026-07-18 16:49:29] [INFO] Router Dispatch - Method: GET, Path: /api/currency/quotation_new
[2026-07-18 16:49:29] [INFO] Router Dispatch - Method: GET, Path: /api/landing/check
[2026-07-18 16:49:29] [INFO] Router Dispatch - Method: GET, Path: /api/common/country/country
[2026-07-18 16:49:29] [INFO] Router Dispatch - Method: GET, Path: /api/system/customer-service
[2026-07-18 16:49:29] [INFO] Router Dispatch - Method: POST, Path: /api/chat/visitor/channelInfo
[2026-07-18 16:49:29] [INFO] Router Dispatch - Method: GET, Path: /api/v6/Comm/getVersionInfoV4
[2026-07-18 16:49:29] [INFO] Router Dispatch - Method: GET, Path: /api/common/menus
[2026-07-18 16:49:29] [INFO] Router Dispatch - Method: GET, Path: /api/new-version/daily/rooms/1
[2026-07-18 16:49:30] [INFO] Router Dispatch - Method: GET, Path: /api/app/contract/getMarketList
[2026-07-18 16:49:30] [INFO] Router Dispatch - Method: GET, Path: /api/app/getserviceinfo
[2026-07-18 16:49:30] [INFO] Router Dispatch - Method: GET, Path: /api/currency/getTradeCurrencyList
[2026-07-18 16:49:30] [INFO] Router Dispatch - Method: GET, Path: /api/seller/index/GetSellerConfigAll
[2026-07-18 16:49:30] [INFO] Router Dispatch - Method: GET, Path: /api/api/exchangerateuserconfig!get.action
[2026-07-18 16:49:30] [INFO] Router Dispatch - Method: GET, Path: /api/set/appSysSet/getKeyByParam
[2026-07-18 16:49:30] [INFO] Router Dispatch - Method: POST, Path: /api/system/systemConfigs/getCustomerServiceLink
[2026-07-18 16:49:30] [INFO] Router Dispatch - Method: POST, Path: /api/heartbeat
[2026-07-18 16:49:31] [INFO] Router Dispatch - Method: GET, Path: /api/im/v2/app/config
[2026-07-18 16:49:31] [INFO] Router Dispatch - Method: GET, Path: /api/c/a
[2026-07-18 16:49:31] [INFO] Router Dispatch - Method: POST, Path: /api/init
[2026-07-18 16:49:32] [INFO] Router Dispatch - Method: GET, Path: /api/config
[2026-07-18 16:49:32] [INFO] Router Dispatch - Method: GET, Path: /api/events
[2026-07-18 16:49:32] [INFO] Router Dispatch - Method: GET, Path: /api/sys/info
[2026-07-18 16:49:32] [INFO] Router Dispatch - Method: GET, Path: /api/v1/config
[2026-07-18 16:49:32] [INFO] Router Dispatch - Method: GET, Path: /api/room/join
[2026-07-18 16:49:32] [INFO] Router Dispatch - Method: GET, Path: /api/user/time
[2026-07-18 16:49:32] [INFO] Router Dispatch - Method: GET, Path: /api/stock/one
[2026-07-18 16:49:32] [INFO] Router Dispatch - Method: GET, Path: /api/index/init
[2026-07-18 16:49:32] [INFO] Router Dispatch - Method: GET, Path: /api/shop/getKF
[2026-07-18 16:49:32] [INFO] Router Dispatch - Method: POST, Path: /api/app/config
[2026-07-18 16:49:32] [INFO] Router Dispatch - Method: GET, Path: /api/siteConfig
[2026-07-18 16:49:32] [INFO] Router Dispatch - Method: GET, Path: /api/home-links
[2026-07-18 16:49:32] [INFO] Router Dispatch - Method: GET, Path: /api/apps/config
[2026-07-18 16:49:32] [INFO] Router Dispatch - Method: GET, Path: /api/index/index
[2026-07-18 16:49:32] [INFO] Router Dispatch - Method: GET, Path: /api/Event/basic
[2026-07-18 16:49:32] [INFO] Router Dispatch - Method: GET, Path: /api/front/index
[2026-07-18 16:49:32] [INFO] Router Dispatch - Method: GET, Path: /api/common/init
[2026-07-18 16:49:32] [INFO] Router Dispatch - Method: POST, Path: /api/link-submit
[2026-07-18 16:49:32] [INFO] Router Dispatch - Method: GET, Path: /api/users/login
[2026-07-18 16:49:32] [INFO] Router Dispatch - Method: GET, Path: /api/user/config
[2026-07-18 16:49:32] [INFO] Router Dispatch - Method: GET, Path: /api/index/goods
[2026-07-18 16:49:32] [INFO] Router Dispatch - Method: GET, Path: /api/index/config
[2026-07-18 16:49:32] [INFO] Router Dispatch - Method: GET, Path: /api/product/list
[2026-07-18 16:49:32] [INFO] Router Dispatch - Method: GET, Path: /api/lottery/list
[2026-07-18 16:49:32] [INFO] Router Dispatch - Method: GET, Path: /api/app/indexList
[2026-07-18 16:49:32] [INFO] Router Dispatch - Method: GET, Path: /api/common/config
[2026-07-18 16:49:32] [INFO] Router Dispatch - Method: GET, Path: /api/Home/videoNew
[2026-07-18 16:49:32] [INFO] Router Dispatch - Method: GET, Path: /api/system/config
[2026-07-18 16:49:32] [INFO] Router Dispatch - Method: GET, Path: /api/get/getnotice
[2026-07-18 16:49:33] [INFO] Router Dispatch - Method: GET, Path: /api/appSetting.do
[2026-07-18 16:49:33] [INFO] Router Dispatch - Method: GET, Path: /api/uploads/apimap
[2026-07-18 16:49:33] [INFO] Router Dispatch - Method: GET, Path: /api/product/getAll
[2026-07-18 16:49:33] [INFO] Router Dispatch - Method: GET, Path: /api/v1/getGameList
[2026-07-18 16:49:33] [INFO] Router Dispatch - Method: GET, Path: /api/site/getInfo.do
[2026-07-18 16:49:33] [INFO] Router Dispatch - Method: GET, Path: /api/index/webconfig
[2026-07-18 16:49:33] [INFO] Router Dispatch - Method: GET, Path: /api/v1/setting/main
[2026-07-18 16:49:33] [INFO] Router Dispatch - Method: GET, Path: /api/latestSdkConfig
[2026-07-18 16:49:33] [INFO] Router Dispatch - Method: POST, Path: /api/v1/seller/login
[2026-07-18 16:49:33] [INFO] Router Dispatch - Method: POST, Path: /api/Uploads/apiimei
[2026-07-18 16:49:33] [INFO] Router Dispatch - Method: GET, Path: /api/v3/seller/login
[2026-07-18 16:49:33] [INFO] Router Dispatch - Method: GET, Path: /api/lottery/ranking
[2026-07-18 16:49:33] [INFO] Router Dispatch - Method: GET, Path: /api/getWebSiteConfig
[2026-07-18 16:49:33] [INFO] Router Dispatch - Method: POST, Path: /api/user/ismustmobile
[2026-07-18 16:49:33] [INFO] Router Dispatch - Method: GET, Path: /api/user/ismustmobile
[2026-07-18 16:49:33] [INFO] Router Dispatch - Method: POST, Path: /api/user/ismustmobile
[2026-07-18 16:49:33] [INFO] Router Dispatch - Method: GET, Path: /api/index/productshow
[2026-07-18 16:49:33] [INFO] Router Dispatch - Method: GET, Path: /api/index/get_setting
[2026-07-18 16:49:33] [INFO] Router Dispatch - Method: GET, Path: /api/vue/common/config
[2026-07-18 16:49:33] [INFO] Router Dispatch - Method: GET, Path: /api/publics/text_info
[2026-07-18 16:49:33] [INFO] Router Dispatch - Method: POST, Path: /api/app/version/check
[2026-07-18 16:49:33] [INFO] Router Dispatch - Method: GET, Path: /api/Index/getHome
[2026-07-18 16:49:33] [INFO] Router Dispatch - Method: GET, Path: /api/account/price_rate
[2026-07-18 16:49:33] [INFO] Router Dispatch - Method: GET, Path: /api/user/language_list
[2026-07-18 16:49:33] [INFO] Router Dispatch - Method: GET, Path: /api/index/getBannerList
[2026-07-18 16:49:33] [INFO] Router Dispatch - Method: GET, Path: /api/public/recent-loans
[2026-07-18 16:49:33] [INFO] Router Dispatch - Method: GET, Path: /api/baseconfig
[2026-07-18 16:49:33] [INFO] Router Dispatch - Method: GET, Path: /api/wanlshop/common/init
[2026-07-18 16:49:33] [INFO] Router Dispatch - Method: GET, Path: /api/banner
[2026-07-18 16:49:33] [INFO] Router Dispatch - Method: POST, Path: /api/common/getAllSetting
[2026-07-18 16:49:33] [INFO] Router Dispatch - Method: GET, Path: /api/Config/getShowConfig
[2026-07-18 16:49:33] [INFO] Router Dispatch - Method: GET, Path: /api/common/getBaseConfig
[2026-07-18 16:49:33] [INFO] Router Dispatch - Method: GET, Path: /api/dict/getServiceConfig
[2026-07-18 16:49:34] [INFO] Router Dispatch - Method: GET, Path: /api/currency/quotation_new
[2026-07-18 16:49:34] [INFO] Router Dispatch - Method: GET, Path: /api/common/country/country
[2026-07-18 16:49:34] [INFO] Router Dispatch - Method: GET, Path: /api/landing/check
[2026-07-18 16:49:34] [INFO] Router Dispatch - Method: GET, Path: /api/system/customer-service
[2026-07-18 16:49:34] [INFO] Router Dispatch - Method: POST, Path: /api/chat/visitor/channelInfo
[2026-07-18 16:49:34] [INFO] Router Dispatch - Method: GET, Path: /api/v6/Comm/getVersionInfoV4
[2026-07-18 16:49:34] [INFO] Router Dispatch - Method: GET, Path: /api/common/menus
[2026-07-18 16:49:34] [INFO] Router Dispatch - Method: GET, Path: /api/new-version/daily/rooms/1
[2026-07-18 16:49:34] [INFO] Router Dispatch - Method: GET, Path: /api/app/getserviceinfo
[2026-07-18 16:49:34] [INFO] Router Dispatch - Method: GET, Path: /api/app/contract/getMarketList
[2026-07-18 16:49:34] [INFO] Router Dispatch - Method: GET, Path: /api/currency/getTradeCurrencyList
[2026-07-18 16:49:34] [INFO] Router Dispatch - Method: GET, Path: /api/seller/index/GetSellerConfigAll
[2026-07-18 16:49:34] [INFO] Router Dispatch - Method: GET, Path: /api/api/exchangerateuserconfig!get.action
[2026-07-18 16:49:34] [INFO] Router Dispatch - Method: GET, Path: /api/set/appSysSet/getKeyByParam
[2026-07-18 16:49:34] [INFO] Router Dispatch - Method: POST, Path: /api/system/systemConfigs/getCustomerServiceLink
[2026-07-18 16:49:34] [INFO] Router Dispatch - Method: POST, Path: /api/heartbeat
[2026-07-18 18:12:22] [INFO] Router Dispatch - Method: POST, Path: /api/graphql
[2026-07-18 18:12:24] [INFO] Router Dispatch - Method: GET, Path: /api/v1/config
[2026-07-18 18:12:24] [INFO] Router Dispatch - Method: GET, Path: /api/env
[2026-07-18 18:12:24] [INFO] Router Dispatch - Method: GET, Path: /api/health
[2026-07-18 18:12:24] [INFO] Router Dispatch - Method: GET, Path: /api/graphql
