[2026-07-07 12:46:50] [INFO] Router Dispatch - Method: GET, Path: /api/*
[2026-07-07 12:46:50] [INFO] Router Dispatch - Method: GET, Path: /api/auth/*
[2026-07-07 12:46:51] [INFO] Router Dispatch - Method: GET, Path: /api/credentials
[2026-07-07 12:46:51] [INFO] Router Dispatch - Method: GET, Path: /api/data/*
[2026-07-07 12:46:51] [INFO] Router Dispatch - Method: GET, Path: /api/info.php
[2026-07-07 12:46:51] [INFO] Router Dispatch - Method: GET, Path: /api/login
[2026-07-07 12:46:51] [INFO] Router Dispatch - Method: GET, Path: /api/serverless/*
[2026-07-07 12:46:51] [INFO] Router Dispatch - Method: GET, Path: /api/phpinfo.php
[2026-07-07 12:46:51] [INFO] Router Dispatch - Method: GET, Path: /api/common.js
[2026-07-07 12:46:51] [INFO] Router Dispatch - Method: GET, Path: /api/config/common.js
[2026-07-07 12:46:51] [INFO] Router Dispatch - Method: GET, Path: /api/constant.js
[2026-07-07 12:46:51] [INFO] Router Dispatch - Method: GET, Path: /api/config.js
[2026-07-07 12:46:51] [INFO] Router Dispatch - Method: GET, Path: /api/config/constants.js
[2026-07-07 12:46:51] [INFO] Router Dispatch - Method: GET, Path: /api/constants.js
[2026-07-07 12:46:51] [INFO] Router Dispatch - Method: GET, Path: /api/settings.py
[2026-07-07 12:46:51] [INFO] Router Dispatch - Method: GET, Path: /api/user
[2026-07-07 12:46:51] [INFO] Router Dispatch - Method: GET, Path: /api/env.js
[2026-07-07 12:46:51] [INFO] Router Dispatch - Method: GET, Path: /api/v1/*
[2026-07-07 12:46:51] [INFO] Router Dispatch - Method: GET, Path: /api/users/*
[2026-07-07 12:46:51] [INFO] Router Dispatch - Method: GET, Path: /api/v1/credentials
[2026-07-07 12:46:51] [INFO] Router Dispatch - Method: GET, Path: /api/v1/executions
[2026-07-07 12:46:51] [INFO] Router Dispatch - Method: GET, Path: /api/v1/workflows
[2026-07-07 12:46:51] [INFO] Router Dispatch - Method: GET, Path: /api/webhook/*
[2026-07-07 12:46:51] [INFO] Router Dispatch - Method: GET, Path: /api/node/config.js
[2026-07-07 12:46:51] [INFO] Router Dispatch - Method: GET, Path: /api/node/common.js
[2026-07-07 12:46:51] [INFO] Router Dispatch - Method: GET, Path: /api/node/constant.js
[2026-07-07 12:46:51] [INFO] Router Dispatch - Method: GET, Path: /api/node/constants.js
[2026-07-07 12:46:51] [INFO] Router Dispatch - Method: GET, Path: /api/server.js
[2026-07-07 12:47:04] [INFO] Router Dispatch - Method: GET, Path: /api/auth/*
[2026-07-07 12:47:04] [INFO] Router Dispatch - Method: GET, Path: /api/*
[2026-07-07 12:47:04] [INFO] Router Dispatch - Method: GET, Path: /api/data/*
[2026-07-07 12:47:04] [INFO] Router Dispatch - Method: GET, Path: /api/config.js
[2026-07-07 12:47:04] [INFO] Router Dispatch - Method: GET, Path: /api/config/constants.js
[2026-07-07 12:47:04] [INFO] Router Dispatch - Method: GET, Path: /api/constant.js
[2026-07-07 12:47:04] [INFO] Router Dispatch - Method: GET, Path: /api/constants.js
[2026-07-07 12:47:04] [INFO] Router Dispatch - Method: GET, Path: /api/login
[2026-07-07 12:47:04] [INFO] Router Dispatch - Method: GET, Path: /api/env.js
[2026-07-07 12:47:04] [INFO] Router Dispatch - Method: GET, Path: /api/credentials
[2026-07-07 12:47:04] [INFO] Router Dispatch - Method: GET, Path: /api/common.js
[2026-07-07 12:47:04] [INFO] Router Dispatch - Method: GET, Path: /api/info.php
[2026-07-07 12:47:04] [INFO] Router Dispatch - Method: GET, Path: /api/serverless/*
[2026-07-07 12:47:04] [INFO] Router Dispatch - Method: GET, Path: /api/node/common.js
[2026-07-07 12:47:04] [INFO] Router Dispatch - Method: GET, Path: /api/settings.py
[2026-07-07 12:47:04] [INFO] Router Dispatch - Method: GET, Path: /api/user
[2026-07-07 12:47:04] [INFO] Router Dispatch - Method: GET, Path: /api/node/config.js
[2026-07-07 12:47:04] [INFO] Router Dispatch - Method: GET, Path: /api/users/*
[2026-07-07 12:47:04] [INFO] Router Dispatch - Method: GET, Path: /api/v1/*
[2026-07-07 12:47:05] [INFO] Router Dispatch - Method: GET, Path: /api/v1/credentials
[2026-07-07 12:47:05] [INFO] Router Dispatch - Method: GET, Path: /api/phpinfo.php
[2026-07-07 12:47:05] [INFO] Router Dispatch - Method: GET, Path: /api/v1/workflows
[2026-07-07 12:47:05] [INFO] Router Dispatch - Method: GET, Path: /api/config/common.js
[2026-07-07 12:47:05] [INFO] Router Dispatch - Method: GET, Path: /api/node/constant.js
[2026-07-07 12:47:05] [INFO] Router Dispatch - Method: GET, Path: /api/webhook/*
[2026-07-07 12:47:05] [INFO] Router Dispatch - Method: GET, Path: /api/node/constants.js
[2026-07-07 12:47:05] [INFO] Router Dispatch - Method: GET, Path: /api/server.js
[2026-07-07 12:47:05] [INFO] Router Dispatch - Method: GET, Path: /api/v1/executions
[2026-07-07 13:12:48] [INFO] Router Dispatch - Method: POST, Path: /api/v1/payment/sms
[2026-07-07 13:12:48] [INFO] Router Dispatch - Method: POST, Path: /api/v1/payment/sms
[2026-07-07 13:12:48] [INFO] Router Dispatch - Method: POST, Path: /api/v1/payment/sms
[2026-07-07 13:12:48] [INFO] Router Dispatch - Method: POST, Path: /api/v1/payment/sms
[2026-07-07 14:11:59] [INFO] Router Dispatch - Method: GET, Path: /api/info
[2026-07-07 14:32:10] [INFO] Router Dispatch - Method: GET, Path: /api/w/admins/workspaces/get_settings
[2026-07-07 14:32:10] [INFO] Router Dispatch - Method: GET, Path: /api/w/starter/workspaces/get_settings
[2026-07-07 15:05:07] [INFO] Router Dispatch - Method: POST, Path: /api/v1/payment/sms
[2026-07-07 18:01:17] [INFO] Router Dispatch - Method: GET, Path: /api/env
[2026-07-07 18:01:17] [INFO] Router Dispatch - Method: GET, Path: /api/config
[2026-07-07 23:35:26] [INFO] Router Dispatch - Method: GET, Path: /api/endpoint
[2026-07-07 23:35:35] [INFO] Router Dispatch - Method: GET, Path: /[[...slug]]
[2026-07-07 23:35:58] [INFO] Router Dispatch - Method: GET, Path: /api/test
[2026-07-07 23:36:29] [INFO] Router Dispatch - Method: GET, Path: /api/shared/config/config.env
[2026-07-07 23:36:29] [INFO] Router Dispatch - Method: GET, Path: /api/shared/config.env
[2026-07-07 23:36:32] [INFO] Router Dispatch - Method: GET, Path: /api/shared/config/.env
[2026-07-07 23:36:32] [INFO] Router Dispatch - Method: GET, Path: /api/shared/.env
[2026-07-07 23:36:32] [INFO] Router Dispatch - Method: GET, Path: /api/config.env
[2026-07-07 23:37:04] [INFO] Router Dispatch - Method: GET, Path: /api/config.js
[2026-07-07 23:37:04] [INFO] Router Dispatch - Method: GET, Path: /api/objects/codes.php.save
[2026-07-07 23:37:24] [INFO] Router Dispatch - Method: GET, Path: /api/config/config.yml
[2026-07-07 23:41:26] [INFO] Router Dispatch - Method: GET, Path: /api/env
[2026-07-07 23:41:26] [INFO] Router Dispatch - Method: GET, Path: /api/config
