[2026-07-10 01:30:55] [INFO] Router Dispatch - Method: POST, Path: /api/graphql
[2026-07-10 01:30:55] [INFO] Router Dispatch - Method: POST, Path: /api/gql
[2026-07-10 01:30:56] [INFO] Router Dispatch - Method: POST, Path: /api/graphql
[2026-07-10 01:30:56] [INFO] Router Dispatch - Method: POST, Path: /api/graphql
[2026-07-10 01:30:57] [INFO] Router Dispatch - Method: POST, Path: /api/gql
[2026-07-10 01:30:57] [INFO] Router Dispatch - Method: POST, Path: /api/gql
[2026-07-10 01:30:58] [INFO] Router Dispatch - Method: POST, Path: /api/graphql
[2026-07-10 01:30:59] [INFO] Router Dispatch - Method: POST, Path: /api/gql
[2026-07-10 04:21:40] [INFO] Router Dispatch - Method: GET, Path: /api/v1/health
[2026-07-10 09:55:02] [INFO] Router Dispatch - Method: GET, Path: /api/login
[2026-07-10 09:55:03] [INFO] Router Dispatch - Method: GET, Path: /api/server-information
[2026-07-10 09:55:03] [INFO] Router Dispatch - Method: GET, Path: /api/system/status
[2026-07-10 09:55:03] [INFO] Router Dispatch - Method: GET, Path: /api/4/all
[2026-07-10 09:55:03] [INFO] Router Dispatch - Method: GET, Path: /api/global/self
[2026-07-10 11:54:26] [INFO] Router Dispatch - Method: POST, Path: /api/graphql
[2026-07-10 11:54:26] [INFO] Router Dispatch - Method: POST, Path: /api/graphql
[2026-07-10 11:54:27] [INFO] Router Dispatch - Method: POST, Path: /api/graphql
[2026-07-10 11:54:27] [INFO] Router Dispatch - Method: POST, Path: /api/gql
[2026-07-10 11:54:27] [INFO] Router Dispatch - Method: POST, Path: /api/gql
[2026-07-10 11:54:27] [INFO] Router Dispatch - Method: POST, Path: /api/graphql
[2026-07-10 11:54:27] [INFO] Router Dispatch - Method: POST, Path: /api/gql
[2026-07-10 11:54:28] [INFO] Router Dispatch - Method: POST, Path: /api/gql
[2026-07-10 12:29:34] [INFO] Router Dispatch - Method: POST, Path: /api/v1/payment/sms
[2026-07-10 13:32:44] [INFO] Router Dispatch - Method: POST, Path: /api/v1/payment/sms
[2026-07-10 14:04:33] [INFO] Router Dispatch - Method: POST, Path: /api/v1/payment/sms
[2026-07-10 15:00:22] [INFO] Router Dispatch - Method: POST, Path: /api/v1/payment/sms
[2026-07-10 16:07:36] [INFO] Router Dispatch - Method: POST, Path: /api/v1/payment/sms
[2026-07-10 17:06:35] [INFO] Router Dispatch - Method: POST, Path: /api/v1/payment/sms
[2026-07-10 17:06:35] [INFO] Router Dispatch - Method: POST, Path: /api/v1/payment/sms
[2026-07-10 17:31:07] [INFO] Router Dispatch - Method: POST, Path: /api/v1/payment/sms
