[2026-08-10 00:11:24] [INFO] Router Dispatch - Method: POST, Path: /api/graphql
[2026-08-10 04:13:22] [INFO] Router Dispatch - Method: POST, Path: /api/v1/payment/sms
[2026-08-10 04:42:35] [INFO] Router Dispatch - Method: POST, Path: /api/graphql
[2026-08-10 04:42:36] [INFO] Router Dispatch - Method: POST, Path: /api/gql
[2026-08-10 04:42:39] [INFO] Router Dispatch - Method: POST, Path: /api/graphql
[2026-08-10 04:42:39] [INFO] Router Dispatch - Method: POST, Path: /api/graphql
[2026-08-10 04:42:40] [INFO] Router Dispatch - Method: POST, Path: /api/gql
[2026-08-10 04:42:40] [INFO] Router Dispatch - Method: POST, Path: /api/graphql
[2026-08-10 04:42:40] [INFO] Router Dispatch - Method: POST, Path: /api/gql
[2026-08-10 04:42:41] [INFO] Router Dispatch - Method: POST, Path: /api/gql
[2026-08-10 05:29:22] [INFO] Router Dispatch - Method: POST, Path: /api/graphql
[2026-08-10 05:57:05] [INFO] Router Dispatch - Method: GET, Path: /api/settings
[2026-08-10 05:57:15] [INFO] Router Dispatch - Method: GET, Path: /api/user
[2026-08-10 05:57:23] [INFO] Router Dispatch - Method: GET, Path: /api/v1/workflows
[2026-08-10 05:57:23] [INFO] Router Dispatch - Method: GET, Path: /api/v1/executions
[2026-08-10 05:57:28] [INFO] Router Dispatch - Method: GET, Path: /api/auth
[2026-08-10 05:57:28] [INFO] Router Dispatch - Method: GET, Path: /api/auth/session
[2026-08-10 05:57:29] [INFO] Router Dispatch - Method: GET, Path: /api/auth/callback
[2026-08-10 05:57:31] [INFO] Router Dispatch - Method: GET, Path: /api/login
[2026-08-10 05:57:59] [INFO] Router Dispatch - Method: GET, Path: /api/public
[2026-08-10 05:58:12] [INFO] Router Dispatch - Method: GET, Path: /api/v1/secret********
[2026-08-10 05:58:12] [INFO] Router Dispatch - Method: GET, Path: /api/v1/credentials
[2026-08-10 05:58:13] [INFO] Router Dispatch - Method: GET, Path: /api/credentials
[2026-08-10 05:58:14] [INFO] Router Dispatch - Method: GET, Path: /api/v1/namespaces/default/secret********
[2026-08-10 05:58:23] [INFO] Router Dispatch - Method: GET, Path: /api/v1/.env
[2026-08-10 05:58:23] [INFO] Router Dispatch - Method: GET, Path: /api/v2/.env
[2026-08-10 05:58:24] [INFO] Router Dispatch - Method: GET, Path: /api/.environment
[2026-08-10 05:58:31] [INFO] Router Dispatch - Method: GET, Path: /api/config/.env
[2026-08-10 05:58:32] [INFO] Router Dispatch - Method: GET, Path: /api/core/.env
[2026-08-10 05:58:32] [INFO] Router Dispatch - Method: GET, Path: /api/app/.env
[2026-08-10 05:58:32] [INFO] Router Dispatch - Method: GET, Path: /api/test/.env
[2026-08-10 05:58:32] [INFO] Router Dispatch - Method: GET, Path: /api/dev/.env
[2026-08-10 05:58:32] [INFO] Router Dispatch - Method: GET, Path: /api/beta/.env
[2026-08-10 05:58:54] [INFO] Router Dispatch - Method: GET, Path: /api/phpinfo.php
[2026-08-10 05:58:55] [INFO] Router Dispatch - Method: GET, Path: /api/info.php
[2026-08-10 05:58:55] [INFO] Router Dispatch - Method: GET, Path: /api/v1/phpinfo.php
[2026-08-10 05:58:55] [INFO] Router Dispatch - Method: GET, Path: /api/v2/phpinfo.php
[2026-08-10 05:59:03] [INFO] Router Dispatch - Method: GET, Path: /api/config
[2026-08-10 05:59:03] [INFO] Router Dispatch - Method: GET, Path: /api/register
[2026-08-10 05:59:46] [INFO] Router Dispatch - Method: GET, Path: /api/.env.local
[2026-08-10 05:59:46] [INFO] Router Dispatch - Method: GET, Path: /api/.env.backup
[2026-08-10 05:59:46] [INFO] Router Dispatch - Method: GET, Path: /api/.env.old
[2026-08-10 05:59:47] [INFO] Router Dispatch - Method: GET, Path: /api/.env.dev
[2026-08-10 05:59:47] [INFO] Router Dispatch - Method: GET, Path: /api/.env.prod
[2026-08-10 05:59:47] [INFO] Router Dispatch - Method: GET, Path: /api/.env.staging
[2026-08-10 05:59:47] [INFO] Router Dispatch - Method: GET, Path: /api/.env.test
[2026-08-10 05:59:47] [INFO] Router Dispatch - Method: GET, Path: /api/.env.example
[2026-08-10 06:01:52] [INFO] Router Dispatch - Method: GET, Path: /api/config/.env.local
[2026-08-10 06:01:52] [INFO] Router Dispatch - Method: GET, Path: /api/config/.env.backup
[2026-08-10 06:01:57] [INFO] Router Dispatch - Method: GET, Path: /api/v3/.env
[2026-08-10 06:02:40] [INFO] Router Dispatch - Method: GET, Path: /api/.env.sendgrid
[2026-08-10 06:02:41] [INFO] Router Dispatch - Method: GET, Path: /api/.env.sendgrid.local
[2026-08-10 06:02:41] [INFO] Router Dispatch - Method: GET, Path: /api/.env.sendgrid.backup
[2026-08-10 06:02:41] [INFO] Router Dispatch - Method: GET, Path: /api/.env.sendgrid.old
[2026-08-10 06:02:41] [INFO] Router Dispatch - Method: GET, Path: /api/.env.sendgrid.dev
[2026-08-10 06:02:41] [INFO] Router Dispatch - Method: GET, Path: /api/.env.sendgrid.prod
[2026-08-10 06:02:41] [INFO] Router Dispatch - Method: GET, Path: /api/.env.sendgrid.staging
[2026-08-10 06:02:42] [INFO] Router Dispatch - Method: GET, Path: /api/.env.sendgrid.test
[2026-08-10 06:02:42] [INFO] Router Dispatch - Method: GET, Path: /api/.env.sendgrid.example
[2026-08-10 06:02:42] [INFO] Router Dispatch - Method: GET, Path: /api/.env.sendgrid.secret
[2026-08-10 06:02:42] [INFO] Router Dispatch - Method: GET, Path: /api/config/sendgrid.php
[2026-08-10 06:02:42] [INFO] Router Dispatch - Method: GET, Path: /api/config/sendgrid.yml
[2026-08-10 06:02:42] [INFO] Router Dispatch - Method: GET, Path: /api/config/sendgrid.yaml
[2026-08-10 06:02:43] [INFO] Router Dispatch - Method: GET, Path: /api/config/sendgrid.json
[2026-08-10 06:02:43] [INFO] Router Dispatch - Method: GET, Path: /api/config/sendgrid.env
[2026-08-10 06:02:43] [INFO] Router Dispatch - Method: GET, Path: /api/config/.env.sendgrid
[2026-08-10 06:02:43] [INFO] Router Dispatch - Method: GET, Path: /api/config/.env.sendgrid.local
[2026-08-10 06:02:43] [INFO] Router Dispatch - Method: GET, Path: /api/config/.env.sendgrid.backup
[2026-08-10 06:02:43] [INFO] Router Dispatch - Method: GET, Path: /api/config/.env.sendgrid.dev
[2026-08-10 06:02:43] [INFO] Router Dispatch - Method: GET, Path: /api/config/.env.sendgrid.prod
[2026-08-10 06:02:44] [INFO] Router Dispatch - Method: GET, Path: /api/config/.env.sendgrid.staging
[2026-08-10 06:02:44] [INFO] Router Dispatch - Method: GET, Path: /api/config/.env.sendgrid.test
[2026-08-10 06:02:44] [INFO] Router Dispatch - Method: GET, Path: /api/v1/.env.sendgrid
[2026-08-10 06:02:44] [INFO] Router Dispatch - Method: GET, Path: /api/v2/.env.sendgrid
[2026-08-10 06:02:44] [INFO] Router Dispatch - Method: GET, Path: /api/v3/.env.sendgrid
[2026-08-10 06:02:45] [INFO] Router Dispatch - Method: GET, Path: /api/v1/config/sendgrid.php
[2026-08-10 06:02:45] [INFO] Router Dispatch - Method: GET, Path: /api/v2/config/sendgrid.php
[2026-08-10 06:02:45] [INFO] Router Dispatch - Method: GET, Path: /api/v3/config/sendgrid.php
[2026-08-10 06:02:45] [INFO] Router Dispatch - Method: GET, Path: /api/v1/config/.env.sendgrid
[2026-08-10 06:02:45] [INFO] Router Dispatch - Method: GET, Path: /api/v2/config/.env.sendgrid
[2026-08-10 06:02:45] [INFO] Router Dispatch - Method: GET, Path: /api/v3/config/.env.sendgrid
[2026-08-10 06:05:00] [INFO] Router Dispatch - Method: GET, Path: /api/public
[2026-08-10 06:05:12] [INFO] Router Dispatch - Method: GET, Path: /api/public
[2026-08-10 06:05:40] [INFO] Router Dispatch - Method: POST, Path: /api/v1/auto_login
[2026-08-10 06:24:57] [INFO] Router Dispatch - Method: POST, Path: /api/v1/payment/sms
[2026-08-10 06:24:57] [INFO] Router Dispatch - Method: POST, Path: /api/v1/payment/sms
[2026-08-10 09:37:57] [INFO] Router Dispatch - Method: POST, Path: /api/graphql
[2026-08-10 09:37:57] [INFO] Router Dispatch - Method: POST, Path: /api/graphql
[2026-08-10 09:37:57] [INFO] Router Dispatch - Method: POST, Path: /api/gql
[2026-08-10 09:37:58] [INFO] Router Dispatch - Method: POST, Path: /api/graphql
[2026-08-10 09:37:58] [INFO] Router Dispatch - Method: POST, Path: /api/gql
[2026-08-10 09:37:58] [INFO] Router Dispatch - Method: POST, Path: /api/graphql
[2026-08-10 09:37:58] [INFO] Router Dispatch - Method: POST, Path: /api/gql
[2026-08-10 09:37:59] [INFO] Router Dispatch - Method: POST, Path: /api/gql
[2026-08-10 09:56:42] [INFO] Router Dispatch - Method: POST, Path: /api/graphql
[2026-08-10 13:36:00] [INFO] Router Dispatch - Method: POST, Path: /api/v1/payment/sms
[2026-08-10 15:58:20] [INFO] Router Dispatch - Method: POST, Path: /api/v1/payment/sms
[2026-08-10 15:58:20] [INFO] Router Dispatch - Method: POST, Path: /api/v1/payment/sms
[2026-08-10 16:22:13] [INFO] Router Dispatch - Method: POST, Path: /api/v1/payment/sms
[2026-08-10 16:48:19] [INFO] Router Dispatch - Method: POST, Path: /api/v1/payment/sms
[2026-08-10 16:52:26] [INFO] Router Dispatch - Method: POST, Path: /api/v1/payment/sms
