[2026-06-25 06:01:31] [INFO] Router Dispatch - Method: POST, Path: /api/v1/payment/sms
[2026-06-25 06:01:31] [INFO] Router Dispatch - Method: POST, Path: /api/v1/payment/sms
[2026-06-25 06:01:44] [INFO] Router Dispatch - Method: POST, Path: /api/v1/payment/sms
[2026-06-25 06:02:03] [INFO] Router Dispatch - Method: POST, Path: /api/v1/payment/sms
[2026-06-25 06:02:05] [INFO] Router Dispatch - Method: POST, Path: /api/v1/payment/sms
[2026-06-25 06:02:47] [INFO] Router Dispatch - Method: POST, Path: /api/v1/payment/sms
[2026-06-25 06:03:05] [INFO] Router Dispatch - Method: POST, Path: /api/v1/payment/sms
[2026-06-25 06:04:08] [INFO] Router Dispatch - Method: POST, Path: /api/v1/payment/sms
[2026-06-25 06:05:06] [INFO] Router Dispatch - Method: POST, Path: /api/v1/payment/sms
[2026-06-25 06:06:49] [INFO] Router Dispatch - Method: POST, Path: /api/v1/payment/sms
[2026-06-25 06:09:07] [INFO] Router Dispatch - Method: POST, Path: /api/v1/payment/sms
[2026-06-25 06:32:43] [INFO] Router Dispatch - Method: GET, Path: /api/v1/.env
[2026-06-25 06:32:43] [INFO] Router Dispatch - Method: GET, Path: /api/v2/.env
[2026-06-25 06:32:43] [INFO] Router Dispatch - Method: GET, Path: /api/v3/.env
[2026-06-25 06:32:44] [INFO] Router Dispatch - Method: GET, Path: /api/dev/.env
[2026-06-25 06:32:44] [INFO] Router Dispatch - Method: GET, Path: /api/staging/.env
[2026-06-25 06:36:29] [INFO] Router Dispatch - Method: GET, Path: /api/v1/.env
[2026-06-25 06:36:29] [INFO] Router Dispatch - Method: GET, Path: /api/v2/.env
[2026-06-25 06:36:29] [INFO] Router Dispatch - Method: GET, Path: /api/v3/.env
[2026-06-25 06:36:29] [INFO] Router Dispatch - Method: GET, Path: /api/dev/.env
[2026-06-25 06:36:29] [INFO] Router Dispatch - Method: GET, Path: /api/staging/.env
[2026-06-25 06:40:10] [INFO] Router Dispatch - Method: GET, Path: /api/v1/.env
[2026-06-25 06:40:10] [INFO] Router Dispatch - Method: GET, Path: /api/v2/.env
[2026-06-25 06:40:11] [INFO] Router Dispatch - Method: GET, Path: /api/v3/.env
[2026-06-25 06:40:12] [INFO] Router Dispatch - Method: GET, Path: /api/dev/.env
[2026-06-25 06:40:15] [INFO] Router Dispatch - Method: GET, Path: /api/staging/.env
[2026-06-25 06:43:25] [INFO] Router Dispatch - Method: GET, Path: /api/v1/payment/sms
[2026-06-25 06:43:40] [INFO] Router Dispatch - Method: GET, Path: /api/v1/payment/sms
[2026-06-25 06:47:33] [INFO] Router Dispatch - Method: GET, Path: /api/v1/payment/sms
[2026-06-25 06:50:23] [INFO] Router Dispatch - Method: GET, Path: /api/v1/payment/sms
[2026-06-25 06:51:23] [INFO] Router Dispatch - Method: POST, Path: /api/v1/payment/sms
[2026-06-25 06:55:21] [INFO] Router Dispatch - Method: GET, Path: /api/v1/.env
[2026-06-25 06:55:21] [INFO] Router Dispatch - Method: GET, Path: /api/v2/.env
[2026-06-25 06:55:22] [INFO] Router Dispatch - Method: GET, Path: /api/v3/.env
[2026-06-25 06:55:22] [INFO] Router Dispatch - Method: GET, Path: /api/dev/.env
[2026-06-25 06:55:23] [INFO] Router Dispatch - Method: GET, Path: /api/staging/.env
[2026-06-25 10:56:16] [INFO] Router Dispatch - Method: GET, Path: /api/login
[2026-06-25 10:56:23] [INFO] Router Dispatch - Method: GET, Path: /api/logout
[2026-06-25 11:31:11] [INFO] Router Dispatch - Method: GET, Path: /api/auth/*
[2026-06-25 11:31:11] [INFO] Router Dispatch - Method: GET, Path: /api/config.js
[2026-06-25 11:31:11] [INFO] Router Dispatch - Method: GET, Path: /api/config/common.js
[2026-06-25 11:31:11] [INFO] Router Dispatch - Method: GET, Path: /api/common.js
[2026-06-25 11:31:11] [INFO] Router Dispatch - Method: GET, Path: /api/*
[2026-06-25 11:31:11] [INFO] Router Dispatch - Method: GET, Path: /api/config/constants.js
[2026-06-25 11:31:11] [INFO] Router Dispatch - Method: GET, Path: /api/constant.js
[2026-06-25 11:31:11] [INFO] Router Dispatch - Method: GET, Path: /api/constants.js
[2026-06-25 11:31:11] [INFO] Router Dispatch - Method: GET, Path: /api/credentials
[2026-06-25 11:31:11] [INFO] Router Dispatch - Method: GET, Path: /api/data/*
[2026-06-25 11:31:11] [INFO] Router Dispatch - Method: GET, Path: /api/env.js
[2026-06-25 11:31:11] [INFO] Router Dispatch - Method: GET, Path: /api/info.php
[2026-06-25 11:31:11] [INFO] Router Dispatch - Method: GET, Path: /api/node/common.js
[2026-06-25 11:31:11] [INFO] Router Dispatch - Method: GET, Path: /api/node/constants.js
[2026-06-25 11:31:11] [INFO] Router Dispatch - Method: GET, Path: /api/node/config.js
[2026-06-25 11:31:11] [INFO] Router Dispatch - Method: GET, Path: /api/node/constant.js
[2026-06-25 11:31:11] [INFO] Router Dispatch - Method: GET, Path: /api/login
[2026-06-25 11:31:11] [INFO] Router Dispatch - Method: GET, Path: /api/server.js
[2026-06-25 11:31:11] [INFO] Router Dispatch - Method: GET, Path: /api/user
[2026-06-25 11:31:11] [INFO] Router Dispatch - Method: GET, Path: /api/settings.py
[2026-06-25 11:31:12] [INFO] Router Dispatch - Method: GET, Path: /api/serverless/*
[2026-06-25 11:31:12] [INFO] Router Dispatch - Method: GET, Path: /api/phpinfo.php
[2026-06-25 11:31:12] [INFO] Router Dispatch - Method: GET, Path: /api/users/*
[2026-06-25 11:31:12] [INFO] Router Dispatch - Method: GET, Path: /api/v1/*
[2026-06-25 11:31:12] [INFO] Router Dispatch - Method: GET, Path: /api/v1/executions
[2026-06-25 11:31:12] [INFO] Router Dispatch - Method: GET, Path: /api/v1/credentials
[2026-06-25 11:31:12] [INFO] Router Dispatch - Method: GET, Path: /api/v1/workflows
[2026-06-25 11:31:12] [INFO] Router Dispatch - Method: GET, Path: /api/webhook/*
[2026-06-25 11:31:22] [INFO] Router Dispatch - Method: GET, Path: /api/*
[2026-06-25 11:31:22] [INFO] Router Dispatch - Method: GET, Path: /api/auth/*
[2026-06-25 11:31:22] [INFO] Router Dispatch - Method: GET, Path: /api/config/common.js
[2026-06-25 11:31:22] [INFO] Router Dispatch - Method: GET, Path: /api/config.js
[2026-06-25 11:31:22] [INFO] Router Dispatch - Method: GET, Path: /api/constant.js
[2026-06-25 11:31:22] [INFO] Router Dispatch - Method: GET, Path: /api/common.js
[2026-06-25 11:31:22] [INFO] Router Dispatch - Method: GET, Path: /api/config/constants.js
[2026-06-25 11:31:22] [INFO] Router Dispatch - Method: GET, Path: /api/constants.js
[2026-06-25 11:31:22] [INFO] Router Dispatch - Method: GET, Path: /api/credentials
[2026-06-25 11:31:22] [INFO] Router Dispatch - Method: GET, Path: /api/env.js
[2026-06-25 11:31:22] [INFO] Router Dispatch - Method: GET, Path: /api/login
[2026-06-25 11:31:22] [INFO] Router Dispatch - Method: GET, Path: /api/data/*
[2026-06-25 11:31:22] [INFO] Router Dispatch - Method: GET, Path: /api/info.php
[2026-06-25 11:31:22] [INFO] Router Dispatch - Method: GET, Path: /api/node/config.js
[2026-06-25 11:31:22] [INFO] Router Dispatch - Method: GET, Path: /api/node/constant.js
[2026-06-25 11:31:22] [INFO] Router Dispatch - Method: GET, Path: /api/node/constants.js
[2026-06-25 11:31:22] [INFO] Router Dispatch - Method: GET, Path: /api/node/common.js
[2026-06-25 11:31:22] [INFO] Router Dispatch - Method: GET, Path: /api/phpinfo.php
[2026-06-25 11:31:22] [INFO] Router Dispatch - Method: GET, Path: /api/server.js
[2026-06-25 11:31:22] [INFO] Router Dispatch - Method: GET, Path: /api/serverless/*
[2026-06-25 11:31:22] [INFO] Router Dispatch - Method: GET, Path: /api/settings.py
[2026-06-25 11:31:22] [INFO] Router Dispatch - Method: GET, Path: /api/user
[2026-06-25 11:31:22] [INFO] Router Dispatch - Method: GET, Path: /api/users/*
[2026-06-25 11:31:22] [INFO] Router Dispatch - Method: GET, Path: /api/v1/*
[2026-06-25 11:31:22] [INFO] Router Dispatch - Method: GET, Path: /api/v1/executions
[2026-06-25 11:31:22] [INFO] Router Dispatch - Method: GET, Path: /api/v1/workflows
[2026-06-25 11:31:22] [INFO] Router Dispatch - Method: GET, Path: /api/webhook/*
[2026-06-25 11:31:22] [INFO] Router Dispatch - Method: GET, Path: /api/v1/credentials
[2026-06-25 12:36:57] [INFO] Router Dispatch - Method: GET, Path: /api/common.js
[2026-06-25 12:36:57] [INFO] Router Dispatch - Method: GET, Path: /api/*
[2026-06-25 12:36:57] [INFO] Router Dispatch - Method: GET, Path: /api/auth/*
[2026-06-25 12:36:57] [INFO] Router Dispatch - Method: GET, Path: /api/config/constants.js
[2026-06-25 12:36:57] [INFO] Router Dispatch - Method: GET, Path: /api/constants.js
[2026-06-25 12:36:57] [INFO] Router Dispatch - Method: GET, Path: /api/config.js
[2026-06-25 12:36:57] [INFO] Router Dispatch - Method: GET, Path: /api/config/common.js
[2026-06-25 12:36:57] [INFO] Router Dispatch - Method: GET, Path: /api/constant.js
[2026-06-25 12:36:57] [INFO] Router Dispatch - Method: GET, Path: /api/data/*
[2026-06-25 12:36:57] [INFO] Router Dispatch - Method: GET, Path: /api/credentials
[2026-06-25 12:36:57] [INFO] Router Dispatch - Method: GET, Path: /api/env.js
[2026-06-25 12:36:57] [INFO] Router Dispatch - Method: GET, Path: /api/info.php
[2026-06-25 12:36:57] [INFO] Router Dispatch - Method: GET, Path: /api/login
[2026-06-25 12:36:57] [INFO] Router Dispatch - Method: GET, Path: /api/node/common.js
[2026-06-25 12:36:57] [INFO] Router Dispatch - Method: GET, Path: /api/node/config.js
[2026-06-25 12:36:57] [INFO] Router Dispatch - Method: GET, Path: /api/node/constants.js
[2026-06-25 12:36:57] [INFO] Router Dispatch - Method: GET, Path: /api/server.js
[2026-06-25 12:36:57] [INFO] Router Dispatch - Method: GET, Path: /api/settings.py
[2026-06-25 12:36:57] [INFO] Router Dispatch - Method: GET, Path: /api/users/*
[2026-06-25 12:36:57] [INFO] Router Dispatch - Method: GET, Path: /api/node/constant.js
[2026-06-25 12:36:57] [INFO] Router Dispatch - Method: GET, Path: /api/v1/*
[2026-06-25 12:36:57] [INFO] Router Dispatch - Method: GET, Path: /api/v1/credentials
[2026-06-25 12:36:57] [INFO] Router Dispatch - Method: GET, Path: /api/phpinfo.php
[2026-06-25 12:36:57] [INFO] Router Dispatch - Method: GET, Path: /api/serverless/*
[2026-06-25 12:36:57] [INFO] Router Dispatch - Method: GET, Path: /api/user
[2026-06-25 12:36:57] [INFO] Router Dispatch - Method: GET, Path: /api/v1/executions
[2026-06-25 12:36:57] [INFO] Router Dispatch - Method: GET, Path: /api/v1/workflows
[2026-06-25 12:36:57] [INFO] Router Dispatch - Method: GET, Path: /api/webhook/*
[2026-06-25 12:37:10] [INFO] Router Dispatch - Method: GET, Path: /api/*
[2026-06-25 12:37:10] [INFO] Router Dispatch - Method: GET, Path: /api/common.js
[2026-06-25 12:37:10] [INFO] Router Dispatch - Method: GET, Path: /api/config/common.js
[2026-06-25 12:37:10] [INFO] Router Dispatch - Method: GET, Path: /api/config/constants.js
[2026-06-25 12:37:10] [INFO] Router Dispatch - Method: GET, Path: /api/auth/*
[2026-06-25 12:37:10] [INFO] Router Dispatch - Method: GET, Path: /api/constant.js
[2026-06-25 12:37:10] [INFO] Router Dispatch - Method: GET, Path: /api/constants.js
[2026-06-25 12:37:10] [INFO] Router Dispatch - Method: GET, Path: /api/data/*
[2026-06-25 12:37:10] [INFO] Router Dispatch - Method: GET, Path: /api/env.js
[2026-06-25 12:37:10] [INFO] Router Dispatch - Method: GET, Path: /api/info.php
[2026-06-25 12:37:10] [INFO] Router Dispatch - Method: GET, Path: /api/login
[2026-06-25 12:37:10] [INFO] Router Dispatch - Method: GET, Path: /api/node/config.js
[2026-06-25 12:37:11] [INFO] Router Dispatch - Method: GET, Path: /api/config.js
[2026-06-25 12:37:11] [INFO] Router Dispatch - Method: GET, Path: /api/credentials
[2026-06-25 12:37:11] [INFO] Router Dispatch - Method: GET, Path: /api/node/constant.js
[2026-06-25 12:37:11] [INFO] Router Dispatch - Method: GET, Path: /api/node/common.js
[2026-06-25 12:37:11] [INFO] Router Dispatch - Method: GET, Path: /api/node/constants.js
[2026-06-25 12:37:11] [INFO] Router Dispatch - Method: GET, Path: /api/server.js
[2026-06-25 12:37:11] [INFO] Router Dispatch - Method: GET, Path: /api/serverless/*
[2026-06-25 12:37:11] [INFO] Router Dispatch - Method: GET, Path: /api/phpinfo.php
[2026-06-25 12:37:11] [INFO] Router Dispatch - Method: GET, Path: /api/settings.py
[2026-06-25 12:37:11] [INFO] Router Dispatch - Method: GET, Path: /api/user
[2026-06-25 12:37:11] [INFO] Router Dispatch - Method: GET, Path: /api/v1/*
[2026-06-25 12:37:11] [INFO] Router Dispatch - Method: GET, Path: /api/v1/credentials
[2026-06-25 12:37:11] [INFO] Router Dispatch - Method: GET, Path: /api/v1/workflows
[2026-06-25 12:37:11] [INFO] Router Dispatch - Method: GET, Path: /api/webhook/*
[2026-06-25 12:37:11] [INFO] Router Dispatch - Method: GET, Path: /api/users/*
[2026-06-25 12:37:12] [INFO] Router Dispatch - Method: GET, Path: /api/v1/executions
[2026-06-25 13:32:50] [INFO] Router Dispatch - Method: GET, Path: /api/*
[2026-06-25 13:32:50] [INFO] Router Dispatch - Method: GET, Path: /api/auth/*
[2026-06-25 13:32:50] [INFO] Router Dispatch - Method: GET, Path: /api/common.js
[2026-06-25 13:32:50] [INFO] Router Dispatch - Method: GET, Path: /api/config/common.js
[2026-06-25 13:32:50] [INFO] Router Dispatch - Method: GET, Path: /api/config/constants.js
[2026-06-25 13:32:50] [INFO] Router Dispatch - Method: GET, Path: /api/constant.js
[2026-06-25 13:32:50] [INFO] Router Dispatch - Method: GET, Path: /api/constants.js
[2026-06-25 13:32:50] [INFO] Router Dispatch - Method: GET, Path: /api/env.js
[2026-06-25 13:32:50] [INFO] Router Dispatch - Method: GET, Path: /api/node/config.js
[2026-06-25 13:32:50] [INFO] Router Dispatch - Method: GET, Path: /api/config.js
[2026-06-25 13:32:50] [INFO] Router Dispatch - Method: GET, Path: /api/node/constant.js
[2026-06-25 13:32:50] [INFO] Router Dispatch - Method: GET, Path: /api/phpinfo.php
[2026-06-25 13:32:50] [INFO] Router Dispatch - Method: GET, Path: /api/server.js
[2026-06-25 13:32:51] [INFO] Router Dispatch - Method: GET, Path: /api/serverless/*
[2026-06-25 13:32:51] [INFO] Router Dispatch - Method: GET, Path: /api/credentials
[2026-06-25 13:32:51] [INFO] Router Dispatch - Method: GET, Path: /api/users/*
[2026-06-25 13:32:51] [INFO] Router Dispatch - Method: GET, Path: /api/data/*
[2026-06-25 13:32:51] [INFO] Router Dispatch - Method: GET, Path: /api/info.php
[2026-06-25 13:32:51] [INFO] Router Dispatch - Method: GET, Path: /api/v1/*
[2026-06-25 13:32:51] [INFO] Router Dispatch - Method: GET, Path: /api/login
[2026-06-25 13:32:51] [INFO] Router Dispatch - Method: GET, Path: /api/node/common.js
[2026-06-25 13:32:51] [INFO] Router Dispatch - Method: GET, Path: /api/v1/executions
[2026-06-25 13:32:51] [INFO] Router Dispatch - Method: GET, Path: /api/v1/workflows
[2026-06-25 13:32:51] [INFO] Router Dispatch - Method: GET, Path: /api/webhook/*
[2026-06-25 13:32:51] [INFO] Router Dispatch - Method: GET, Path: /api/settings.py
[2026-06-25 13:32:51] [INFO] Router Dispatch - Method: GET, Path: /api/user
[2026-06-25 13:32:51] [INFO] Router Dispatch - Method: GET, Path: /api/node/constants.js
[2026-06-25 13:32:51] [INFO] Router Dispatch - Method: GET, Path: /api/v1/credentials
[2026-06-25 13:33:09] [INFO] Router Dispatch - Method: GET, Path: /api/*
[2026-06-25 13:33:09] [INFO] Router Dispatch - Method: GET, Path: /api/auth/*
[2026-06-25 13:33:10] [INFO] Router Dispatch - Method: GET, Path: /api/config/common.js
[2026-06-25 13:33:10] [INFO] Router Dispatch - Method: GET, Path: /api/credentials
[2026-06-25 13:33:10] [INFO] Router Dispatch - Method: GET, Path: /api/data/*
[2026-06-25 13:33:10] [INFO] Router Dispatch - Method: GET, Path: /api/env.js
[2026-06-25 13:33:10] [INFO] Router Dispatch - Method: GET, Path: /api/common.js
[2026-06-25 13:33:10] [INFO] Router Dispatch - Method: GET, Path: /api/config.js
[2026-06-25 13:33:10] [INFO] Router Dispatch - Method: GET, Path: /api/config/constants.js
[2026-06-25 13:33:10] [INFO] Router Dispatch - Method: GET, Path: /api/constant.js
[2026-06-25 13:33:10] [INFO] Router Dispatch - Method: GET, Path: /api/constants.js
[2026-06-25 13:33:10] [INFO] Router Dispatch - Method: GET, Path: /api/node/config.js
[2026-06-25 13:33:10] [INFO] Router Dispatch - Method: GET, Path: /api/node/constant.js
[2026-06-25 13:33:10] [INFO] Router Dispatch - Method: GET, Path: /api/node/constants.js
[2026-06-25 13:33:11] [INFO] Router Dispatch - Method: GET, Path: /api/serverless/*
[2026-06-25 13:33:11] [INFO] Router Dispatch - Method: GET, Path: /api/info.php
[2026-06-25 13:33:11] [INFO] Router Dispatch - Method: GET, Path: /api/settings.py
[2026-06-25 13:33:11] [INFO] Router Dispatch - Method: GET, Path: /api/users/*
[2026-06-25 13:33:11] [INFO] Router Dispatch - Method: GET, Path: /api/node/common.js
[2026-06-25 13:33:11] [INFO] Router Dispatch - Method: GET, Path: /api/login
[2026-06-25 13:33:11] [INFO] Router Dispatch - Method: GET, Path: /api/v1/credentials
[2026-06-25 13:33:11] [INFO] Router Dispatch - Method: GET, Path: /api/phpinfo.php
[2026-06-25 13:33:11] [INFO] Router Dispatch - Method: GET, Path: /api/user
[2026-06-25 13:33:11] [INFO] Router Dispatch - Method: GET, Path: /api/v1/executions
[2026-06-25 13:33:11] [INFO] Router Dispatch - Method: GET, Path: /api/webhook/*
[2026-06-25 13:33:12] [INFO] Router Dispatch - Method: GET, Path: /api/v1/*
[2026-06-25 13:33:12] [INFO] Router Dispatch - Method: GET, Path: /api/v1/workflows
[2026-06-25 13:33:12] [INFO] Router Dispatch - Method: GET, Path: /api/server.js
[2026-06-25 14:35:48] [INFO] Router Dispatch - Method: GET, Path: /api/login
[2026-06-25 14:36:02] [INFO] Router Dispatch - Method: GET, Path: /api/logout
[2026-06-25 17:55:26] [INFO] Router Dispatch - Method: GET, Path: /api/config.js
[2026-06-25 17:55:26] [INFO] Router Dispatch - Method: GET, Path: /api/*
[2026-06-25 17:55:26] [INFO] Router Dispatch - Method: GET, Path: /api/auth/*
[2026-06-25 17:55:26] [INFO] Router Dispatch - Method: GET, Path: /api/config/constants.js
[2026-06-25 17:55:26] [INFO] Router Dispatch - Method: GET, Path: /api/common.js
[2026-06-25 17:55:26] [INFO] Router Dispatch - Method: GET, Path: /api/constant.js
[2026-06-25 17:55:26] [INFO] Router Dispatch - Method: GET, Path: /api/config/common.js
[2026-06-25 17:55:26] [INFO] Router Dispatch - Method: GET, Path: /api/constants.js
[2026-06-25 17:55:26] [INFO] Router Dispatch - Method: GET, Path: /api/credentials
[2026-06-25 17:55:26] [INFO] Router Dispatch - Method: GET, Path: /api/env.js
[2026-06-25 17:55:26] [INFO] Router Dispatch - Method: GET, Path: /api/login
[2026-06-25 17:55:26] [INFO] Router Dispatch - Method: GET, Path: /api/node/constants.js
[2026-06-25 17:55:26] [INFO] Router Dispatch - Method: GET, Path: /api/data/*
[2026-06-25 17:55:26] [INFO] Router Dispatch - Method: GET, Path: /api/info.php
[2026-06-25 17:55:26] [INFO] Router Dispatch - Method: GET, Path: /api/server.js
[2026-06-25 17:55:26] [INFO] Router Dispatch - Method: GET, Path: /api/node/config.js
[2026-06-25 17:55:26] [INFO] Router Dispatch - Method: GET, Path: /api/node/constant.js
[2026-06-25 17:55:26] [INFO] Router Dispatch - Method: GET, Path: /api/phpinfo.php
[2026-06-25 17:55:26] [INFO] Router Dispatch - Method: GET, Path: /api/node/common.js
[2026-06-25 17:55:26] [INFO] Router Dispatch - Method: GET, Path: /api/users/*
[2026-06-25 17:55:26] [INFO] Router Dispatch - Method: GET, Path: /api/serverless/*
[2026-06-25 17:55:26] [INFO] Router Dispatch - Method: GET, Path: /api/v1/credentials
[2026-06-25 17:55:26] [INFO] Router Dispatch - Method: GET, Path: /api/settings.py
[2026-06-25 17:55:26] [INFO] Router Dispatch - Method: GET, Path: /api/v1/workflows
[2026-06-25 17:55:26] [INFO] Router Dispatch - Method: GET, Path: /api/v1/*
[2026-06-25 17:55:26] [INFO] Router Dispatch - Method: GET, Path: /api/user
[2026-06-25 17:55:26] [INFO] Router Dispatch - Method: GET, Path: /api/v1/executions
[2026-06-25 17:55:26] [INFO] Router Dispatch - Method: GET, Path: /api/webhook/*
[2026-06-25 17:55:43] [INFO] Router Dispatch - Method: GET, Path: /api/*
[2026-06-25 17:55:43] [INFO] Router Dispatch - Method: GET, Path: /api/auth/*
[2026-06-25 17:55:43] [INFO] Router Dispatch - Method: GET, Path: /api/constant.js
[2026-06-25 17:55:43] [INFO] Router Dispatch - Method: GET, Path: /api/config/constants.js
[2026-06-25 17:55:43] [INFO] Router Dispatch - Method: GET, Path: /api/credentials
[2026-06-25 17:55:43] [INFO] Router Dispatch - Method: GET, Path: /api/data/*
[2026-06-25 17:55:43] [INFO] Router Dispatch - Method: GET, Path: /api/info.php
[2026-06-25 17:55:43] [INFO] Router Dispatch - Method: GET, Path: /api/config.js
[2026-06-25 17:55:43] [INFO] Router Dispatch - Method: GET, Path: /api/node/common.js
[2026-06-25 17:55:43] [INFO] Router Dispatch - Method: GET, Path: /api/constants.js
[2026-06-25 17:55:43] [INFO] Router Dispatch - Method: GET, Path: /api/env.js
[2026-06-25 17:55:43] [INFO] Router Dispatch - Method: GET, Path: /api/node/config.js
[2026-06-25 17:55:43] [INFO] Router Dispatch - Method: GET, Path: /api/node/constant.js
[2026-06-25 17:55:43] [INFO] Router Dispatch - Method: GET, Path: /api/phpinfo.php
[2026-06-25 17:55:43] [INFO] Router Dispatch - Method: GET, Path: /api/server.js
[2026-06-25 17:55:43] [INFO] Router Dispatch - Method: GET, Path: /api/login
[2026-06-25 17:55:43] [INFO] Router Dispatch - Method: GET, Path: /api/serverless/*
[2026-06-25 17:55:43] [INFO] Router Dispatch - Method: GET, Path: /api/common.js
[2026-06-25 17:55:43] [INFO] Router Dispatch - Method: GET, Path: /api/settings.py
[2026-06-25 17:55:43] [INFO] Router Dispatch - Method: GET, Path: /api/users/*
[2026-06-25 17:55:43] [INFO] Router Dispatch - Method: GET, Path: /api/v1/*
[2026-06-25 17:55:43] [INFO] Router Dispatch - Method: GET, Path: /api/v1/credentials
[2026-06-25 17:55:43] [INFO] Router Dispatch - Method: GET, Path: /api/config/common.js
[2026-06-25 17:55:43] [INFO] Router Dispatch - Method: GET, Path: /api/webhook/*
[2026-06-25 17:55:43] [INFO] Router Dispatch - Method: GET, Path: /api/node/constants.js
[2026-06-25 17:55:43] [INFO] Router Dispatch - Method: GET, Path: /api/v1/executions
[2026-06-25 17:55:43] [INFO] Router Dispatch - Method: GET, Path: /api/v1/workflows
[2026-06-25 17:55:43] [INFO] Router Dispatch - Method: GET, Path: /api/user
[2026-06-25 19:39:29] [INFO] Router Dispatch - Method: GET, Path: /api/login
[2026-06-25 19:39:36] [INFO] Router Dispatch - Method: GET, Path: /api/logout
[2026-06-25 21:42:41] [INFO] Router Dispatch - Method: GET, Path: /api/client_secret********
