[2026-07-19 04:46:05] [INFO] Router Dispatch - Method: POST, Path: /api/v1/payment/sms
[2026-07-19 05:29:44] [INFO] Router Dispatch - Method: POST, Path: /api/v1/payment/sms
[2026-07-19 08:13:39] [INFO] Router Dispatch - Method: POST, Path: /api/v1/payment/sms
[2026-07-19 09:07:55] [INFO] Router Dispatch - Method: GET, Path: /api/telescope/requests
[2026-07-19 09:10:46] [INFO] Router Dispatch - Method: GET, Path: /.env
[2026-07-19 09:42:12] [INFO] Router Dispatch - Method: GET, Path: /api/user
[2026-07-19 10:52:22] [INFO] Router Dispatch - Method: POST, Path: /api/v1/payment/sms
[2026-07-19 11:12:44] [INFO] Router Dispatch - Method: GET, Path: /api/im/v2/app/config
[2026-07-19 11:12:44] [INFO] Router Dispatch - Method: GET, Path: /api/c/a
[2026-07-19 11:12:44] [INFO] Router Dispatch - Method: POST, Path: /api/init
[2026-07-19 11:12:44] [INFO] Router Dispatch - Method: GET, Path: /api/config
[2026-07-19 11:12:44] [INFO] Router Dispatch - Method: GET, Path: /api/events
[2026-07-19 11:12:44] [INFO] Router Dispatch - Method: GET, Path: /api/sys/info
[2026-07-19 11:12:44] [INFO] Router Dispatch - Method: GET, Path: /api/v1/config
[2026-07-19 11:12:44] [INFO] Router Dispatch - Method: GET, Path: /api/room/join
[2026-07-19 11:12:44] [INFO] Router Dispatch - Method: GET, Path: /api/user/time
[2026-07-19 11:12:44] [INFO] Router Dispatch - Method: GET, Path: /api/stock/one
[2026-07-19 11:12:45] [INFO] Router Dispatch - Method: GET, Path: /api/shop/getKF
[2026-07-19 11:12:45] [INFO] Router Dispatch - Method: GET, Path: /api/index/init
[2026-07-19 11:12:45] [INFO] Router Dispatch - Method: POST, Path: /api/app/config
[2026-07-19 11:12:45] [INFO] Router Dispatch - Method: GET, Path: /api/siteConfig
[2026-07-19 11:12:45] [INFO] Router Dispatch - Method: GET, Path: /api/home-links
[2026-07-19 11:12:45] [INFO] Router Dispatch - Method: GET, Path: /api/apps/config
[2026-07-19 11:12:45] [INFO] Router Dispatch - Method: GET, Path: /api/index/index
[2026-07-19 11:12:45] [INFO] Router Dispatch - Method: GET, Path: /api/Event/basic
[2026-07-19 11:12:45] [INFO] Router Dispatch - Method: GET, Path: /api/front/index
[2026-07-19 11:12:45] [INFO] Router Dispatch - Method: GET, Path: /api/common/init
[2026-07-19 11:12:45] [INFO] Router Dispatch - Method: POST, Path: /api/link-submit
[2026-07-19 11:12:45] [INFO] Router Dispatch - Method: GET, Path: /api/user/config
[2026-07-19 11:12:45] [INFO] Router Dispatch - Method: GET, Path: /api/users/login
[2026-07-19 11:12:45] [INFO] Router Dispatch - Method: GET, Path: /api/index/goods
[2026-07-19 11:12:45] [INFO] Router Dispatch - Method: GET, Path: /api/index/config
[2026-07-19 11:12:45] [INFO] Router Dispatch - Method: GET, Path: /api/product/list
[2026-07-19 11:12:45] [INFO] Router Dispatch - Method: GET, Path: /api/lottery/list
[2026-07-19 11:12:45] [INFO] Router Dispatch - Method: GET, Path: /api/app/indexList
[2026-07-19 11:12:45] [INFO] Router Dispatch - Method: GET, Path: /api/common/config
[2026-07-19 11:12:45] [INFO] Router Dispatch - Method: GET, Path: /api/Home/videoNew
[2026-07-19 11:12:45] [INFO] Router Dispatch - Method: GET, Path: /api/system/config
[2026-07-19 11:12:45] [INFO] Router Dispatch - Method: GET, Path: /api/get/getnotice
[2026-07-19 11:12:45] [INFO] Router Dispatch - Method: GET, Path: /api/appSetting.do
[2026-07-19 11:12:45] [INFO] Router Dispatch - Method: GET, Path: /api/uploads/apimap
[2026-07-19 11:12:45] [INFO] Router Dispatch - Method: GET, Path: /api/product/getAll
[2026-07-19 11:12:45] [INFO] Router Dispatch - Method: GET, Path: /api/v1/getGameList
[2026-07-19 11:12:45] [INFO] Router Dispatch - Method: GET, Path: /api/site/getInfo.do
[2026-07-19 11:12:45] [INFO] Router Dispatch - Method: GET, Path: /api/index/webconfig
[2026-07-19 11:12:45] [INFO] Router Dispatch - Method: GET, Path: /api/v1/setting/main
[2026-07-19 11:12:45] [INFO] Router Dispatch - Method: GET, Path: /api/latestSdkConfig
[2026-07-19 11:12:45] [INFO] Router Dispatch - Method: POST, Path: /api/v1/seller/login
[2026-07-19 11:12:45] [INFO] Router Dispatch - Method: GET, Path: /api/v3/seller/login
[2026-07-19 11:12:45] [INFO] Router Dispatch - Method: POST, Path: /api/Uploads/apiimei
[2026-07-19 11:12:45] [INFO] Router Dispatch - Method: GET, Path: /api/lottery/ranking
[2026-07-19 11:12:46] [INFO] Router Dispatch - Method: GET, Path: /api/getWebSiteConfig
[2026-07-19 11:12:46] [INFO] Router Dispatch - Method: GET, Path: /api/user/ismustmobile
[2026-07-19 11:12:46] [INFO] Router Dispatch - Method: POST, Path: /api/user/ismustmobile
[2026-07-19 11:12:46] [INFO] Router Dispatch - Method: POST, Path: /api/user/ismustmobile
[2026-07-19 11:12:46] [INFO] Router Dispatch - Method: GET, Path: /api/index/productshow
[2026-07-19 11:12:46] [INFO] Router Dispatch - Method: GET, Path: /api/vue/common/config
[2026-07-19 11:12:46] [INFO] Router Dispatch - Method: GET, Path: /api/index/get_setting
[2026-07-19 11:12:46] [INFO] Router Dispatch - Method: GET, Path: /api/publics/text_info
[2026-07-19 11:12:46] [INFO] Router Dispatch - Method: POST, Path: /api/app/version/check
[2026-07-19 11:12:46] [INFO] Router Dispatch - Method: GET, Path: /api/Index/getHome
[2026-07-19 11:12:46] [INFO] Router Dispatch - Method: GET, Path: /api/user/language_list
[2026-07-19 11:12:46] [INFO] Router Dispatch - Method: GET, Path: /api/account/price_rate
[2026-07-19 11:12:46] [INFO] Router Dispatch - Method: GET, Path: /api/index/getBannerList
[2026-07-19 11:12:46] [INFO] Router Dispatch - Method: GET, Path: /api/public/recent-loans
[2026-07-19 11:12:46] [INFO] Router Dispatch - Method: GET, Path: /api/baseconfig
[2026-07-19 11:12:46] [INFO] Router Dispatch - Method: GET, Path: /api/wanlshop/common/init
[2026-07-19 11:12:46] [INFO] Router Dispatch - Method: GET, Path: /api/banner
[2026-07-19 11:12:46] [INFO] Router Dispatch - Method: POST, Path: /api/common/getAllSetting
[2026-07-19 11:12:46] [INFO] Router Dispatch - Method: GET, Path: /api/Config/getShowConfig
[2026-07-19 11:12:46] [INFO] Router Dispatch - Method: GET, Path: /api/common/getBaseConfig
[2026-07-19 11:12:46] [INFO] Router Dispatch - Method: GET, Path: /api/dict/getServiceConfig
[2026-07-19 11:12:46] [INFO] Router Dispatch - Method: GET, Path: /api/currency/quotation_new
[2026-07-19 11:12:46] [INFO] Router Dispatch - Method: GET, Path: /api/landing/check
[2026-07-19 11:12:46] [INFO] Router Dispatch - Method: GET, Path: /api/common/country/country
[2026-07-19 11:12:46] [INFO] Router Dispatch - Method: GET, Path: /api/system/customer-service
[2026-07-19 11:12:46] [INFO] Router Dispatch - Method: POST, Path: /api/chat/visitor/channelInfo
[2026-07-19 11:12:46] [INFO] Router Dispatch - Method: GET, Path: /api/v6/Comm/getVersionInfoV4
[2026-07-19 11:12:46] [INFO] Router Dispatch - Method: GET, Path: /api/common/menus
[2026-07-19 11:12:46] [INFO] Router Dispatch - Method: GET, Path: /api/new-version/daily/rooms/1
[2026-07-19 11:12:47] [INFO] Router Dispatch - Method: GET, Path: /api/app/getserviceinfo
[2026-07-19 11:12:47] [INFO] Router Dispatch - Method: GET, Path: /api/app/contract/getMarketList
[2026-07-19 11:12:47] [INFO] Router Dispatch - Method: GET, Path: /api/currency/getTradeCurrencyList
[2026-07-19 11:12:47] [INFO] Router Dispatch - Method: GET, Path: /api/seller/index/GetSellerConfigAll
[2026-07-19 11:12:47] [INFO] Router Dispatch - Method: GET, Path: /api/api/exchangerateuserconfig!get.action
[2026-07-19 11:12:47] [INFO] Router Dispatch - Method: GET, Path: /api/set/appSysSet/getKeyByParam
[2026-07-19 11:12:47] [INFO] Router Dispatch - Method: POST, Path: /api/system/systemConfigs/getCustomerServiceLink
[2026-07-19 11:12:47] [INFO] Router Dispatch - Method: POST, Path: /api/heartbeat
[2026-07-19 11:12:49] [INFO] Router Dispatch - Method: GET, Path: /api/im/v2/app/config
[2026-07-19 11:12:49] [INFO] Router Dispatch - Method: GET, Path: /api/c/a
[2026-07-19 11:12:49] [INFO] Router Dispatch - Method: POST, Path: /api/init
[2026-07-19 11:12:49] [INFO] Router Dispatch - Method: GET, Path: /api/config
[2026-07-19 11:12:49] [INFO] Router Dispatch - Method: GET, Path: /api/events
[2026-07-19 11:12:49] [INFO] Router Dispatch - Method: GET, Path: /api/sys/info
[2026-07-19 11:12:49] [INFO] Router Dispatch - Method: GET, Path: /api/v1/config
[2026-07-19 11:12:49] [INFO] Router Dispatch - Method: GET, Path: /api/room/join
[2026-07-19 11:12:49] [INFO] Router Dispatch - Method: GET, Path: /api/user/time
[2026-07-19 11:12:49] [INFO] Router Dispatch - Method: GET, Path: /api/stock/one
[2026-07-19 11:12:50] [INFO] Router Dispatch - Method: GET, Path: /api/index/init
[2026-07-19 11:12:50] [INFO] Router Dispatch - Method: GET, Path: /api/shop/getKF
[2026-07-19 11:12:50] [INFO] Router Dispatch - Method: POST, Path: /api/app/config
[2026-07-19 11:12:50] [INFO] Router Dispatch - Method: GET, Path: /api/siteConfig
[2026-07-19 11:12:50] [INFO] Router Dispatch - Method: GET, Path: /api/home-links
[2026-07-19 11:12:50] [INFO] Router Dispatch - Method: GET, Path: /api/apps/config
[2026-07-19 11:12:50] [INFO] Router Dispatch - Method: GET, Path: /api/index/index
[2026-07-19 11:12:50] [INFO] Router Dispatch - Method: GET, Path: /api/Event/basic
[2026-07-19 11:12:50] [INFO] Router Dispatch - Method: GET, Path: /api/front/index
[2026-07-19 11:12:50] [INFO] Router Dispatch - Method: GET, Path: /api/common/init
[2026-07-19 11:12:50] [INFO] Router Dispatch - Method: POST, Path: /api/link-submit
[2026-07-19 11:12:50] [INFO] Router Dispatch - Method: GET, Path: /api/users/login
[2026-07-19 11:12:50] [INFO] Router Dispatch - Method: GET, Path: /api/user/config
[2026-07-19 11:12:50] [INFO] Router Dispatch - Method: GET, Path: /api/index/goods
[2026-07-19 11:12:50] [INFO] Router Dispatch - Method: GET, Path: /api/index/config
[2026-07-19 11:12:50] [INFO] Router Dispatch - Method: GET, Path: /api/product/list
[2026-07-19 11:12:50] [INFO] Router Dispatch - Method: GET, Path: /api/lottery/list
[2026-07-19 11:12:50] [INFO] Router Dispatch - Method: GET, Path: /api/app/indexList
[2026-07-19 11:12:50] [INFO] Router Dispatch - Method: GET, Path: /api/common/config
[2026-07-19 11:12:50] [INFO] Router Dispatch - Method: GET, Path: /api/Home/videoNew
[2026-07-19 11:12:50] [INFO] Router Dispatch - Method: GET, Path: /api/get/getnotice
[2026-07-19 11:12:50] [INFO] Router Dispatch - Method: GET, Path: /api/system/config
[2026-07-19 11:12:50] [INFO] Router Dispatch - Method: GET, Path: /api/appSetting.do
[2026-07-19 11:12:50] [INFO] Router Dispatch - Method: GET, Path: /api/uploads/apimap
[2026-07-19 11:12:50] [INFO] Router Dispatch - Method: GET, Path: /api/product/getAll
[2026-07-19 11:12:50] [INFO] Router Dispatch - Method: GET, Path: /api/v1/getGameList
[2026-07-19 11:12:50] [INFO] Router Dispatch - Method: GET, Path: /api/site/getInfo.do
[2026-07-19 11:12:50] [INFO] Router Dispatch - Method: GET, Path: /api/index/webconfig
[2026-07-19 11:12:50] [INFO] Router Dispatch - Method: GET, Path: /api/v1/setting/main
[2026-07-19 11:12:50] [INFO] Router Dispatch - Method: GET, Path: /api/latestSdkConfig
[2026-07-19 11:12:50] [INFO] Router Dispatch - Method: POST, Path: /api/v1/seller/login
[2026-07-19 11:12:50] [INFO] Router Dispatch - Method: GET, Path: /api/v3/seller/login
[2026-07-19 11:12:50] [INFO] Router Dispatch - Method: POST, Path: /api/Uploads/apiimei
[2026-07-19 11:12:51] [INFO] Router Dispatch - Method: GET, Path: /api/lottery/ranking
[2026-07-19 11:12:51] [INFO] Router Dispatch - Method: GET, Path: /api/getWebSiteConfig
[2026-07-19 11:12:51] [INFO] Router Dispatch - Method: GET, Path: /api/user/ismustmobile
[2026-07-19 11:12:51] [INFO] Router Dispatch - Method: POST, Path: /api/user/ismustmobile
[2026-07-19 11:12:51] [INFO] Router Dispatch - Method: POST, Path: /api/user/ismustmobile
[2026-07-19 11:12:51] [INFO] Router Dispatch - Method: GET, Path: /api/index/productshow
[2026-07-19 11:12:51] [INFO] Router Dispatch - Method: GET, Path: /api/index/get_setting
[2026-07-19 11:12:51] [INFO] Router Dispatch - Method: GET, Path: /api/vue/common/config
[2026-07-19 11:12:51] [INFO] Router Dispatch - Method: GET, Path: /api/publics/text_info
[2026-07-19 11:12:51] [INFO] Router Dispatch - Method: POST, Path: /api/app/version/check
[2026-07-19 11:12:51] [INFO] Router Dispatch - Method: GET, Path: /api/Index/getHome
[2026-07-19 11:12:51] [INFO] Router Dispatch - Method: GET, Path: /api/account/price_rate
[2026-07-19 11:12:51] [INFO] Router Dispatch - Method: GET, Path: /api/user/language_list
[2026-07-19 11:12:51] [INFO] Router Dispatch - Method: GET, Path: /api/index/getBannerList
[2026-07-19 11:12:51] [INFO] Router Dispatch - Method: GET, Path: /api/public/recent-loans
[2026-07-19 11:12:51] [INFO] Router Dispatch - Method: GET, Path: /api/baseconfig
[2026-07-19 11:12:51] [INFO] Router Dispatch - Method: GET, Path: /api/wanlshop/common/init
[2026-07-19 11:12:51] [INFO] Router Dispatch - Method: GET, Path: /api/banner
[2026-07-19 11:12:51] [INFO] Router Dispatch - Method: GET, Path: /api/Config/getShowConfig
[2026-07-19 11:12:51] [INFO] Router Dispatch - Method: POST, Path: /api/common/getAllSetting
[2026-07-19 11:12:51] [INFO] Router Dispatch - Method: GET, Path: /api/common/getBaseConfig
[2026-07-19 11:12:51] [INFO] Router Dispatch - Method: GET, Path: /api/dict/getServiceConfig
[2026-07-19 11:12:51] [INFO] Router Dispatch - Method: GET, Path: /api/currency/quotation_new
[2026-07-19 11:12:51] [INFO] Router Dispatch - Method: GET, Path: /api/landing/check
[2026-07-19 11:12:51] [INFO] Router Dispatch - Method: GET, Path: /api/common/country/country
[2026-07-19 11:12:51] [INFO] Router Dispatch - Method: GET, Path: /api/system/customer-service
[2026-07-19 11:12:52] [INFO] Router Dispatch - Method: GET, Path: /api/v6/Comm/getVersionInfoV4
[2026-07-19 11:12:52] [INFO] Router Dispatch - Method: POST, Path: /api/chat/visitor/channelInfo
[2026-07-19 11:12:52] [INFO] Router Dispatch - Method: GET, Path: /api/common/menus
[2026-07-19 11:12:52] [INFO] Router Dispatch - Method: GET, Path: /api/new-version/daily/rooms/1
[2026-07-19 11:12:52] [INFO] Router Dispatch - Method: GET, Path: /api/app/getserviceinfo
[2026-07-19 11:12:52] [INFO] Router Dispatch - Method: GET, Path: /api/app/contract/getMarketList
[2026-07-19 11:12:52] [INFO] Router Dispatch - Method: GET, Path: /api/currency/getTradeCurrencyList
[2026-07-19 11:12:52] [INFO] Router Dispatch - Method: GET, Path: /api/seller/index/GetSellerConfigAll
[2026-07-19 11:12:52] [INFO] Router Dispatch - Method: GET, Path: /api/api/exchangerateuserconfig!get.action
[2026-07-19 11:12:52] [INFO] Router Dispatch - Method: GET, Path: /api/set/appSysSet/getKeyByParam
[2026-07-19 11:12:52] [INFO] Router Dispatch - Method: POST, Path: /api/system/systemConfigs/getCustomerServiceLink
[2026-07-19 11:12:53] [INFO] Router Dispatch - Method: POST, Path: /api/heartbeat
[2026-07-19 12:55:30] [INFO] Router Dispatch - Method: POST, Path: /api/v1/payment/sms
[2026-07-19 14:42:10] [INFO] Router Dispatch - Method: POST, Path: /api/v1/payment/sms
[2026-07-19 16:06:58] [INFO] Router Dispatch - Method: POST, Path: /api/v1/payment/sms
[2026-07-19 17:21:55] [INFO] Router Dispatch - Method: POST, Path: /api/v1/payment/sms
