[2026-06-22 00:25:52] [INFO] Router Dispatch - Method: GET, Path: /api/shared/.env
[2026-06-22 00:25:53] [INFO] Router Dispatch - Method: GET, Path: /api/shared/config.env
[2026-06-22 00:25:53] [INFO] Router Dispatch - Method: GET, Path: /api/v2/.env
[2026-06-22 00:26:19] [INFO] Router Dispatch - Method: GET, Path: /api/app/.env
[2026-06-22 00:26:19] [INFO] Router Dispatch - Method: GET, Path: /api/beta/.env
[2026-06-22 00:26:19] [INFO] Router Dispatch - Method: GET, Path: /api/config/.env
[2026-06-22 00:26:20] [INFO] Router Dispatch - Method: GET, Path: /api/dev/.env
[2026-06-22 00:26:20] [INFO] Router Dispatch - Method: GET, Path: /api/test/.env
[2026-06-22 00:26:20] [INFO] Router Dispatch - Method: GET, Path: /api/v1/.env
[2026-06-22 00:26:20] [INFO] Router Dispatch - Method: GET, Path: /api/v2/.env
[2026-06-22 00:26:48] [INFO] Router Dispatch - Method: GET, Path: /api/credentials
[2026-06-22 00:26:48] [INFO] Router Dispatch - Method: GET, Path: /api/keys
[2026-06-22 00:26:48] [INFO] Router Dispatch - Method: GET, Path: /api/secret********
[2026-06-22 00:26:48] [INFO] Router Dispatch - Method: GET, Path: /api/token********
[2026-06-22 00:26:49] [INFO] Router Dispatch - Method: GET, Path: /api/v1/secret********
[2026-06-22 00:27:24] [INFO] Router Dispatch - Method: GET, Path: /api/phpinfo.php
[2026-06-22 00:27:24] [INFO] Router Dispatch - Method: GET, Path: /api/v1/phpinfo.php
[2026-06-22 00:27:25] [INFO] Router Dispatch - Method: GET, Path: /api/v2/phpinfo.php
[2026-06-22 00:27:39] [INFO] Router Dispatch - Method: GET, Path: /api/openapi.json
[2026-06-22 00:27:39] [INFO] Router Dispatch - Method: GET, Path: /api/swagger.json
[2026-06-22 00:27:40] [INFO] Router Dispatch - Method: GET, Path: /api/swagger.yaml
[2026-06-22 00:27:40] [INFO] Router Dispatch - Method: GET, Path: /api/v1/swagger.json
[2026-06-22 00:27:40] [INFO] Router Dispatch - Method: GET, Path: /api/v2/swagger.json
[2026-06-22 00:27:42] [INFO] Router Dispatch - Method: GET, Path: /api/config
[2026-06-22 00:27:42] [INFO] Router Dispatch - Method: GET, Path: /api/env
[2026-06-22 00:27:42] [INFO] Router Dispatch - Method: GET, Path: /api/environment
[2026-06-22 00:27:42] [INFO] Router Dispatch - Method: GET, Path: /api/version
[2026-06-22 00:27:43] [INFO] Router Dispatch - Method: GET, Path: /api/graphql
[2026-06-22 00:28:16] [INFO] Router Dispatch - Method: GET, Path: /api/v1/credentials
[2026-06-22 00:28:16] [INFO] Router Dispatch - Method: GET, Path: /api/v1/namespaces/default/secret********
[2026-06-22 00:30:08] [INFO] Router Dispatch - Method: GET, Path: /api/gcp_credentials.json.prod
[2026-06-22 00:31:33] [INFO] Router Dispatch - Method: GET, Path: /api/credentials.json_development
[2026-06-22 00:33:17] [INFO] Router Dispatch - Method: GET, Path: /api/config.xml_development
[2026-06-22 00:34:20] [INFO] Router Dispatch - Method: GET, Path: /api/config/tsconfig.json
[2026-06-22 00:35:58] [INFO] Router Dispatch - Method: GET, Path: /api/next.config.js._
[2026-06-22 00:36:52] [INFO] Router Dispatch - Method: GET, Path: /api/.dockerignore20240101
[2026-06-22 00:37:03] [INFO] Router Dispatch - Method: GET, Path: /api/database.yml.dev
[2026-06-22 00:37:47] [INFO] Router Dispatch - Method: POST, Path: /api/auth
[2026-06-22 00:37:48] [INFO] Router Dispatch - Method: POST, Path: /api/auth/callback
[2026-06-22 00:37:48] [INFO] Router Dispatch - Method: POST, Path: /api/auth/session
[2026-06-22 05:04:03] [INFO] Router Dispatch - Method: GET, Path: /api/*
[2026-06-22 05:04:03] [INFO] Router Dispatch - Method: GET, Path: /api/auth/*
[2026-06-22 05:04:03] [INFO] Router Dispatch - Method: GET, Path: /api/credentials
[2026-06-22 05:04:04] [INFO] Router Dispatch - Method: GET, Path: /api/data/*
[2026-06-22 05:04:04] [INFO] Router Dispatch - Method: GET, Path: /api/info.php
[2026-06-22 05:04:04] [INFO] Router Dispatch - Method: GET, Path: /api/login
[2026-06-22 05:04:04] [INFO] Router Dispatch - Method: GET, Path: /api/common.js
[2026-06-22 05:04:04] [INFO] Router Dispatch - Method: GET, Path: /api/phpinfo.php
[2026-06-22 05:04:04] [INFO] Router Dispatch - Method: GET, Path: /api/serverless/*
[2026-06-22 05:04:04] [INFO] Router Dispatch - Method: GET, Path: /api/config/common.js
[2026-06-22 05:04:04] [INFO] Router Dispatch - Method: GET, Path: /api/config.js
[2026-06-22 05:04:04] [INFO] Router Dispatch - Method: GET, Path: /api/config/constants.js
[2026-06-22 05:04:04] [INFO] Router Dispatch - Method: GET, Path: /api/constant.js
[2026-06-22 05:04:04] [INFO] Router Dispatch - Method: GET, Path: /api/constants.js
[2026-06-22 05:04:04] [INFO] Router Dispatch - Method: GET, Path: /api/user
[2026-06-22 05:04:04] [INFO] Router Dispatch - Method: GET, Path: /api/settings.py
[2026-06-22 05:04:04] [INFO] Router Dispatch - Method: GET, Path: /api/users/*
[2026-06-22 05:04:04] [INFO] Router Dispatch - Method: GET, Path: /api/env.js
[2026-06-22 05:04:04] [INFO] Router Dispatch - Method: GET, Path: /api/v1/*
[2026-06-22 05:04:04] [INFO] Router Dispatch - Method: GET, Path: /api/v1/credentials
[2026-06-22 05:04:04] [INFO] Router Dispatch - Method: GET, Path: /api/v1/executions
[2026-06-22 05:04:04] [INFO] Router Dispatch - Method: GET, Path: /api/webhook/*
[2026-06-22 05:04:04] [INFO] Router Dispatch - Method: GET, Path: /api/v1/workflows
[2026-06-22 05:04:04] [INFO] Router Dispatch - Method: GET, Path: /api/node/config.js
[2026-06-22 05:04:04] [INFO] Router Dispatch - Method: GET, Path: /api/node/common.js
[2026-06-22 05:04:04] [INFO] Router Dispatch - Method: GET, Path: /api/node/constant.js
[2026-06-22 05:04:04] [INFO] Router Dispatch - Method: GET, Path: /api/node/constants.js
[2026-06-22 05:04:04] [INFO] Router Dispatch - Method: GET, Path: /api/server.js
[2026-06-22 05:04:14] [INFO] Router Dispatch - Method: GET, Path: /api/auth/*
[2026-06-22 05:04:14] [INFO] Router Dispatch - Method: GET, Path: /api/*
[2026-06-22 05:04:14] [INFO] Router Dispatch - Method: GET, Path: /api/credentials
[2026-06-22 05:04:14] [INFO] Router Dispatch - Method: GET, Path: /api/data/*
[2026-06-22 05:04:14] [INFO] Router Dispatch - Method: GET, Path: /api/login
[2026-06-22 05:04:14] [INFO] Router Dispatch - Method: GET, Path: /api/common.js
[2026-06-22 05:04:14] [INFO] Router Dispatch - Method: GET, Path: /api/info.php
[2026-06-22 05:04:14] [INFO] Router Dispatch - Method: GET, Path: /api/config/common.js
[2026-06-22 05:04:14] [INFO] Router Dispatch - Method: GET, Path: /api/config/constants.js
[2026-06-22 05:04:14] [INFO] Router Dispatch - Method: GET, Path: /api/constants.js
[2026-06-22 05:04:14] [INFO] Router Dispatch - Method: GET, Path: /api/env.js
[2026-06-22 05:04:14] [INFO] Router Dispatch - Method: GET, Path: /api/constant.js
[2026-06-22 05:04:14] [INFO] Router Dispatch - Method: GET, Path: /api/config.js
[2026-06-22 05:04:14] [INFO] Router Dispatch - Method: GET, Path: /api/serverless/*
[2026-06-22 05:04:14] [INFO] Router Dispatch - Method: GET, Path: /api/node/common.js
[2026-06-22 05:04:14] [INFO] Router Dispatch - Method: GET, Path: /api/node/config.js
[2026-06-22 05:04:14] [INFO] Router Dispatch - Method: GET, Path: /api/phpinfo.php
[2026-06-22 05:04:14] [INFO] Router Dispatch - Method: GET, Path: /api/settings.py
[2026-06-22 05:04:14] [INFO] Router Dispatch - Method: GET, Path: /api/node/constants.js
[2026-06-22 05:04:14] [INFO] Router Dispatch - Method: GET, Path: /api/user
[2026-06-22 05:04:14] [INFO] Router Dispatch - Method: GET, Path: /api/users/*
[2026-06-22 05:04:14] [INFO] Router Dispatch - Method: GET, Path: /api/node/constant.js
[2026-06-22 05:04:14] [INFO] Router Dispatch - Method: GET, Path: /api/v1/*
[2026-06-22 05:04:14] [INFO] Router Dispatch - Method: GET, Path: /api/v1/credentials
[2026-06-22 05:04:14] [INFO] Router Dispatch - Method: GET, Path: /api/v1/workflows
[2026-06-22 05:04:14] [INFO] Router Dispatch - Method: GET, Path: /api/v1/executions
[2026-06-22 05:04:14] [INFO] Router Dispatch - Method: GET, Path: /api/webhook/*
[2026-06-22 05:04:14] [INFO] Router Dispatch - Method: GET, Path: /api/server.js
[2026-06-22 14:46:30] [INFO] Router Dispatch - Method: POST, Path: /api/v1/payment/sms
[2026-06-22 14:46:40] [INFO] Router Dispatch - Method: POST, Path: /api/v1/payment/sms
[2026-06-22 14:47:04] [INFO] Router Dispatch - Method: POST, Path: /api/v1/payment/sms
[2026-06-22 14:47:44] [INFO] Router Dispatch - Method: POST, Path: /api/v1/payment/sms
[2026-06-22 14:49:05] [INFO] Router Dispatch - Method: POST, Path: /api/v1/payment/sms
[2026-06-22 14:54:13] [INFO] Router Dispatch - Method: POST, Path: /api/v1/payment/sms
[2026-06-22 14:54:13] [INFO] Router Dispatch - Method: POST, Path: /api/v1/payment/sms
[2026-06-22 14:54:49] [INFO] Router Dispatch - Method: POST, Path: /api/v1/payment/sms
[2026-06-22 14:55:58] [INFO] Router Dispatch - Method: POST, Path: /api/v1/payment/sms
[2026-06-22 14:58:30] [INFO] Router Dispatch - Method: POST, Path: /api/v1/payment/sms
[2026-06-22 15:00:42] [INFO] Router Dispatch - Method: POST, Path: /api/v1/payment/sms
[2026-06-22 16:20:24] [INFO] Router Dispatch - Method: GET, Path: /api/documentation
[2026-06-22 16:41:10] [INFO] Router Dispatch - Method: GET, Path: /api/v1/.env
[2026-06-22 16:41:11] [INFO] Router Dispatch - Method: GET, Path: /api/v2/.env
[2026-06-22 16:41:12] [INFO] Router Dispatch - Method: GET, Path: /api/v3/.env
[2026-06-22 16:41:12] [INFO] Router Dispatch - Method: GET, Path: /api/dev/.env
[2026-06-22 16:41:12] [INFO] Router Dispatch - Method: GET, Path: /api/staging/.env
[2026-06-22 17:58:55] [INFO] Router Dispatch - Method: GET, Path: /api/auth/*
[2026-06-22 17:58:55] [INFO] Router Dispatch - Method: GET, Path: /api/*
[2026-06-22 17:58:56] [INFO] Router Dispatch - Method: GET, Path: /api/credentials
[2026-06-22 17:58:56] [INFO] Router Dispatch - Method: GET, Path: /api/data/*
[2026-06-22 17:58:56] [INFO] Router Dispatch - Method: GET, Path: /api/info.php
[2026-06-22 17:58:56] [INFO] Router Dispatch - Method: GET, Path: /api/login
[2026-06-22 17:58:56] [INFO] Router Dispatch - Method: GET, Path: /api/common.js
[2026-06-22 17:58:56] [INFO] Router Dispatch - Method: GET, Path: /api/config.js
[2026-06-22 17:58:56] [INFO] Router Dispatch - Method: GET, Path: /api/config/common.js
[2026-06-22 17:58:56] [INFO] Router Dispatch - Method: GET, Path: /api/config/constants.js
[2026-06-22 17:58:56] [INFO] Router Dispatch - Method: GET, Path: /api/constant.js
[2026-06-22 17:58:56] [INFO] Router Dispatch - Method: GET, Path: /api/constants.js
[2026-06-22 17:58:56] [INFO] Router Dispatch - Method: GET, Path: /api/env.js
[2026-06-22 17:58:56] [INFO] Router Dispatch - Method: GET, Path: /api/users/*
[2026-06-22 17:58:56] [INFO] Router Dispatch - Method: GET, Path: /api/node/common.js
[2026-06-22 17:58:56] [INFO] Router Dispatch - Method: GET, Path: /api/phpinfo.php
[2026-06-22 17:58:56] [INFO] Router Dispatch - Method: GET, Path: /api/v1/*
[2026-06-22 17:58:56] [INFO] Router Dispatch - Method: GET, Path: /api/user
[2026-06-22 17:58:56] [INFO] Router Dispatch - Method: GET, Path: /api/serverless/*
[2026-06-22 17:58:56] [INFO] Router Dispatch - Method: GET, Path: /api/node/config.js
[2026-06-22 17:58:56] [INFO] Router Dispatch - Method: GET, Path: /api/settings.py
[2026-06-22 17:58:56] [INFO] Router Dispatch - Method: GET, Path: /api/v1/credentials
[2026-06-22 17:58:56] [INFO] Router Dispatch - Method: GET, Path: /api/v1/workflows
[2026-06-22 17:58:56] [INFO] Router Dispatch - Method: GET, Path: /api/webhook/*
[2026-06-22 17:58:56] [INFO] Router Dispatch - Method: GET, Path: /api/v1/executions
[2026-06-22 17:58:56] [INFO] Router Dispatch - Method: GET, Path: /api/node/constant.js
[2026-06-22 17:58:56] [INFO] Router Dispatch - Method: GET, Path: /api/node/constants.js
[2026-06-22 17:58:56] [INFO] Router Dispatch - Method: GET, Path: /api/server.js
[2026-06-22 17:59:08] [INFO] Router Dispatch - Method: GET, Path: /api/*
[2026-06-22 17:59:08] [INFO] Router Dispatch - Method: GET, Path: /api/auth/*
[2026-06-22 17:59:09] [INFO] Router Dispatch - Method: GET, Path: /api/data/*
[2026-06-22 17:59:09] [INFO] Router Dispatch - Method: GET, Path: /api/constant.js
[2026-06-22 17:59:09] [INFO] Router Dispatch - Method: GET, Path: /api/config/constants.js
[2026-06-22 17:59:09] [INFO] Router Dispatch - Method: GET, Path: /api/config.js
[2026-06-22 17:59:09] [INFO] Router Dispatch - Method: GET, Path: /api/env.js
[2026-06-22 17:59:09] [INFO] Router Dispatch - Method: GET, Path: /api/node/common.js
[2026-06-22 17:59:09] [INFO] Router Dispatch - Method: GET, Path: /api/phpinfo.php
[2026-06-22 17:59:09] [INFO] Router Dispatch - Method: GET, Path: /api/info.php
[2026-06-22 17:59:09] [INFO] Router Dispatch - Method: GET, Path: /api/login
[2026-06-22 17:59:09] [INFO] Router Dispatch - Method: GET, Path: /api/constants.js
[2026-06-22 17:59:09] [INFO] Router Dispatch - Method: GET, Path: /api/serverless/*
[2026-06-22 17:59:09] [INFO] Router Dispatch - Method: GET, Path: /api/settings.py
[2026-06-22 17:59:09] [INFO] Router Dispatch - Method: GET, Path: /api/credentials
[2026-06-22 17:59:09] [INFO] Router Dispatch - Method: GET, Path: /api/user
[2026-06-22 17:59:09] [INFO] Router Dispatch - Method: GET, Path: /api/users/*
[2026-06-22 17:59:09] [INFO] Router Dispatch - Method: GET, Path: /api/node/constant.js
[2026-06-22 17:59:09] [INFO] Router Dispatch - Method: GET, Path: /api/node/config.js
[2026-06-22 17:59:09] [INFO] Router Dispatch - Method: GET, Path: /api/node/constants.js
[2026-06-22 17:59:09] [INFO] Router Dispatch - Method: GET, Path: /api/config/common.js
[2026-06-22 17:59:09] [INFO] Router Dispatch - Method: GET, Path: /api/common.js
[2026-06-22 17:59:09] [INFO] Router Dispatch - Method: GET, Path: /api/v1/credentials
[2026-06-22 17:59:09] [INFO] Router Dispatch - Method: GET, Path: /api/webhook/*
[2026-06-22 17:59:09] [INFO] Router Dispatch - Method: GET, Path: /api/server.js
[2026-06-22 17:59:10] [INFO] Router Dispatch - Method: GET, Path: /api/v1/*
[2026-06-22 17:59:10] [INFO] Router Dispatch - Method: GET, Path: /api/v1/executions
[2026-06-22 17:59:10] [INFO] Router Dispatch - Method: GET, Path: /api/v1/workflows
