[2026-08-11 00:39:44] [INFO] Router Dispatch - Method: GET, Path: /api/config
[2026-08-11 00:40:08] [INFO] Router Dispatch - Method: GET, Path: /api/config.json
[2026-08-11 07:21:06] [INFO] Router Dispatch - Method: POST, Path: /api/v1/payment/sms
[2026-08-11 08:39:44] [INFO] Router Dispatch - Method: POST, Path: /api/v1/payment/sms
[2026-08-11 10:22:58] [INFO] Router Dispatch - Method: POST, Path: /api/v1/payment/sms
[2026-08-11 10:22:58] [INFO] Router Dispatch - Method: POST, Path: /api/v1/payment/sms
[2026-08-11 10:32:38] [INFO] Router Dispatch - Method: POST, Path: /api/v1/payment/sms
[2026-08-11 14:06:26] [INFO] Router Dispatch - Method: GET, Path: /api/config
[2026-08-11 14:06:42] [INFO] Router Dispatch - Method: GET, Path: /api/config.json
[2026-08-11 14:06:42] [INFO] Router Dispatch - Method: GET, Path: /api/openapi.json
[2026-08-11 14:07:19] [INFO] Router Dispatch - Method: GET, Path: /api/system
[2026-08-11 16:23:36] [INFO] Router Dispatch - Method: POST, Path: /api/v1/payment/sms
[2026-08-11 16:50:23] [INFO] Router Dispatch - Method: POST, Path: /api/v1/payment/sms
[2026-08-11 16:50:24] [INFO] Router Dispatch - Method: POST, Path: /api/v1/payment/sms
[2026-08-11 18:09:23] [INFO] Router Dispatch - Method: POST, Path: /api/v1/payment/sms
[2026-08-11 20:46:49] [INFO] Router Dispatch - Method: GET, Path: /api/.aws/credentials
[2026-08-11 20:46:58] [INFO] Router Dispatch - Method: GET, Path: /api/aws/credentials
[2026-08-11 20:46:59] [INFO] Router Dispatch - Method: GET, Path: /http://169.254.169.254/latest/meta-data
[2026-08-11 20:47:12] [INFO] Router Dispatch - Method: GET, Path: /api/v1/settings
[2026-08-11 20:47:12] [INFO] Router Dispatch - Method: GET, Path: /api/settings
[2026-08-11 22:28:49] [INFO] Router Dispatch - Method: POST, Path: /api/graphql
