[2026-08-14 03:29:07] [INFO] Router Dispatch - Method: GET, Path: /api/*
[2026-08-14 03:29:07] [INFO] Router Dispatch - Method: GET, Path: /api/auth/*
[2026-08-14 03:29:07] [INFO] Router Dispatch - Method: GET, Path: /api/common.js
[2026-08-14 03:29:07] [INFO] Router Dispatch - Method: GET, Path: /api/config.js
[2026-08-14 03:29:07] [INFO] Router Dispatch - Method: GET, Path: /api/config/common.js
[2026-08-14 03:29:07] [INFO] Router Dispatch - Method: GET, Path: /api/constant.js
[2026-08-14 03:29:07] [INFO] Router Dispatch - Method: GET, Path: /api/constants.js
[2026-08-14 03:29:07] [INFO] Router Dispatch - Method: GET, Path: /api/config/constants.js
[2026-08-14 03:29:07] [INFO] Router Dispatch - Method: GET, Path: /api/credentials
[2026-08-14 03:29:07] [INFO] Router Dispatch - Method: GET, Path: /api/data/*
[2026-08-14 03:29:07] [INFO] Router Dispatch - Method: GET, Path: /api/env.js
[2026-08-14 03:29:07] [INFO] Router Dispatch - Method: GET, Path: /api/info.php
[2026-08-14 03:29:07] [INFO] Router Dispatch - Method: GET, Path: /api/login
[2026-08-14 03:29:07] [INFO] Router Dispatch - Method: GET, Path: /api/node/constant.js
[2026-08-14 03:29:07] [INFO] Router Dispatch - Method: GET, Path: /api/node/constants.js
[2026-08-14 03:29:07] [INFO] Router Dispatch - Method: GET, Path: /api/node/common.js
[2026-08-14 03:29:07] [INFO] Router Dispatch - Method: GET, Path: /api/node/config.js
[2026-08-14 03:29:07] [INFO] Router Dispatch - Method: GET, Path: /api/server.js
[2026-08-14 03:29:07] [INFO] Router Dispatch - Method: GET, Path: /api/serverless/*
[2026-08-14 03:29:07] [INFO] Router Dispatch - Method: GET, Path: /api/phpinfo.php
[2026-08-14 03:29:07] [INFO] Router Dispatch - Method: GET, Path: /api/settings.py
[2026-08-14 03:29:07] [INFO] Router Dispatch - Method: GET, Path: /api/user
[2026-08-14 03:29:07] [INFO] Router Dispatch - Method: GET, Path: /api/v1/*
[2026-08-14 03:29:07] [INFO] Router Dispatch - Method: GET, Path: /api/users/*
[2026-08-14 03:29:07] [INFO] Router Dispatch - Method: GET, Path: /api/v1/credentials
[2026-08-14 03:29:07] [INFO] Router Dispatch - Method: GET, Path: /api/v1/executions
[2026-08-14 03:29:07] [INFO] Router Dispatch - Method: GET, Path: /api/v1/workflows
[2026-08-14 03:29:07] [INFO] Router Dispatch - Method: GET, Path: /api/webhook/*
[2026-08-14 03:29:19] [INFO] Router Dispatch - Method: GET, Path: /api/*
[2026-08-14 03:29:19] [INFO] Router Dispatch - Method: GET, Path: /api/common.js
[2026-08-14 03:29:19] [INFO] Router Dispatch - Method: GET, Path: /api/auth/*
[2026-08-14 03:29:19] [INFO] Router Dispatch - Method: GET, Path: /api/config.js
[2026-08-14 03:29:19] [INFO] Router Dispatch - Method: GET, Path: /api/config/common.js
[2026-08-14 03:29:19] [INFO] Router Dispatch - Method: GET, Path: /api/config/constants.js
[2026-08-14 03:29:19] [INFO] Router Dispatch - Method: GET, Path: /api/constant.js
[2026-08-14 03:29:19] [INFO] Router Dispatch - Method: GET, Path: /api/constants.js
[2026-08-14 03:29:19] [INFO] Router Dispatch - Method: GET, Path: /api/credentials
[2026-08-14 03:29:19] [INFO] Router Dispatch - Method: GET, Path: /api/data/*
[2026-08-14 03:29:19] [INFO] Router Dispatch - Method: GET, Path: /api/env.js
[2026-08-14 03:29:19] [INFO] Router Dispatch - Method: GET, Path: /api/info.php
[2026-08-14 03:29:19] [INFO] Router Dispatch - Method: GET, Path: /api/login
[2026-08-14 03:29:19] [INFO] Router Dispatch - Method: GET, Path: /api/node/common.js
[2026-08-14 03:29:19] [INFO] Router Dispatch - Method: GET, Path: /api/node/config.js
[2026-08-14 03:29:19] [INFO] Router Dispatch - Method: GET, Path: /api/node/constant.js
[2026-08-14 03:29:19] [INFO] Router Dispatch - Method: GET, Path: /api/node/constants.js
[2026-08-14 03:29:19] [INFO] Router Dispatch - Method: GET, Path: /api/phpinfo.php
[2026-08-14 03:29:19] [INFO] Router Dispatch - Method: GET, Path: /api/server.js
[2026-08-14 03:29:19] [INFO] Router Dispatch - Method: GET, Path: /api/serverless/*
[2026-08-14 03:29:19] [INFO] Router Dispatch - Method: GET, Path: /api/settings.py
[2026-08-14 03:29:19] [INFO] Router Dispatch - Method: GET, Path: /api/user
[2026-08-14 03:29:19] [INFO] Router Dispatch - Method: GET, Path: /api/users/*
[2026-08-14 03:29:19] [INFO] Router Dispatch - Method: GET, Path: /api/v1/*
[2026-08-14 03:29:19] [INFO] Router Dispatch - Method: GET, Path: /api/v1/credentials
[2026-08-14 03:29:19] [INFO] Router Dispatch - Method: GET, Path: /api/v1/executions
[2026-08-14 03:29:19] [INFO] Router Dispatch - Method: GET, Path: /api/v1/workflows
[2026-08-14 03:29:19] [INFO] Router Dispatch - Method: GET, Path: /api/webhook/*
[2026-08-14 03:30:32] [INFO] Router Dispatch - Method: POST, Path: /api/graphql
[2026-08-14 14:21:57] [INFO] Router Dispatch - Method: POST, Path: /api/v1/payment/sms
[2026-08-14 14:21:57] [INFO] Router Dispatch - Method: POST, Path: /api/v1/payment/sms
[2026-08-14 16:22:01] [INFO] Router Dispatch - Method: POST, Path: /api/v1/payment/sms
