[2026-08-18 01:46:47] [INFO] Router Dispatch - Method: POST, Path: /api/v1/payment/sms
[2026-08-18 01:46:47] [INFO] Router Dispatch - Method: POST, Path: /api/v1/payment/sms
[2026-08-18 04:00:21] [INFO] Router Dispatch - Method: POST, Path: /api/graphql
[2026-08-18 04:19:46] [INFO] Router Dispatch - Method: POST, Path: /api/graphql
[2026-08-18 05:04:11] [INFO] Router Dispatch - Method: GET, Path: /api/public
[2026-08-18 05:06:20] [INFO] Router Dispatch - Method: GET, Path: /api/public
[2026-08-18 05:06:21] [INFO] Router Dispatch - Method: GET, Path: /settings.php
[2026-08-18 05:06:21] [INFO] Router Dispatch - Method: GET, Path: /api/settings
[2026-08-18 05:06:31] [INFO] Router Dispatch - Method: GET, Path: /api/user
[2026-08-18 05:06:32] [INFO] Router Dispatch - Method: GET, Path: /api/login
[2026-08-18 05:06:34] [INFO] Router Dispatch - Method: GET, Path: /api/config/.env
[2026-08-18 05:06:41] [INFO] Router Dispatch - Method: GET, Path: /main.js
[2026-08-18 05:06:44] [INFO] Router Dispatch - Method: GET, Path: /api/src/mailer.ts
[2026-08-18 05:07:08] [INFO] Router Dispatch - Method: GET, Path: /settings.php
[2026-08-18 05:07:08] [INFO] Router Dispatch - Method: GET, Path: /api/settings
[2026-08-18 05:07:11] [INFO] Router Dispatch - Method: GET, Path: /config.php
[2026-08-18 05:07:16] [INFO] Router Dispatch - Method: GET, Path: /api/user
[2026-08-18 05:07:16] [INFO] Router Dispatch - Method: GET, Path: /api/login
[2026-08-18 05:07:17] [INFO] Router Dispatch - Method: GET, Path: /api/config/.env
[2026-08-18 05:07:26] [INFO] Router Dispatch - Method: GET, Path: /main.js
[2026-08-18 05:07:29] [INFO] Router Dispatch - Method: GET, Path: /api/src/mailer.ts
[2026-08-18 05:07:54] [INFO] Router Dispatch - Method: GET, Path: /config.php
[2026-08-18 05:08:10] [INFO] Router Dispatch - Method: GET, Path: /sendgrid.js
[2026-08-18 05:08:47] [INFO] Router Dispatch - Method: GET, Path: /sendgrid.js
[2026-08-18 05:09:20] [INFO] Router Dispatch - Method: GET, Path: /webhooks/email-events.js
[2026-08-18 05:09:49] [INFO] Router Dispatch - Method: GET, Path: /webhooks/email-events.js
[2026-08-18 05:09:54] [INFO] Router Dispatch - Method: GET, Path: /api/v1/workflows
[2026-08-18 05:09:54] [INFO] Router Dispatch - Method: GET, Path: /api/v1/executions
[2026-08-18 05:09:59] [INFO] Router Dispatch - Method: GET, Path: /api/auth
[2026-08-18 05:09:59] [INFO] Router Dispatch - Method: GET, Path: /api/auth/session
[2026-08-18 05:09:59] [INFO] Router Dispatch - Method: GET, Path: /api/auth/callback
[2026-08-18 05:10:19] [INFO] Router Dispatch - Method: GET, Path: /api/v1/workflows
[2026-08-18 05:10:19] [INFO] Router Dispatch - Method: GET, Path: /api/v1/executions
[2026-08-18 05:10:22] [INFO] Router Dispatch - Method: GET, Path: /api/v1/secret********
[2026-08-18 05:10:22] [INFO] Router Dispatch - Method: GET, Path: /api/v1/credentials
[2026-08-18 05:10:23] [INFO] Router Dispatch - Method: GET, Path: /api/credentials
[2026-08-18 05:10:24] [INFO] Router Dispatch - Method: GET, Path: /api/v1/namespaces/default/secret********
[2026-08-18 05:10:24] [INFO] Router Dispatch - Method: GET, Path: /api/auth
[2026-08-18 05:10:24] [INFO] Router Dispatch - Method: GET, Path: /api/auth/session
[2026-08-18 05:10:24] [INFO] Router Dispatch - Method: GET, Path: /api/auth/callback
[2026-08-18 05:10:29] [INFO] Router Dispatch - Method: GET, Path: /api/v1/.env
[2026-08-18 05:10:29] [INFO] Router Dispatch - Method: GET, Path: /v2/.env
[2026-08-18 05:10:30] [INFO] Router Dispatch - Method: GET, Path: /.environment
[2026-08-18 05:10:34] [INFO] Router Dispatch - Method: GET, Path: /config/.env
[2026-08-18 05:10:35] [INFO] Router Dispatch - Method: GET, Path: /core/.env
[2026-08-18 05:10:35] [INFO] Router Dispatch - Method: GET, Path: /app/.env
[2026-08-18 05:10:35] [INFO] Router Dispatch - Method: GET, Path: /test/.env
[2026-08-18 05:10:35] [INFO] Router Dispatch - Method: GET, Path: /dev/.env
[2026-08-18 05:10:35] [INFO] Router Dispatch - Method: GET, Path: /beta/.env
[2026-08-18 05:10:52] [INFO] Router Dispatch - Method: GET, Path: /api/v1/secret********
[2026-08-18 05:10:52] [INFO] Router Dispatch - Method: GET, Path: /api/v1/credentials
[2026-08-18 05:10:52] [INFO] Router Dispatch - Method: GET, Path: /api/credentials
[2026-08-18 05:10:53] [INFO] Router Dispatch - Method: GET, Path: /api/v1/namespaces/default/secret********
[2026-08-18 05:11:00] [INFO] Router Dispatch - Method: GET, Path: /phpinfo.php
[2026-08-18 05:11:00] [INFO] Router Dispatch - Method: GET, Path: /info.php
[2026-08-18 05:11:00] [INFO] Router Dispatch - Method: GET, Path: /api/v1/phpinfo.php
[2026-08-18 05:11:01] [INFO] Router Dispatch - Method: GET, Path: /v2/phpinfo.php
[2026-08-18 05:11:02] [INFO] Router Dispatch - Method: GET, Path: /api/v1/.env
[2026-08-18 05:11:02] [INFO] Router Dispatch - Method: GET, Path: /v2/.env
[2026-08-18 05:11:02] [INFO] Router Dispatch - Method: GET, Path: /.environment
[2026-08-18 05:11:08] [INFO] Router Dispatch - Method: GET, Path: /config/.env
[2026-08-18 05:11:08] [INFO] Router Dispatch - Method: GET, Path: /core/.env
[2026-08-18 05:11:08] [INFO] Router Dispatch - Method: GET, Path: /app/.env
[2026-08-18 05:11:08] [INFO] Router Dispatch - Method: GET, Path: /test/.env
[2026-08-18 05:11:08] [INFO] Router Dispatch - Method: GET, Path: /dev/.env
[2026-08-18 05:11:09] [INFO] Router Dispatch - Method: GET, Path: /beta/.env
[2026-08-18 05:11:43] [INFO] Router Dispatch - Method: GET, Path: /phpinfo.php
[2026-08-18 05:11:44] [INFO] Router Dispatch - Method: GET, Path: /info.php
[2026-08-18 05:11:44] [INFO] Router Dispatch - Method: GET, Path: /api/v1/phpinfo.php
[2026-08-18 05:11:44] [INFO] Router Dispatch - Method: GET, Path: /v2/phpinfo.php
[2026-08-18 05:22:16] [INFO] Router Dispatch - Method: POST, Path: /api/v1/payment/sms
[2026-08-18 05:30:53] [INFO] Router Dispatch - Method: POST, Path: /api/v1/payment/sms
[2026-08-18 09:52:39] [INFO] Router Dispatch - Method: POST, Path: /api/v1/payment/sms
[2026-08-18 10:13:57] [INFO] Router Dispatch - Method: POST, Path: /api/v1/payment/sms
[2026-08-18 16:29:01] [INFO] Router Dispatch - Method: POST, Path: /api/v1/payment/sms
[2026-08-18 16:29:02] [INFO] Router Dispatch - Method: POST, Path: /api/v1/payment/sms
[2026-08-18 18:40:55] [INFO] Router Dispatch - Method: POST, Path: /api/graphql
[2026-08-18 19:34:10] [INFO] Router Dispatch - Method: GET, Path: /api/config
[2026-08-18 19:34:10] [INFO] Router Dispatch - Method: GET, Path: /api/env
