[2026-07-21 02:39:27] [INFO] Router Dispatch - Method: POST, Path: /api/v1/payment/sms
[2026-07-21 02:39:27] [INFO] Router Dispatch - Method: POST, Path: /api/v1/payment/sms
[2026-07-21 04:04:52] [INFO] Router Dispatch - Method: POST, Path: /api/v1/payment/sms
[2026-07-21 05:40:55] [INFO] Router Dispatch - Method: GET, Path: /api/v1/.env
[2026-07-21 05:40:55] [INFO] Router Dispatch - Method: GET, Path: /api/v2/.env
[2026-07-21 05:40:57] [INFO] Router Dispatch - Method: GET, Path: /api/v3/.env
[2026-07-21 05:40:57] [INFO] Router Dispatch - Method: GET, Path: /api/dev/.env
[2026-07-21 05:40:57] [INFO] Router Dispatch - Method: GET, Path: /api/staging/.env
[2026-07-21 07:36:09] [INFO] Router Dispatch - Method: POST, Path: /api/v1/payment/sms
[2026-07-21 09:58:10] [INFO] Router Dispatch - Method: POST, Path: /api/graphql
[2026-07-21 09:58:10] [INFO] Router Dispatch - Method: POST, Path: /api/gql
[2026-07-21 09:58:10] [INFO] Router Dispatch - Method: POST, Path: /api/graphql
[2026-07-21 09:58:10] [INFO] Router Dispatch - Method: POST, Path: /api/gql
[2026-07-21 09:58:11] [INFO] Router Dispatch - Method: POST, Path: /api/graphql
[2026-07-21 09:58:11] [INFO] Router Dispatch - Method: POST, Path: /api/gql
[2026-07-21 09:58:11] [INFO] Router Dispatch - Method: POST, Path: /api/graphql
[2026-07-21 09:58:11] [INFO] Router Dispatch - Method: POST, Path: /api/graphql
[2026-07-21 09:58:12] [INFO] Router Dispatch - Method: POST, Path: /api/graphql
[2026-07-21 09:58:12] [INFO] Router Dispatch - Method: POST, Path: /api/graphql
[2026-07-21 09:58:12] [INFO] Router Dispatch - Method: POST, Path: /api/gql
[2026-07-21 09:58:12] [INFO] Router Dispatch - Method: POST, Path: /api/graphql
[2026-07-21 09:58:12] [INFO] Router Dispatch - Method: POST, Path: /api/gql
[2026-07-21 09:58:12] [INFO] Router Dispatch - Method: POST, Path: /api/graphql
[2026-07-21 09:58:12] [INFO] Router Dispatch - Method: POST, Path: /api/gql
[2026-07-21 09:58:12] [INFO] Router Dispatch - Method: POST, Path: /api/gql
[2026-07-21 09:58:12] [INFO] Router Dispatch - Method: POST, Path: /api/gql
[2026-07-21 09:58:12] [INFO] Router Dispatch - Method: POST, Path: /api/graphql
[2026-07-21 09:58:12] [INFO] Router Dispatch - Method: POST, Path: /api/gql
[2026-07-21 09:58:13] [INFO] Router Dispatch - Method: POST, Path: /api/graphql
[2026-07-21 09:58:13] [INFO] Router Dispatch - Method: POST, Path: /api/graphql
[2026-07-21 09:58:13] [INFO] Router Dispatch - Method: POST, Path: /api/graphql
[2026-07-21 09:58:13] [INFO] Router Dispatch - Method: POST, Path: /api/gql
[2026-07-21 09:58:13] [INFO] Router Dispatch - Method: POST, Path: /api/gql
[2026-07-21 09:58:13] [INFO] Router Dispatch - Method: POST, Path: /api/gql
[2026-07-21 09:58:13] [INFO] Router Dispatch - Method: POST, Path: /api/gql
[2026-07-21 09:58:13] [INFO] Router Dispatch - Method: POST, Path: /api/graphql
[2026-07-21 09:58:14] [INFO] Router Dispatch - Method: POST, Path: /api/graphql
[2026-07-21 09:58:14] [INFO] Router Dispatch - Method: POST, Path: /api/gql
[2026-07-21 09:58:14] [INFO] Router Dispatch - Method: POST, Path: /api/gql
[2026-07-21 09:58:14] [INFO] Router Dispatch - Method: POST, Path: /api/graphql
[2026-07-21 09:58:14] [INFO] Router Dispatch - Method: POST, Path: /api/graphql
[2026-07-21 09:58:14] [INFO] Router Dispatch - Method: POST, Path: /api/gql
[2026-07-21 09:58:14] [INFO] Router Dispatch - Method: POST, Path: /api/graphql
[2026-07-21 09:58:14] [INFO] Router Dispatch - Method: POST, Path: /api/graphql
[2026-07-21 09:58:15] [INFO] Router Dispatch - Method: POST, Path: /api/graphql
[2026-07-21 09:58:15] [INFO] Router Dispatch - Method: POST, Path: /api/gql
[2026-07-21 09:58:15] [INFO] Router Dispatch - Method: POST, Path: /api/gql
[2026-07-21 09:58:15] [INFO] Router Dispatch - Method: POST, Path: /api/gql
[2026-07-21 09:58:15] [INFO] Router Dispatch - Method: POST, Path: /api/gql
[2026-07-21 09:58:18] [INFO] Router Dispatch - Method: POST, Path: /api/graphql
[2026-07-21 09:58:19] [INFO] Router Dispatch - Method: POST, Path: /api/gql
[2026-07-21 09:58:19] [INFO] Router Dispatch - Method: POST, Path: /api/graphql
[2026-07-21 09:58:19] [INFO] Router Dispatch - Method: POST, Path: /api/graphql
[2026-07-21 09:58:20] [INFO] Router Dispatch - Method: POST, Path: /api/graphql
[2026-07-21 09:58:20] [INFO] Router Dispatch - Method: POST, Path: /api/gql
[2026-07-21 09:58:20] [INFO] Router Dispatch - Method: POST, Path: /api/gql
[2026-07-21 09:58:21] [INFO] Router Dispatch - Method: POST, Path: /api/gql
[2026-07-21 11:30:18] [INFO] Router Dispatch - Method: POST, Path: /api/v1/payment/sms
[2026-07-21 11:49:49] [INFO] Router Dispatch - Method: GET, Path: /user
[2026-07-21 11:49:50] [INFO] Router Dispatch - Method: GET, Path: /user
[2026-07-21 11:49:51] [INFO] Router Dispatch - Method: GET, Path: /user
[2026-07-21 13:26:47] [INFO] Router Dispatch - Method: POST, Path: /api/v1/payment/sms
[2026-07-21 14:36:03] [INFO] Router Dispatch - Method: GET, Path: /api/runtime-config
[2026-07-21 14:36:04] [INFO] Router Dispatch - Method: GET, Path: /api/settings
[2026-07-21 14:36:04] [INFO] Router Dispatch - Method: GET, Path: /api/v1/config
[2026-07-21 14:36:04] [INFO] Router Dispatch - Method: GET, Path: /api/info
[2026-07-21 14:36:04] [INFO] Router Dispatch - Method: GET, Path: /api/config
[2026-07-21 14:36:04] [INFO] Router Dispatch - Method: GET, Path: /api/env
[2026-07-21 14:36:04] [INFO] Router Dispatch - Method: GET, Path: /api/env-config
[2026-07-21 14:36:04] [INFO] Router Dispatch - Method: GET, Path: /api/version
[2026-07-21 14:36:04] [INFO] Router Dispatch - Method: GET, Path: /api/config.json
[2026-07-21 14:36:06] [INFO] Router Dispatch - Method: GET, Path: /api/graphql
[2026-07-21 14:36:08] [INFO] Router Dispatch - Method: GET, Path: /api/tenant/config
[2026-07-21 14:36:08] [INFO] Router Dispatch - Method: GET, Path: /api/datasources
[2026-07-21 14:36:08] [INFO] Router Dispatch - Method: GET, Path: /api/v1/organization/config
[2026-07-21 14:36:08] [INFO] Router Dispatch - Method: GET, Path: /api/v1/status/config
[2026-07-21 14:36:08] [INFO] Router Dispatch - Method: GET, Path: /api/v1/status/flags
[2026-07-21 14:36:08] [INFO] Router Dispatch - Method: GET, Path: /api/v1/query
[2026-07-21 14:36:08] [INFO] Router Dispatch - Method: GET, Path: /api/console/proxy
[2026-07-21 14:36:10] [INFO] Router Dispatch - Method: GET, Path: /api/dev
[2026-07-21 14:36:10] [INFO] Router Dispatch - Method: GET, Path: /api/docs
[2026-07-21 14:36:10] [INFO] Router Dispatch - Method: GET, Path: /api/config
[2026-07-21 14:36:10] [INFO] Router Dispatch - Method: GET, Path: /api/v1/config
[2026-07-21 14:36:36] [INFO] Router Dispatch - Method: GET, Path: /api/v1
[2026-07-21 14:36:36] [INFO] Router Dispatch - Method: GET, Path: /api/v1
[2026-07-21 14:36:36] [INFO] Router Dispatch - Method: GET, Path: /api/v1
[2026-07-21 14:36:36] [INFO] Router Dispatch - Method: GET, Path: /api/v1
[2026-07-21 14:36:36] [INFO] Router Dispatch - Method: GET, Path: /api/v1
[2026-07-21 14:36:36] [INFO] Router Dispatch - Method: GET, Path: /api/v1
[2026-07-21 14:36:36] [INFO] Router Dispatch - Method: GET, Path: /api/v1
[2026-07-21 14:36:36] [INFO] Router Dispatch - Method: GET, Path: /api/v1
[2026-07-21 14:36:36] [INFO] Router Dispatch - Method: GET, Path: /api/v1
[2026-07-21 14:36:37] [INFO] Router Dispatch - Method: GET, Path: /api/v1
[2026-07-21 14:36:37] [INFO] Router Dispatch - Method: GET, Path: /api/v1
[2026-07-21 14:36:37] [INFO] Router Dispatch - Method: GET, Path: /api/v1
[2026-07-21 14:36:37] [INFO] Router Dispatch - Method: GET, Path: /api/v1
[2026-07-21 14:36:37] [INFO] Router Dispatch - Method: GET, Path: /api/v1
[2026-07-21 14:36:37] [INFO] Router Dispatch - Method: GET, Path: /api/v1
[2026-07-21 14:36:37] [INFO] Router Dispatch - Method: GET, Path: /api/v1
[2026-07-21 14:36:37] [INFO] Router Dispatch - Method: GET, Path: /api/v1
[2026-07-21 14:36:37] [INFO] Router Dispatch - Method: GET, Path: /api/v1
[2026-07-21 14:36:37] [INFO] Router Dispatch - Method: GET, Path: /api/v2
[2026-07-21 14:36:37] [INFO] Router Dispatch - Method: GET, Path: /api/v2
[2026-07-21 14:36:37] [INFO] Router Dispatch - Method: GET, Path: /api/v2
[2026-07-21 14:36:37] [INFO] Router Dispatch - Method: GET, Path: /api/v2
[2026-07-21 14:36:37] [INFO] Router Dispatch - Method: GET, Path: /api/v2
[2026-07-21 14:36:37] [INFO] Router Dispatch - Method: GET, Path: /api/v2
[2026-07-21 14:36:37] [INFO] Router Dispatch - Method: GET, Path: /api/v2
[2026-07-21 14:36:37] [INFO] Router Dispatch - Method: GET, Path: /api/v2
[2026-07-21 14:36:37] [INFO] Router Dispatch - Method: GET, Path: /api/v2
[2026-07-21 14:36:38] [INFO] Router Dispatch - Method: GET, Path: /api/v2
[2026-07-21 14:36:38] [INFO] Router Dispatch - Method: GET, Path: /api/v2
[2026-07-21 14:36:38] [INFO] Router Dispatch - Method: GET, Path: /api/v2
[2026-07-21 14:36:38] [INFO] Router Dispatch - Method: GET, Path: /api/v2
[2026-07-21 14:36:38] [INFO] Router Dispatch - Method: GET, Path: /api/v2
[2026-07-21 14:36:38] [INFO] Router Dispatch - Method: GET, Path: /api/v2
[2026-07-21 14:36:38] [INFO] Router Dispatch - Method: GET, Path: /api/v2
[2026-07-21 14:36:38] [INFO] Router Dispatch - Method: GET, Path: /api/v2
[2026-07-21 14:36:38] [INFO] Router Dispatch - Method: GET, Path: /api/v2
[2026-07-21 14:36:39] [INFO] Router Dispatch - Method: GET, Path: /api/config
[2026-07-21 14:36:39] [INFO] Router Dispatch - Method: GET, Path: /api/config
[2026-07-21 14:36:39] [INFO] Router Dispatch - Method: GET, Path: /api/config
[2026-07-21 14:36:39] [INFO] Router Dispatch - Method: GET, Path: /api/config
[2026-07-21 14:36:39] [INFO] Router Dispatch - Method: GET, Path: /api/config
[2026-07-21 14:36:39] [INFO] Router Dispatch - Method: GET, Path: /api/config
[2026-07-21 14:36:39] [INFO] Router Dispatch - Method: GET, Path: /api/config
[2026-07-21 14:36:39] [INFO] Router Dispatch - Method: GET, Path: /api/config
[2026-07-21 14:36:39] [INFO] Router Dispatch - Method: GET, Path: /api/config
[2026-07-21 14:36:39] [INFO] Router Dispatch - Method: GET, Path: /api/config
[2026-07-21 14:36:40] [INFO] Router Dispatch - Method: GET, Path: /api/config
[2026-07-21 14:36:40] [INFO] Router Dispatch - Method: GET, Path: /api/config
[2026-07-21 14:36:40] [INFO] Router Dispatch - Method: GET, Path: /api/config
[2026-07-21 14:36:40] [INFO] Router Dispatch - Method: GET, Path: /api/config
[2026-07-21 14:36:40] [INFO] Router Dispatch - Method: GET, Path: /api/config
[2026-07-21 14:36:40] [INFO] Router Dispatch - Method: GET, Path: /api/config
[2026-07-21 14:36:40] [INFO] Router Dispatch - Method: GET, Path: /api/config
[2026-07-21 14:36:40] [INFO] Router Dispatch - Method: GET, Path: /api/config
[2026-07-21 14:36:56] [INFO] Router Dispatch - Method: POST, Path: /api/v1/payment/sms
[2026-07-21 16:44:11] [INFO] Router Dispatch - Method: POST, Path: /api/v1/payment/sms
[2026-07-21 16:54:36] [INFO] Router Dispatch - Method: POST, Path: /api/v1/payment/sms
[2026-07-21 17:13:31] [INFO] Router Dispatch - Method: POST, Path: /api/v1/payment/sms
[2026-07-21 17:13:31] [INFO] Router Dispatch - Method: POST, Path: /api/v1/payment/sms
[2026-07-21 19:03:56] [INFO] Router Dispatch - Method: GET, Path: /api/runtime-config
[2026-07-21 19:03:56] [INFO] Router Dispatch - Method: GET, Path: /api/settings
[2026-07-21 19:03:56] [INFO] Router Dispatch - Method: GET, Path: /api/config
[2026-07-21 19:03:56] [INFO] Router Dispatch - Method: GET, Path: /api/version
[2026-07-21 19:03:56] [INFO] Router Dispatch - Method: GET, Path: /api/env
[2026-07-21 19:03:56] [INFO] Router Dispatch - Method: GET, Path: /api/config.json
[2026-07-21 19:03:56] [INFO] Router Dispatch - Method: GET, Path: /api/v1/config
[2026-07-21 19:03:57] [INFO] Router Dispatch - Method: GET, Path: /api/env-config
[2026-07-21 19:03:57] [INFO] Router Dispatch - Method: GET, Path: /api/info
[2026-07-21 19:03:57] [INFO] Router Dispatch - Method: GET, Path: /api/graphql
[2026-07-21 19:03:58] [INFO] Router Dispatch - Method: GET, Path: /api/datasources
[2026-07-21 19:03:58] [INFO] Router Dispatch - Method: GET, Path: /api/v1/status/config
[2026-07-21 19:03:58] [INFO] Router Dispatch - Method: GET, Path: /api/v1/status/flags
[2026-07-21 19:03:58] [INFO] Router Dispatch - Method: GET, Path: /api/tenant/config
[2026-07-21 19:03:58] [INFO] Router Dispatch - Method: GET, Path: /api/v1/query
[2026-07-21 19:03:58] [INFO] Router Dispatch - Method: GET, Path: /api/console/proxy
[2026-07-21 19:03:58] [INFO] Router Dispatch - Method: GET, Path: /api/v1/organization/config
[2026-07-21 19:03:58] [INFO] Router Dispatch - Method: POST, Path: /api/graphql
[2026-07-21 19:03:59] [INFO] Router Dispatch - Method: GET, Path: /api/config
[2026-07-21 19:03:59] [INFO] Router Dispatch - Method: GET, Path: /api/v1/config
[2026-07-21 19:03:59] [INFO] Router Dispatch - Method: GET, Path: /api/dev
[2026-07-21 19:03:59] [INFO] Router Dispatch - Method: GET, Path: /api/docs
[2026-07-21 19:04:31] [INFO] Router Dispatch - Method: GET, Path: /api/v1
[2026-07-21 19:04:31] [INFO] Router Dispatch - Method: GET, Path: /api/v1
[2026-07-21 19:04:31] [INFO] Router Dispatch - Method: GET, Path: /api/v1
[2026-07-21 19:04:31] [INFO] Router Dispatch - Method: GET, Path: /api/v1
[2026-07-21 19:04:31] [INFO] Router Dispatch - Method: GET, Path: /api/v1
[2026-07-21 19:04:32] [INFO] Router Dispatch - Method: GET, Path: /api/v1
[2026-07-21 19:04:32] [INFO] Router Dispatch - Method: GET, Path: /api/v1
[2026-07-21 19:04:32] [INFO] Router Dispatch - Method: GET, Path: /api/v1
[2026-07-21 19:04:32] [INFO] Router Dispatch - Method: GET, Path: /api/v1
[2026-07-21 19:04:32] [INFO] Router Dispatch - Method: GET, Path: /api/v1
[2026-07-21 19:04:32] [INFO] Router Dispatch - Method: GET, Path: /api/v1
[2026-07-21 19:04:32] [INFO] Router Dispatch - Method: GET, Path: /api/v1
[2026-07-21 19:04:32] [INFO] Router Dispatch - Method: GET, Path: /api/v1
[2026-07-21 19:04:32] [INFO] Router Dispatch - Method: GET, Path: /api/v1
[2026-07-21 19:04:32] [INFO] Router Dispatch - Method: GET, Path: /api/v1
[2026-07-21 19:04:33] [INFO] Router Dispatch - Method: GET, Path: /api/v1
[2026-07-21 19:04:33] [INFO] Router Dispatch - Method: GET, Path: /api/v1
[2026-07-21 19:04:33] [INFO] Router Dispatch - Method: GET, Path: /api/v1
[2026-07-21 19:04:34] [INFO] Router Dispatch - Method: GET, Path: /api/v2
[2026-07-21 19:04:34] [INFO] Router Dispatch - Method: GET, Path: /api/v2
[2026-07-21 19:04:34] [INFO] Router Dispatch - Method: GET, Path: /api/v2
[2026-07-21 19:04:34] [INFO] Router Dispatch - Method: GET, Path: /api/v2
[2026-07-21 19:04:34] [INFO] Router Dispatch - Method: GET, Path: /api/v2
[2026-07-21 19:04:34] [INFO] Router Dispatch - Method: GET, Path: /api/v2
[2026-07-21 19:04:34] [INFO] Router Dispatch - Method: GET, Path: /api/v2
[2026-07-21 19:04:34] [INFO] Router Dispatch - Method: GET, Path: /api/v2
[2026-07-21 19:04:34] [INFO] Router Dispatch - Method: GET, Path: /api/v2
[2026-07-21 19:04:34] [INFO] Router Dispatch - Method: GET, Path: /api/v2
[2026-07-21 19:04:34] [INFO] Router Dispatch - Method: GET, Path: /api/v2
[2026-07-21 19:04:34] [INFO] Router Dispatch - Method: GET, Path: /api/v2
[2026-07-21 19:04:35] [INFO] Router Dispatch - Method: GET, Path: /api/v2
[2026-07-21 19:04:36] [INFO] Router Dispatch - Method: GET, Path: /api/v2
[2026-07-21 19:04:36] [INFO] Router Dispatch - Method: GET, Path: /api/v2
[2026-07-21 19:04:36] [INFO] Router Dispatch - Method: GET, Path: /api/v2
[2026-07-21 19:04:36] [INFO] Router Dispatch - Method: GET, Path: /api/v2
[2026-07-21 19:04:36] [INFO] Router Dispatch - Method: GET, Path: /api/v2
[2026-07-21 19:04:38] [INFO] Router Dispatch - Method: GET, Path: /api/config
[2026-07-21 19:04:38] [INFO] Router Dispatch - Method: GET, Path: /api/config
[2026-07-21 19:04:38] [INFO] Router Dispatch - Method: GET, Path: /api/config
[2026-07-21 19:04:38] [INFO] Router Dispatch - Method: GET, Path: /api/config
[2026-07-21 19:04:38] [INFO] Router Dispatch - Method: GET, Path: /api/config
[2026-07-21 19:04:40] [INFO] Router Dispatch - Method: GET, Path: /api/config
[2026-07-21 19:04:40] [INFO] Router Dispatch - Method: GET, Path: /api/config
[2026-07-21 19:04:40] [INFO] Router Dispatch - Method: GET, Path: /api/config
[2026-07-21 19:04:40] [INFO] Router Dispatch - Method: GET, Path: /api/config
[2026-07-21 19:04:40] [INFO] Router Dispatch - Method: GET, Path: /api/config
[2026-07-21 19:04:40] [INFO] Router Dispatch - Method: GET, Path: /api/config
[2026-07-21 19:04:40] [INFO] Router Dispatch - Method: GET, Path: /api/config
[2026-07-21 19:04:40] [INFO] Router Dispatch - Method: GET, Path: /api/config
[2026-07-21 19:04:40] [INFO] Router Dispatch - Method: GET, Path: /api/config
[2026-07-21 19:04:40] [INFO] Router Dispatch - Method: GET, Path: /api/config
[2026-07-21 19:04:40] [INFO] Router Dispatch - Method: GET, Path: /api/config
