[2026-06-23 05:07:02] [INFO] Router Dispatch - Method: GET, Path: /api/client_secret********
[2026-06-23 05:34:19] [INFO] Router Dispatch - Method: GET, Path: /api/client_secret********
[2026-06-23 12:57:19] [INFO] Router Dispatch - Method: GET, Path: /api/v1/env
[2026-06-23 12:57:19] [INFO] Router Dispatch - Method: GET, Path: /api/v1/settings
[2026-06-23 12:57:19] [INFO] Router Dispatch - Method: GET, Path: /api/settings
[2026-06-23 12:57:19] [INFO] Router Dispatch - Method: GET, Path: /api/env
[2026-06-23 12:57:19] [INFO] Router Dispatch - Method: GET, Path: /api/v1/config
[2026-06-23 12:57:19] [INFO] Router Dispatch - Method: GET, Path: /api/account
[2026-06-23 12:57:19] [INFO] Router Dispatch - Method: GET, Path: /api/v2/settings
[2026-06-23 12:57:19] [INFO] Router Dispatch - Method: GET, Path: /api/health
[2026-06-23 12:57:19] [INFO] Router Dispatch - Method: GET, Path: /api/openapi.json
[2026-06-23 12:57:19] [INFO] Router Dispatch - Method: GET, Path: /api/config
[2026-06-23 12:57:19] [INFO] Router Dispatch - Method: GET, Path: /api/v2/config
[2026-06-23 14:10:16] [INFO] Router Dispatch - Method: GET, Path: /api/auth/*
[2026-06-23 14:10:16] [INFO] Router Dispatch - Method: GET, Path: /api/config/constants.js
[2026-06-23 14:10:16] [INFO] Router Dispatch - Method: GET, Path: /api/config.js
[2026-06-23 14:10:16] [INFO] Router Dispatch - Method: GET, Path: /api/common.js
[2026-06-23 14:10:16] [INFO] Router Dispatch - Method: GET, Path: /api/constant.js
[2026-06-23 14:10:16] [INFO] Router Dispatch - Method: GET, Path: /api/config/common.js
[2026-06-23 14:10:16] [INFO] Router Dispatch - Method: GET, Path: /api/*
[2026-06-23 14:10:16] [INFO] Router Dispatch - Method: GET, Path: /api/constants.js
[2026-06-23 14:10:16] [INFO] Router Dispatch - Method: GET, Path: /api/credentials
[2026-06-23 14:10:16] [INFO] Router Dispatch - Method: GET, Path: /api/data/*
[2026-06-23 14:10:16] [INFO] Router Dispatch - Method: GET, Path: /api/env.js
[2026-06-23 14:10:16] [INFO] Router Dispatch - Method: GET, Path: /api/info.php
[2026-06-23 14:10:16] [INFO] Router Dispatch - Method: GET, Path: /api/login
[2026-06-23 14:10:17] [INFO] Router Dispatch - Method: GET, Path: /api/node/common.js
[2026-06-23 14:10:17] [INFO] Router Dispatch - Method: GET, Path: /api/node/config.js
[2026-06-23 14:10:17] [INFO] Router Dispatch - Method: GET, Path: /api/node/constant.js
[2026-06-23 14:10:17] [INFO] Router Dispatch - Method: GET, Path: /api/node/constants.js
[2026-06-23 14:10:17] [INFO] Router Dispatch - Method: GET, Path: /api/phpinfo.php
[2026-06-23 14:10:17] [INFO] Router Dispatch - Method: GET, Path: /api/serverless/*
[2026-06-23 14:10:17] [INFO] Router Dispatch - Method: GET, Path: /api/server.js
[2026-06-23 14:10:17] [INFO] Router Dispatch - Method: GET, Path: /api/settings.py
[2026-06-23 14:10:17] [INFO] Router Dispatch - Method: GET, Path: /api/user
[2026-06-23 14:10:17] [INFO] Router Dispatch - Method: GET, Path: /api/users/*
[2026-06-23 14:10:17] [INFO] Router Dispatch - Method: GET, Path: /api/v1/*
[2026-06-23 14:10:17] [INFO] Router Dispatch - Method: GET, Path: /api/v1/credentials
[2026-06-23 14:10:17] [INFO] Router Dispatch - Method: GET, Path: /api/v1/executions
[2026-06-23 14:10:17] [INFO] Router Dispatch - Method: GET, Path: /api/v1/workflows
[2026-06-23 14:10:17] [INFO] Router Dispatch - Method: GET, Path: /api/webhook/*
[2026-06-23 14:10:26] [INFO] Router Dispatch - Method: GET, Path: /api/common.js
[2026-06-23 14:10:26] [INFO] Router Dispatch - Method: GET, Path: /api/config.js
[2026-06-23 14:10:26] [INFO] Router Dispatch - Method: GET, Path: /api/config/common.js
[2026-06-23 14:10:26] [INFO] Router Dispatch - Method: GET, Path: /api/*
[2026-06-23 14:10:26] [INFO] Router Dispatch - Method: GET, Path: /api/config/constants.js
[2026-06-23 14:10:26] [INFO] Router Dispatch - Method: GET, Path: /api/auth/*
[2026-06-23 14:10:26] [INFO] Router Dispatch - Method: GET, Path: /api/constant.js
[2026-06-23 14:10:26] [INFO] Router Dispatch - Method: GET, Path: /api/credentials
[2026-06-23 14:10:26] [INFO] Router Dispatch - Method: GET, Path: /api/constants.js
[2026-06-23 14:10:26] [INFO] Router Dispatch - Method: GET, Path: /api/data/*
[2026-06-23 14:10:26] [INFO] Router Dispatch - Method: GET, Path: /api/env.js
[2026-06-23 14:10:26] [INFO] Router Dispatch - Method: GET, Path: /api/info.php
[2026-06-23 14:10:26] [INFO] Router Dispatch - Method: GET, Path: /api/node/common.js
[2026-06-23 14:10:26] [INFO] Router Dispatch - Method: GET, Path: /api/node/config.js
[2026-06-23 14:10:26] [INFO] Router Dispatch - Method: GET, Path: /api/login
[2026-06-23 14:10:26] [INFO] Router Dispatch - Method: GET, Path: /api/node/constant.js
[2026-06-23 14:10:26] [INFO] Router Dispatch - Method: GET, Path: /api/node/constants.js
[2026-06-23 14:10:26] [INFO] Router Dispatch - Method: GET, Path: /api/phpinfo.php
[2026-06-23 14:10:26] [INFO] Router Dispatch - Method: GET, Path: /api/server.js
[2026-06-23 14:10:26] [INFO] Router Dispatch - Method: GET, Path: /api/serverless/*
[2026-06-23 14:10:26] [INFO] Router Dispatch - Method: GET, Path: /api/settings.py
[2026-06-23 14:10:26] [INFO] Router Dispatch - Method: GET, Path: /api/user
[2026-06-23 14:10:26] [INFO] Router Dispatch - Method: GET, Path: /api/v1/*
[2026-06-23 14:10:26] [INFO] Router Dispatch - Method: GET, Path: /api/users/*
[2026-06-23 14:10:26] [INFO] Router Dispatch - Method: GET, Path: /api/v1/credentials
[2026-06-23 14:10:26] [INFO] Router Dispatch - Method: GET, Path: /api/v1/executions
[2026-06-23 14:10:26] [INFO] Router Dispatch - Method: GET, Path: /api/v1/workflows
[2026-06-23 14:10:26] [INFO] Router Dispatch - Method: GET, Path: /api/webhook/*
[2026-06-23 15:58:17] [INFO] Router Dispatch - Method: POST, Path: /api/graphql
[2026-06-23 15:58:17] [INFO] Router Dispatch - Method: POST, Path: /api/gql
[2026-06-23 15:58:19] [INFO] Router Dispatch - Method: POST, Path: /api/graphql
[2026-06-23 15:58:19] [INFO] Router Dispatch - Method: POST, Path: /api/graphql
[2026-06-23 15:58:19] [INFO] Router Dispatch - Method: POST, Path: /api/graphql
[2026-06-23 15:58:20] [INFO] Router Dispatch - Method: POST, Path: /api/gql
[2026-06-23 15:58:20] [INFO] Router Dispatch - Method: POST, Path: /api/gql
[2026-06-23 15:58:20] [INFO] Router Dispatch - Method: POST, Path: /api/gql
[2026-06-23 17:31:42] [INFO] Router Dispatch - Method: GET, Path: /api/v1/.env
[2026-06-23 17:31:42] [INFO] Router Dispatch - Method: GET, Path: /api/v2/.env
[2026-06-23 17:31:43] [INFO] Router Dispatch - Method: GET, Path: /api/v3/.env
[2026-06-23 17:31:43] [INFO] Router Dispatch - Method: GET, Path: /api/dev/.env
[2026-06-23 17:31:43] [INFO] Router Dispatch - Method: GET, Path: /api/staging/.env
[2026-06-23 18:30:52] [INFO] Router Dispatch - Method: GET, Path: /api/v1/.env
[2026-06-23 18:30:52] [INFO] Router Dispatch - Method: GET, Path: /api/v2/.env
[2026-06-23 18:30:52] [INFO] Router Dispatch - Method: GET, Path: /api/v3/.env
[2026-06-23 18:30:52] [INFO] Router Dispatch - Method: GET, Path: /api/dev/.env
[2026-06-23 18:30:52] [INFO] Router Dispatch - Method: GET, Path: /api/staging/.env
