[2026-07-02 03:03:12] [INFO] Router Dispatch - Method: GET, Path: /api/config
[2026-07-02 03:03:12] [INFO] Router Dispatch - Method: GET, Path: /api/env
[2026-07-02 08:11:09] [INFO] Router Dispatch - Method: GET, Path: /api/env
[2026-07-02 08:11:09] [INFO] Router Dispatch - Method: GET, Path: /api/config
[2026-07-02 10:16:55] [INFO] Router Dispatch - Method: POST, Path: /api/v1/payment/sms
[2026-07-02 20:07:59] [INFO] Router Dispatch - Method: GET, Path: /api/auth
[2026-07-02 20:08:00] [INFO] Router Dispatch - Method: GET, Path: /api/aws/credentials.json
[2026-07-02 20:08:00] [INFO] Router Dispatch - Method: GET, Path: /api/authenticate
[2026-07-02 20:08:01] [INFO] Router Dispatch - Method: GET, Path: /api/config.php
[2026-07-02 20:08:01] [INFO] Router Dispatch - Method: GET, Path: /api/config/aws.php
[2026-07-02 20:08:02] [INFO] Router Dispatch - Method: GET, Path: /api/debug.php
[2026-07-02 20:08:02] [INFO] Router Dispatch - Method: GET, Path: /api/forgot
[2026-07-02 20:08:03] [INFO] Router Dispatch - Method: GET, Path: /api/login
[2026-07-02 20:08:03] [INFO] Router Dispatch - Method: GET, Path: /api/info.php
[2026-07-02 20:08:16] [INFO] Router Dispatch - Method: GET, Path: /api/logs/error.log
[2026-07-02 20:08:16] [INFO] Router Dispatch - Method: GET, Path: /api/logout
[2026-07-02 20:08:17] [INFO] Router Dispatch - Method: GET, Path: /api/register
[2026-07-02 20:08:17] [INFO] Router Dispatch - Method: GET, Path: /api/password
[2026-07-02 20:08:18] [INFO] Router Dispatch - Method: GET, Path: /api/reset
[2026-07-02 20:08:18] [INFO] Router Dispatch - Method: GET, Path: /api/session
[2026-07-02 20:08:19] [INFO] Router Dispatch - Method: GET, Path: /api/signin
[2026-07-02 20:08:19] [INFO] Router Dispatch - Method: GET, Path: /api/settings.json
[2026-07-02 20:08:20] [INFO] Router Dispatch - Method: GET, Path: /api/token
[2026-07-02 20:08:21] [INFO] Router Dispatch - Method: GET, Path: /api/signup
