[2026-08-22 01:25:34] [INFO] Router Dispatch - Method: GET, Path: /api/v1/.env
[2026-08-22 01:25:35] [INFO] Router Dispatch - Method: GET, Path: /api/v2/.env
[2026-08-22 01:25:36] [INFO] Router Dispatch - Method: GET, Path: /api/v3/.env
[2026-08-22 01:25:36] [INFO] Router Dispatch - Method: GET, Path: /api/dev/.env
[2026-08-22 01:25:36] [INFO] Router Dispatch - Method: GET, Path: /api/staging/.env
[2026-08-22 01:26:11] [INFO] Router Dispatch - Method: GET, Path: /api/v1/auto_login
[2026-08-22 01:26:12] [INFO] Router Dispatch - Method: POST, Path: /api/v1/auto_login
[2026-08-22 01:36:43] [INFO] Router Dispatch - Method: GET, Path: /api/v1/.env
[2026-08-22 01:36:43] [INFO] Router Dispatch - Method: GET, Path: /api/v2/.env
[2026-08-22 01:36:44] [INFO] Router Dispatch - Method: GET, Path: /api/v3/.env
[2026-08-22 01:36:45] [INFO] Router Dispatch - Method: GET, Path: /api/dev/.env
[2026-08-22 01:36:45] [INFO] Router Dispatch - Method: GET, Path: /api/staging/.env
[2026-08-22 01:37:29] [INFO] Router Dispatch - Method: GET, Path: /api/v1/auto_login
[2026-08-22 01:37:29] [INFO] Router Dispatch - Method: POST, Path: /api/v1/auto_login
[2026-08-22 01:42:42] [INFO] Router Dispatch - Method: GET, Path: /api/v1/.env
[2026-08-22 01:42:42] [INFO] Router Dispatch - Method: GET, Path: /api/v2/.env
[2026-08-22 01:42:44] [INFO] Router Dispatch - Method: GET, Path: /api/v3/.env
[2026-08-22 01:42:44] [INFO] Router Dispatch - Method: GET, Path: /api/dev/.env
[2026-08-22 01:42:44] [INFO] Router Dispatch - Method: GET, Path: /api/staging/.env
[2026-08-22 01:43:34] [INFO] Router Dispatch - Method: GET, Path: /api/v1/auto_login
[2026-08-22 01:43:34] [INFO] Router Dispatch - Method: POST, Path: /api/v1/auto_login
[2026-08-22 01:44:37] [INFO] Router Dispatch - Method: GET, Path: /api/v1/.env
[2026-08-22 01:44:37] [INFO] Router Dispatch - Method: GET, Path: /api/v2/.env
[2026-08-22 01:44:38] [INFO] Router Dispatch - Method: GET, Path: /api/v3/.env
[2026-08-22 01:44:38] [INFO] Router Dispatch - Method: GET, Path: /api/dev/.env
[2026-08-22 01:44:39] [INFO] Router Dispatch - Method: GET, Path: /api/staging/.env
[2026-08-22 01:45:13] [INFO] Router Dispatch - Method: GET, Path: /api/v1/auto_login
[2026-08-22 01:45:13] [INFO] Router Dispatch - Method: POST, Path: /api/v1/auto_login
[2026-08-22 01:49:38] [INFO] Router Dispatch - Method: GET, Path: /api/v1/.env
[2026-08-22 01:49:39] [INFO] Router Dispatch - Method: GET, Path: /api/v2/.env
[2026-08-22 01:49:40] [INFO] Router Dispatch - Method: GET, Path: /api/v3/.env
[2026-08-22 01:49:41] [INFO] Router Dispatch - Method: GET, Path: /api/dev/.env
[2026-08-22 01:49:41] [INFO] Router Dispatch - Method: GET, Path: /api/staging/.env
[2026-08-22 01:50:33] [INFO] Router Dispatch - Method: GET, Path: /api/v1/auto_login
[2026-08-22 01:50:33] [INFO] Router Dispatch - Method: POST, Path: /api/v1/auto_login
[2026-08-22 01:54:45] [INFO] Router Dispatch - Method: GET, Path: /api/v1/.env
[2026-08-22 01:54:45] [INFO] Router Dispatch - Method: GET, Path: /api/v2/.env
[2026-08-22 01:54:47] [INFO] Router Dispatch - Method: GET, Path: /api/v3/.env
[2026-08-22 01:54:47] [INFO] Router Dispatch - Method: GET, Path: /api/dev/.env
[2026-08-22 01:54:47] [INFO] Router Dispatch - Method: GET, Path: /api/staging/.env
[2026-08-22 01:56:00] [INFO] Router Dispatch - Method: GET, Path: /api/v1/auto_login
[2026-08-22 01:56:00] [INFO] Router Dispatch - Method: POST, Path: /api/v1/auto_login
[2026-08-22 02:11:20] [INFO] Router Dispatch - Method: GET, Path: /api/v1/.env
[2026-08-22 02:11:20] [INFO] Router Dispatch - Method: GET, Path: /api/v2/.env
[2026-08-22 02:11:21] [INFO] Router Dispatch - Method: GET, Path: /api/v3/.env
[2026-08-22 02:11:21] [INFO] Router Dispatch - Method: GET, Path: /api/dev/.env
[2026-08-22 02:11:21] [INFO] Router Dispatch - Method: GET, Path: /api/staging/.env
[2026-08-22 02:11:30] [INFO] Router Dispatch - Method: GET, Path: /api/v1/auto_login
[2026-08-22 02:11:30] [INFO] Router Dispatch - Method: POST, Path: /api/v1/auto_login
[2026-08-22 02:16:36] [INFO] Router Dispatch - Method: GET, Path: /api/v1/.env
[2026-08-22 02:16:36] [INFO] Router Dispatch - Method: GET, Path: /api/v2/.env
[2026-08-22 02:16:38] [INFO] Router Dispatch - Method: GET, Path: /api/v3/.env
[2026-08-22 02:16:38] [INFO] Router Dispatch - Method: GET, Path: /api/dev/.env
[2026-08-22 02:16:39] [INFO] Router Dispatch - Method: GET, Path: /api/staging/.env
[2026-08-22 02:17:39] [INFO] Router Dispatch - Method: GET, Path: /api/v1/auto_login
[2026-08-22 02:17:40] [INFO] Router Dispatch - Method: POST, Path: /api/v1/auto_login
[2026-08-22 06:14:54] [INFO] Router Dispatch - Method: POST, Path: /api/graphql
[2026-08-22 12:59:08] [INFO] Router Dispatch - Method: POST, Path: /api/v1/payment/sms
[2026-08-22 12:59:08] [INFO] Router Dispatch - Method: POST, Path: /api/v1/payment/sms
[2026-08-22 14:13:08] [INFO] Router Dispatch - Method: POST, Path: /api/v1/payment/sms
[2026-08-22 14:20:42] [INFO] Router Dispatch - Method: POST, Path: /api/v1/payment/sms
[2026-08-22 22:27:53] [INFO] Router Dispatch - Method: GET, Path: /api/v1/.env
[2026-08-22 22:27:53] [INFO] Router Dispatch - Method: GET, Path: /api/v2/.env
[2026-08-22 22:27:55] [INFO] Router Dispatch - Method: GET, Path: /api/v3/.env
[2026-08-22 22:27:55] [INFO] Router Dispatch - Method: GET, Path: /api/dev/.env
[2026-08-22 22:27:55] [INFO] Router Dispatch - Method: GET, Path: /api/staging/.env
[2026-08-22 22:28:45] [INFO] Router Dispatch - Method: POST, Path: /api/v1/payment/sms
