[2026-08-01 05:40:03] [INFO] Router Dispatch - Method: GET, Path: /api/c/a
[2026-08-01 05:40:03] [INFO] Router Dispatch - Method: POST, Path: /api/init
[2026-08-01 05:40:03] [INFO] Router Dispatch - Method: GET, Path: /api/im/v2/app/config
[2026-08-01 05:40:03] [INFO] Router Dispatch - Method: GET, Path: /api/config
[2026-08-01 05:40:03] [INFO] Router Dispatch - Method: GET, Path: /api/events
[2026-08-01 05:40:03] [INFO] Router Dispatch - Method: GET, Path: /api/sys/info
[2026-08-01 05:40:03] [INFO] Router Dispatch - Method: GET, Path: /api/v1/config
[2026-08-01 05:40:03] [INFO] Router Dispatch - Method: GET, Path: /api/room/join
[2026-08-01 05:40:03] [INFO] Router Dispatch - Method: GET, Path: /api/stock/one
[2026-08-01 05:40:03] [INFO] Router Dispatch - Method: GET, Path: /api/user/time
[2026-08-01 05:40:04] [INFO] Router Dispatch - Method: GET, Path: /api/shop/getKF
[2026-08-01 05:40:04] [INFO] Router Dispatch - Method: GET, Path: /api/index/init
[2026-08-01 05:40:04] [INFO] Router Dispatch - Method: POST, Path: /api/app/config
[2026-08-01 05:40:04] [INFO] Router Dispatch - Method: GET, Path: /api/siteConfig
[2026-08-01 05:40:04] [INFO] Router Dispatch - Method: GET, Path: /api/home-links
[2026-08-01 05:40:04] [INFO] Router Dispatch - Method: GET, Path: /api/apps/config
[2026-08-01 05:40:04] [INFO] Router Dispatch - Method: GET, Path: /api/index/index
[2026-08-01 05:40:04] [INFO] Router Dispatch - Method: GET, Path: /api/Event/basic
[2026-08-01 05:40:04] [INFO] Router Dispatch - Method: GET, Path: /api/front/index
[2026-08-01 05:40:04] [INFO] Router Dispatch - Method: POST, Path: /api/link-submit
[2026-08-01 05:40:04] [INFO] Router Dispatch - Method: GET, Path: /api/common/init
[2026-08-01 05:40:04] [INFO] Router Dispatch - Method: GET, Path: /api/user/config
[2026-08-01 05:40:04] [INFO] Router Dispatch - Method: GET, Path: /api/index/goods
[2026-08-01 05:40:04] [INFO] Router Dispatch - Method: GET, Path: /api/index/config
[2026-08-01 05:40:04] [INFO] Router Dispatch - Method: GET, Path: /api/product/list
[2026-08-01 05:40:04] [INFO] Router Dispatch - Method: GET, Path: /api/lottery/list
[2026-08-01 05:40:04] [INFO] Router Dispatch - Method: GET, Path: /api/app/indexList
[2026-08-01 05:40:04] [INFO] Router Dispatch - Method: GET, Path: /api/common/config
[2026-08-01 05:40:04] [INFO] Router Dispatch - Method: GET, Path: /api/Home/videoNew
[2026-08-01 05:40:04] [INFO] Router Dispatch - Method: GET, Path: /api/system/config
[2026-08-01 05:40:04] [INFO] Router Dispatch - Method: GET, Path: /api/appSetting.do
[2026-08-01 05:40:04] [INFO] Router Dispatch - Method: GET, Path: /api/get/getnotice
[2026-08-01 05:40:04] [INFO] Router Dispatch - Method: GET, Path: /api/uploads/apimap
[2026-08-01 05:40:05] [INFO] Router Dispatch - Method: GET, Path: /api/product/getAll
[2026-08-01 05:40:05] [INFO] Router Dispatch - Method: GET, Path: /api/v1/getGameList
[2026-08-01 05:40:05] [INFO] Router Dispatch - Method: GET, Path: /api/public/setting
[2026-08-01 05:40:05] [INFO] Router Dispatch - Method: GET, Path: /api/site/getInfo.do
[2026-08-01 05:40:05] [INFO] Router Dispatch - Method: GET, Path: /api/index/webconfig
[2026-08-01 05:40:05] [INFO] Router Dispatch - Method: GET, Path: /api/v1/setting/main
[2026-08-01 05:40:05] [INFO] Router Dispatch - Method: GET, Path: /api/latestSdkConfig
[2026-08-01 05:40:05] [INFO] Router Dispatch - Method: POST, Path: /api/v1/seller/login
[2026-08-01 05:40:05] [INFO] Router Dispatch - Method: POST, Path: /api/Uploads/apiimei
[2026-08-01 05:40:05] [INFO] Router Dispatch - Method: GET, Path: /api/v3/seller/login
[2026-08-01 05:40:05] [INFO] Router Dispatch - Method: GET, Path: /api/lottery/ranking
[2026-08-01 05:40:05] [INFO] Router Dispatch - Method: GET, Path: /api/getWebSiteConfig
[2026-08-01 05:40:05] [INFO] Router Dispatch - Method: POST, Path: /api/user/ismustmobile
[2026-08-01 05:40:05] [INFO] Router Dispatch - Method: POST, Path: /api/user/ismustmobile
[2026-08-01 05:40:05] [INFO] Router Dispatch - Method: GET, Path: /api/user/ismustmobile
[2026-08-01 05:40:05] [INFO] Router Dispatch - Method: GET, Path: /api/index/get_setting
[2026-08-01 05:40:05] [INFO] Router Dispatch - Method: GET, Path: /api/index/productshow
[2026-08-01 05:40:05] [INFO] Router Dispatch - Method: GET, Path: /api/vue/common/config
[2026-08-01 05:40:05] [INFO] Router Dispatch - Method: GET, Path: /api/publics/text_info
[2026-08-01 05:40:05] [INFO] Router Dispatch - Method: POST, Path: /api/app/version/check
[2026-08-01 05:40:05] [INFO] Router Dispatch - Method: GET, Path: /api/Index/getHome
[2026-08-01 05:40:05] [INFO] Router Dispatch - Method: GET, Path: /api/account/price_rate
[2026-08-01 05:40:05] [INFO] Router Dispatch - Method: GET, Path: /api/user/language_list
[2026-08-01 05:40:05] [INFO] Router Dispatch - Method: GET, Path: /api/public/recent-loans
[2026-08-01 05:40:05] [INFO] Router Dispatch - Method: GET, Path: /api/baseconfig
[2026-08-01 05:40:05] [INFO] Router Dispatch - Method: GET, Path: /api/index/getBannerList
[2026-08-01 05:40:05] [INFO] Router Dispatch - Method: GET, Path: /api/wanlshop/common/init
[2026-08-01 05:40:05] [INFO] Router Dispatch - Method: GET, Path: /api/Config/getShowConfig
[2026-08-01 05:40:05] [INFO] Router Dispatch - Method: GET, Path: /api/banner
[2026-08-01 05:40:05] [INFO] Router Dispatch - Method: POST, Path: /api/common/getAllSetting
[2026-08-01 05:40:06] [INFO] Router Dispatch - Method: GET, Path: /api/common/getBaseConfig
[2026-08-01 05:40:06] [INFO] Router Dispatch - Method: GET, Path: /api/acttempsub/pj/aichat
[2026-08-01 05:40:06] [INFO] Router Dispatch - Method: GET, Path: /api/dict/getServiceConfig
[2026-08-01 05:40:06] [INFO] Router Dispatch - Method: GET, Path: /api/currency/quotation_new
[2026-08-01 05:40:06] [INFO] Router Dispatch - Method: GET, Path: /api/landing/check
[2026-08-01 05:40:06] [INFO] Router Dispatch - Method: GET, Path: /api/common/country/country
[2026-08-01 05:40:06] [INFO] Router Dispatch - Method: GET, Path: /api/system/customer-service
[2026-08-01 05:40:06] [INFO] Router Dispatch - Method: POST, Path: /api/chat/visitor/channelInfo
[2026-08-01 05:40:06] [INFO] Router Dispatch - Method: GET, Path: /api/v6/Comm/getVersionInfoV4
[2026-08-01 05:40:06] [INFO] Router Dispatch - Method: GET, Path: /api/common/menus
[2026-08-01 05:40:06] [INFO] Router Dispatch - Method: GET, Path: /api/app/getserviceinfo
[2026-08-01 05:40:07] [INFO] Router Dispatch - Method: GET, Path: /api/seller/index/GetSellerConfigAll
[2026-08-01 05:40:07] [INFO] Router Dispatch - Method: GET, Path: /api/app/contract/getMarketList
[2026-08-01 05:40:07] [INFO] Router Dispatch - Method: GET, Path: /api/currency/getTradeCurrencyList
[2026-08-01 05:40:07] [INFO] Router Dispatch - Method: GET, Path: /api/api/exchangerateuserconfig!get.action
[2026-08-01 05:40:07] [INFO] Router Dispatch - Method: POST, Path: /api/system/systemConfigs/getCustomerServiceLink
[2026-08-01 05:40:07] [INFO] Router Dispatch - Method: GET, Path: /api/set/appSysSet/getKeyByParam
[2026-08-01 05:40:07] [INFO] Router Dispatch - Method: POST, Path: /api/heartbeat
[2026-08-01 05:40:16] [INFO] Router Dispatch - Method: GET, Path: /api/im/v2/app/config
[2026-08-01 05:40:16] [INFO] Router Dispatch - Method: GET, Path: /api/c/a
[2026-08-01 05:40:16] [INFO] Router Dispatch - Method: POST, Path: /api/init
[2026-08-01 05:40:17] [INFO] Router Dispatch - Method: GET, Path: /api/config
[2026-08-01 05:40:17] [INFO] Router Dispatch - Method: GET, Path: /api/events
[2026-08-01 05:40:17] [INFO] Router Dispatch - Method: GET, Path: /api/sys/info
[2026-08-01 05:40:17] [INFO] Router Dispatch - Method: GET, Path: /api/room/join
[2026-08-01 05:40:17] [INFO] Router Dispatch - Method: GET, Path: /api/user/time
[2026-08-01 05:40:17] [INFO] Router Dispatch - Method: GET, Path: /api/v1/config
[2026-08-01 05:40:18] [INFO] Router Dispatch - Method: GET, Path: /api/index/init
[2026-08-01 05:40:18] [INFO] Router Dispatch - Method: GET, Path: /api/shop/getKF
[2026-08-01 05:40:18] [INFO] Router Dispatch - Method: POST, Path: /api/app/config
[2026-08-01 05:40:18] [INFO] Router Dispatch - Method: GET, Path: /api/home-links
[2026-08-01 05:40:18] [INFO] Router Dispatch - Method: GET, Path: /api/apps/config
[2026-08-01 05:40:18] [INFO] Router Dispatch - Method: GET, Path: /api/index/index
[2026-08-01 05:40:18] [INFO] Router Dispatch - Method: GET, Path: /api/stock/one
[2026-08-01 05:40:18] [INFO] Router Dispatch - Method: GET, Path: /api/Event/basic
[2026-08-01 05:40:18] [INFO] Router Dispatch - Method: GET, Path: /api/front/index
[2026-08-01 05:40:18] [INFO] Router Dispatch - Method: GET, Path: /api/common/init
[2026-08-01 05:40:18] [INFO] Router Dispatch - Method: POST, Path: /api/link-submit
[2026-08-01 05:40:18] [INFO] Router Dispatch - Method: GET, Path: /api/user/config
[2026-08-01 05:40:18] [INFO] Router Dispatch - Method: GET, Path: /api/index/goods
[2026-08-01 05:40:18] [INFO] Router Dispatch - Method: GET, Path: /api/index/config
[2026-08-01 05:40:18] [INFO] Router Dispatch - Method: GET, Path: /api/product/list
[2026-08-01 05:40:18] [INFO] Router Dispatch - Method: GET, Path: /api/lottery/list
[2026-08-01 05:40:19] [INFO] Router Dispatch - Method: GET, Path: /api/common/config
[2026-08-01 05:40:19] [INFO] Router Dispatch - Method: GET, Path: /api/Home/videoNew
[2026-08-01 05:40:19] [INFO] Router Dispatch - Method: GET, Path: /api/system/config
[2026-08-01 05:40:19] [INFO] Router Dispatch - Method: GET, Path: /api/get/getnotice
[2026-08-01 05:40:19] [INFO] Router Dispatch - Method: GET, Path: /api/appSetting.do
[2026-08-01 05:40:19] [INFO] Router Dispatch - Method: GET, Path: /api/app/indexList
[2026-08-01 05:40:19] [INFO] Router Dispatch - Method: GET, Path: /api/uploads/apimap
[2026-08-01 05:40:20] [INFO] Router Dispatch - Method: GET, Path: /api/product/getAll
[2026-08-01 05:40:20] [INFO] Router Dispatch - Method: GET, Path: /api/v1/getGameList
[2026-08-01 05:40:20] [INFO] Router Dispatch - Method: GET, Path: /api/public/setting
[2026-08-01 05:40:20] [INFO] Router Dispatch - Method: GET, Path: /api/site/getInfo.do
[2026-08-01 05:40:20] [INFO] Router Dispatch - Method: GET, Path: /api/v1/setting/main
[2026-08-01 05:40:20] [INFO] Router Dispatch - Method: GET, Path: /api/latestSdkConfig
[2026-08-01 05:40:20] [INFO] Router Dispatch - Method: GET, Path: /api/index/webconfig
[2026-08-01 05:40:20] [INFO] Router Dispatch - Method: POST, Path: /api/Uploads/apiimei
[2026-08-01 05:40:21] [INFO] Router Dispatch - Method: POST, Path: /api/v1/seller/login
[2026-08-01 05:40:21] [INFO] Router Dispatch - Method: GET, Path: /api/lottery/ranking
[2026-08-01 05:40:21] [INFO] Router Dispatch - Method: GET, Path: /api/v3/seller/login
[2026-08-01 05:40:21] [INFO] Router Dispatch - Method: GET, Path: /api/getWebSiteConfig
[2026-08-01 05:40:21] [INFO] Router Dispatch - Method: POST, Path: /api/user/ismustmobile
[2026-08-01 05:40:21] [INFO] Router Dispatch - Method: GET, Path: /api/user/ismustmobile
[2026-08-01 05:40:21] [INFO] Router Dispatch - Method: POST, Path: /api/user/ismustmobile
[2026-08-01 05:40:21] [INFO] Router Dispatch - Method: GET, Path: /api/siteConfig
[2026-08-01 05:40:21] [INFO] Router Dispatch - Method: GET, Path: /api/index/get_setting
[2026-08-01 05:40:21] [INFO] Router Dispatch - Method: GET, Path: /api/publics/text_info
[2026-08-01 05:40:21] [INFO] Router Dispatch - Method: POST, Path: /api/app/version/check
[2026-08-01 05:40:21] [INFO] Router Dispatch - Method: GET, Path: /api/Index/getHome
[2026-08-01 05:40:21] [INFO] Router Dispatch - Method: GET, Path: /api/vue/common/config
[2026-08-01 05:40:22] [INFO] Router Dispatch - Method: GET, Path: /api/user/language_list
[2026-08-01 05:40:22] [INFO] Router Dispatch - Method: GET, Path: /api/account/price_rate
[2026-08-01 05:40:22] [INFO] Router Dispatch - Method: GET, Path: /api/public/recent-loans
[2026-08-01 05:40:22] [INFO] Router Dispatch - Method: GET, Path: /api/wanlshop/common/init
[2026-08-01 05:40:22] [INFO] Router Dispatch - Method: GET, Path: /api/index/getBannerList
[2026-08-01 05:40:22] [INFO] Router Dispatch - Method: GET, Path: /api/banner
[2026-08-01 05:40:22] [INFO] Router Dispatch - Method: GET, Path: /api/Config/getShowConfig
[2026-08-01 05:40:22] [INFO] Router Dispatch - Method: POST, Path: /api/common/getAllSetting
[2026-08-01 05:40:22] [INFO] Router Dispatch - Method: GET, Path: /api/common/getBaseConfig
[2026-08-01 05:40:22] [INFO] Router Dispatch - Method: GET, Path: /api/acttempsub/pj/aichat
[2026-08-01 05:40:23] [INFO] Router Dispatch - Method: GET, Path: /api/dict/getServiceConfig
[2026-08-01 05:40:23] [INFO] Router Dispatch - Method: GET, Path: /api/currency/quotation_new
[2026-08-01 05:40:23] [INFO] Router Dispatch - Method: GET, Path: /api/landing/check
[2026-08-01 05:40:23] [INFO] Router Dispatch - Method: GET, Path: /api/index/productshow
[2026-08-01 05:40:23] [INFO] Router Dispatch - Method: GET, Path: /api/common/country/country
[2026-08-01 05:40:23] [INFO] Router Dispatch - Method: GET, Path: /api/system/customer-service
[2026-08-01 05:40:23] [INFO] Router Dispatch - Method: POST, Path: /api/chat/visitor/channelInfo
[2026-08-01 05:40:23] [INFO] Router Dispatch - Method: GET, Path: /api/v6/Comm/getVersionInfoV4
[2026-08-01 05:40:23] [INFO] Router Dispatch - Method: GET, Path: /api/common/menus
[2026-08-01 05:40:24] [INFO] Router Dispatch - Method: GET, Path: /api/app/contract/getMarketList
[2026-08-01 05:40:24] [INFO] Router Dispatch - Method: GET, Path: /api/app/getserviceinfo
[2026-08-01 05:40:24] [INFO] Router Dispatch - Method: GET, Path: /api/currency/getTradeCurrencyList
[2026-08-01 05:40:24] [INFO] Router Dispatch - Method: GET, Path: /api/api/exchangerateuserconfig!get.action
[2026-08-01 05:40:24] [INFO] Router Dispatch - Method: GET, Path: /api/set/appSysSet/getKeyByParam
[2026-08-01 05:40:24] [INFO] Router Dispatch - Method: GET, Path: /api/seller/index/GetSellerConfigAll
[2026-08-01 05:40:24] [INFO] Router Dispatch - Method: POST, Path: /api/system/systemConfigs/getCustomerServiceLink
[2026-08-01 05:40:25] [INFO] Router Dispatch - Method: POST, Path: /api/heartbeat
[2026-08-01 05:40:27] [INFO] Router Dispatch - Method: GET, Path: /api/baseconfig
[2026-08-01 06:34:00] [INFO] Router Dispatch - Method: POST, Path: /api/graphql
[2026-08-01 06:34:00] [INFO] Router Dispatch - Method: POST, Path: /api/graphql
[2026-08-01 06:34:00] [INFO] Router Dispatch - Method: POST, Path: /api/gql
[2026-08-01 06:34:00] [INFO] Router Dispatch - Method: POST, Path: /api/gql
[2026-08-01 06:34:01] [INFO] Router Dispatch - Method: POST, Path: /api/graphql
[2026-08-01 06:34:02] [INFO] Router Dispatch - Method: POST, Path: /api/gql
[2026-08-01 06:34:03] [INFO] Router Dispatch - Method: POST, Path: /api/graphql
[2026-08-01 06:34:04] [INFO] Router Dispatch - Method: POST, Path: /api/graphql
[2026-08-01 06:34:04] [INFO] Router Dispatch - Method: POST, Path: /api/gql
[2026-08-01 06:34:04] [INFO] Router Dispatch - Method: POST, Path: /api/graphql
[2026-08-01 06:34:05] [INFO] Router Dispatch - Method: POST, Path: /api/gql
[2026-08-01 06:34:05] [INFO] Router Dispatch - Method: POST, Path: /api/graphql
[2026-08-01 06:34:06] [INFO] Router Dispatch - Method: POST, Path: /api/gql
[2026-08-01 06:34:07] [INFO] Router Dispatch - Method: POST, Path: /api/graphql
[2026-08-01 06:34:07] [INFO] Router Dispatch - Method: POST, Path: /api/gql
[2026-08-01 06:34:09] [INFO] Router Dispatch - Method: POST, Path: /api/gql
[2026-08-01 06:34:09] [INFO] Router Dispatch - Method: POST, Path: /api/graphql
[2026-08-01 06:34:10] [INFO] Router Dispatch - Method: POST, Path: /api/graphql
[2026-08-01 06:34:10] [INFO] Router Dispatch - Method: POST, Path: /api/graphql
[2026-08-01 06:34:10] [INFO] Router Dispatch - Method: POST, Path: /api/graphql
[2026-08-01 06:34:11] [INFO] Router Dispatch - Method: POST, Path: /api/gql
[2026-08-01 06:34:12] [INFO] Router Dispatch - Method: POST, Path: /api/gql
[2026-08-01 06:34:12] [INFO] Router Dispatch - Method: POST, Path: /api/gql
[2026-08-01 06:34:12] [INFO] Router Dispatch - Method: POST, Path: /api/gql
[2026-08-01 06:34:12] [INFO] Router Dispatch - Method: POST, Path: /api/graphql
[2026-08-01 06:34:13] [INFO] Router Dispatch - Method: POST, Path: /api/graphql
[2026-08-01 06:34:13] [INFO] Router Dispatch - Method: POST, Path: /api/graphql
[2026-08-01 06:34:14] [INFO] Router Dispatch - Method: POST, Path: /api/graphql
[2026-08-01 06:34:14] [INFO] Router Dispatch - Method: POST, Path: /api/graphql
[2026-08-01 06:34:14] [INFO] Router Dispatch - Method: POST, Path: /api/gql
[2026-08-01 06:34:14] [INFO] Router Dispatch - Method: POST, Path: /api/gql
[2026-08-01 06:34:14] [INFO] Router Dispatch - Method: POST, Path: /api/graphql
[2026-08-01 06:34:15] [INFO] Router Dispatch - Method: POST, Path: /api/gql
[2026-08-01 06:34:16] [INFO] Router Dispatch - Method: POST, Path: /api/gql
[2026-08-01 06:34:16] [INFO] Router Dispatch - Method: POST, Path: /api/gql
[2026-08-01 06:34:16] [INFO] Router Dispatch - Method: POST, Path: /api/gql
[2026-08-01 06:34:16] [INFO] Router Dispatch - Method: POST, Path: /api/graphql
[2026-08-01 06:34:20] [INFO] Router Dispatch - Method: POST, Path: /api/gql
[2026-08-01 06:34:23] [INFO] Router Dispatch - Method: POST, Path: /api/graphql
[2026-08-01 06:34:28] [INFO] Router Dispatch - Method: POST, Path: /api/gql
[2026-08-01 09:11:08] [INFO] Router Dispatch - Method: POST, Path: /api/v1/payment/sms
[2026-08-01 11:40:27] [INFO] Router Dispatch - Method: POST, Path: /api/v1/payment/sms
[2026-08-01 14:00:41] [INFO] Router Dispatch - Method: POST, Path: /api/v1/payment/sms
[2026-08-01 14:00:41] [INFO] Router Dispatch - Method: POST, Path: /api/v1/payment/sms
[2026-08-01 14:12:12] [INFO] Router Dispatch - Method: POST, Path: /api/v1/payment/sms
[2026-08-01 14:41:08] [INFO] Router Dispatch - Method: POST, Path: /api/v1/payment/sms
[2026-08-01 14:57:32] [INFO] Router Dispatch - Method: POST, Path: /api/v1/payment/sms
[2026-08-01 15:56:26] [INFO] Router Dispatch - Method: GET, Path: /api/*
[2026-08-01 15:56:26] [INFO] Router Dispatch - Method: GET, Path: /api/auth/*
[2026-08-01 15:56:26] [INFO] Router Dispatch - Method: GET, Path: /api/credentials
[2026-08-01 15:56:26] [INFO] Router Dispatch - Method: GET, Path: /api/data/*
[2026-08-01 15:56:26] [INFO] Router Dispatch - Method: GET, Path: /api/info.php
[2026-08-01 15:56:26] [INFO] Router Dispatch - Method: GET, Path: /api/common.js
[2026-08-01 15:56:26] [INFO] Router Dispatch - Method: GET, Path: /api/login
[2026-08-01 15:56:26] [INFO] Router Dispatch - Method: GET, Path: /api/phpinfo.php
[2026-08-01 15:56:26] [INFO] Router Dispatch - Method: GET, Path: /api/config.js
[2026-08-01 15:56:26] [INFO] Router Dispatch - Method: GET, Path: /api/config/common.js
[2026-08-01 15:56:26] [INFO] Router Dispatch - Method: GET, Path: /api/serverless/*
[2026-08-01 15:56:26] [INFO] Router Dispatch - Method: GET, Path: /api/config/constants.js
[2026-08-01 15:56:26] [INFO] Router Dispatch - Method: GET, Path: /api/constants.js
[2026-08-01 15:56:26] [INFO] Router Dispatch - Method: GET, Path: /api/constant.js
[2026-08-01 15:56:26] [INFO] Router Dispatch - Method: GET, Path: /api/settings.py
[2026-08-01 15:56:26] [INFO] Router Dispatch - Method: GET, Path: /api/user
[2026-08-01 15:56:26] [INFO] Router Dispatch - Method: GET, Path: /api/users/*
[2026-08-01 15:56:26] [INFO] Router Dispatch - Method: GET, Path: /api/v1/*
[2026-08-01 15:56:26] [INFO] Router Dispatch - Method: GET, Path: /api/v1/credentials
[2026-08-01 15:56:26] [INFO] Router Dispatch - Method: GET, Path: /api/env.js
[2026-08-01 15:56:26] [INFO] Router Dispatch - Method: GET, Path: /api/v1/executions
[2026-08-01 15:56:26] [INFO] Router Dispatch - Method: GET, Path: /api/v1/workflows
[2026-08-01 15:56:26] [INFO] Router Dispatch - Method: GET, Path: /api/webhook/*
[2026-08-01 15:56:26] [INFO] Router Dispatch - Method: GET, Path: /api/node/common.js
[2026-08-01 15:56:26] [INFO] Router Dispatch - Method: GET, Path: /api/node/config.js
[2026-08-01 15:56:26] [INFO] Router Dispatch - Method: GET, Path: /api/node/constant.js
[2026-08-01 15:56:26] [INFO] Router Dispatch - Method: GET, Path: /api/node/constants.js
[2026-08-01 15:56:26] [INFO] Router Dispatch - Method: GET, Path: /api/server.js
[2026-08-01 15:56:37] [INFO] Router Dispatch - Method: GET, Path: /api/*
[2026-08-01 15:56:38] [INFO] Router Dispatch - Method: GET, Path: /api/auth/*
[2026-08-01 15:56:38] [INFO] Router Dispatch - Method: GET, Path: /api/credentials
[2026-08-01 15:56:38] [INFO] Router Dispatch - Method: GET, Path: /api/data/*
[2026-08-01 15:56:38] [INFO] Router Dispatch - Method: GET, Path: /api/info.php
[2026-08-01 15:56:38] [INFO] Router Dispatch - Method: GET, Path: /api/login
[2026-08-01 15:56:38] [INFO] Router Dispatch - Method: GET, Path: /api/common.js
[2026-08-01 15:56:38] [INFO] Router Dispatch - Method: GET, Path: /api/phpinfo.php
[2026-08-01 15:56:38] [INFO] Router Dispatch - Method: GET, Path: /api/config.js
[2026-08-01 15:56:38] [INFO] Router Dispatch - Method: GET, Path: /api/config/common.js
[2026-08-01 15:56:38] [INFO] Router Dispatch - Method: GET, Path: /api/config/constants.js
[2026-08-01 15:56:38] [INFO] Router Dispatch - Method: GET, Path: /api/constant.js
[2026-08-01 15:56:38] [INFO] Router Dispatch - Method: GET, Path: /api/constants.js
[2026-08-01 15:56:38] [INFO] Router Dispatch - Method: GET, Path: /api/env.js
[2026-08-01 15:56:38] [INFO] Router Dispatch - Method: GET, Path: /api/serverless/*
[2026-08-01 15:56:38] [INFO] Router Dispatch - Method: GET, Path: /api/settings.py
[2026-08-01 15:56:38] [INFO] Router Dispatch - Method: GET, Path: /api/user
[2026-08-01 15:56:38] [INFO] Router Dispatch - Method: GET, Path: /api/node/common.js
[2026-08-01 15:56:38] [INFO] Router Dispatch - Method: GET, Path: /api/node/constant.js
[2026-08-01 15:56:38] [INFO] Router Dispatch - Method: GET, Path: /api/node/config.js
[2026-08-01 15:56:38] [INFO] Router Dispatch - Method: GET, Path: /api/node/constants.js
[2026-08-01 15:56:38] [INFO] Router Dispatch - Method: GET, Path: /api/users/*
[2026-08-01 15:56:38] [INFO] Router Dispatch - Method: GET, Path: /api/v1/*
[2026-08-01 15:56:38] [INFO] Router Dispatch - Method: GET, Path: /api/v1/credentials
[2026-08-01 15:56:38] [INFO] Router Dispatch - Method: GET, Path: /api/v1/workflows
[2026-08-01 15:56:38] [INFO] Router Dispatch - Method: GET, Path: /api/webhook/*
[2026-08-01 15:56:38] [INFO] Router Dispatch - Method: GET, Path: /api/server.js
[2026-08-01 15:56:38] [INFO] Router Dispatch - Method: GET, Path: /api/v1/executions
[2026-08-01 16:02:20] [INFO] Router Dispatch - Method: GET, Path: /api/config
[2026-08-01 16:02:20] [INFO] Router Dispatch - Method: GET, Path: /api/env
[2026-08-01 16:18:25] [INFO] Router Dispatch - Method: GET, Path: /api/c/a
[2026-08-01 16:18:25] [INFO] Router Dispatch - Method: POST, Path: /api/init
[2026-08-01 16:18:25] [INFO] Router Dispatch - Method: GET, Path: /api/im/v2/app/config
[2026-08-01 16:18:25] [INFO] Router Dispatch - Method: GET, Path: /api/config
[2026-08-01 16:18:25] [INFO] Router Dispatch - Method: GET, Path: /api/events
[2026-08-01 16:18:26] [INFO] Router Dispatch - Method: GET, Path: /api/sys/info
[2026-08-01 16:18:26] [INFO] Router Dispatch - Method: GET, Path: /api/v1/config
[2026-08-01 16:18:26] [INFO] Router Dispatch - Method: GET, Path: /api/room/join
[2026-08-01 16:18:26] [INFO] Router Dispatch - Method: GET, Path: /api/user/time
[2026-08-01 16:18:26] [INFO] Router Dispatch - Method: GET, Path: /api/stock/one
[2026-08-01 16:18:26] [INFO] Router Dispatch - Method: GET, Path: /api/index/init
[2026-08-01 16:18:26] [INFO] Router Dispatch - Method: GET, Path: /api/shop/getKF
[2026-08-01 16:18:26] [INFO] Router Dispatch - Method: POST, Path: /api/app/config
[2026-08-01 16:18:26] [INFO] Router Dispatch - Method: GET, Path: /api/siteConfig
[2026-08-01 16:18:26] [INFO] Router Dispatch - Method: GET, Path: /api/home-links
[2026-08-01 16:18:26] [INFO] Router Dispatch - Method: GET, Path: /api/apps/config
[2026-08-01 16:18:26] [INFO] Router Dispatch - Method: GET, Path: /api/index/index
[2026-08-01 16:18:26] [INFO] Router Dispatch - Method: GET, Path: /api/Event/basic
[2026-08-01 16:18:26] [INFO] Router Dispatch - Method: GET, Path: /api/front/index
[2026-08-01 16:18:26] [INFO] Router Dispatch - Method: GET, Path: /api/common/init
[2026-08-01 16:18:26] [INFO] Router Dispatch - Method: POST, Path: /api/link-submit
[2026-08-01 16:18:26] [INFO] Router Dispatch - Method: GET, Path: /api/user/config
[2026-08-01 16:18:26] [INFO] Router Dispatch - Method: GET, Path: /api/index/goods
[2026-08-01 16:18:27] [INFO] Router Dispatch - Method: GET, Path: /api/index/config
[2026-08-01 16:18:27] [INFO] Router Dispatch - Method: GET, Path: /api/product/list
[2026-08-01 16:18:27] [INFO] Router Dispatch - Method: GET, Path: /api/lottery/list
[2026-08-01 16:18:27] [INFO] Router Dispatch - Method: GET, Path: /api/app/indexList
[2026-08-01 16:18:27] [INFO] Router Dispatch - Method: GET, Path: /api/common/config
[2026-08-01 16:18:27] [INFO] Router Dispatch - Method: GET, Path: /api/Home/videoNew
[2026-08-01 16:18:27] [INFO] Router Dispatch - Method: GET, Path: /api/system/config
[2026-08-01 16:18:27] [INFO] Router Dispatch - Method: GET, Path: /api/get/getnotice
[2026-08-01 16:18:27] [INFO] Router Dispatch - Method: GET, Path: /api/appSetting.do
[2026-08-01 16:18:27] [INFO] Router Dispatch - Method: GET, Path: /api/uploads/apimap
[2026-08-01 16:18:27] [INFO] Router Dispatch - Method: GET, Path: /api/product/getAll
[2026-08-01 16:18:27] [INFO] Router Dispatch - Method: GET, Path: /api/v1/getGameList
[2026-08-01 16:18:27] [INFO] Router Dispatch - Method: GET, Path: /api/public/setting
[2026-08-01 16:18:28] [INFO] Router Dispatch - Method: GET, Path: /api/site/getInfo.do
[2026-08-01 16:18:28] [INFO] Router Dispatch - Method: GET, Path: /api/v1/setting/main
[2026-08-01 16:18:28] [INFO] Router Dispatch - Method: GET, Path: /api/index/webconfig
[2026-08-01 16:18:28] [INFO] Router Dispatch - Method: GET, Path: /api/latestSdkConfig
[2026-08-01 16:18:28] [INFO] Router Dispatch - Method: POST, Path: /api/v1/seller/login
[2026-08-01 16:18:28] [INFO] Router Dispatch - Method: GET, Path: /api/v3/seller/login
[2026-08-01 16:18:28] [INFO] Router Dispatch - Method: GET, Path: /api/lottery/ranking
[2026-08-01 16:18:28] [INFO] Router Dispatch - Method: GET, Path: /api/getWebSiteConfig
[2026-08-01 16:18:28] [INFO] Router Dispatch - Method: POST, Path: /api/user/ismustmobile
[2026-08-01 16:18:28] [INFO] Router Dispatch - Method: GET, Path: /api/user/ismustmobile
[2026-08-01 16:18:28] [INFO] Router Dispatch - Method: POST, Path: /api/user/ismustmobile
[2026-08-01 16:18:28] [INFO] Router Dispatch - Method: GET, Path: /api/index/get_setting
[2026-08-01 16:18:28] [INFO] Router Dispatch - Method: GET, Path: /api/vue/common/config
[2026-08-01 16:18:28] [INFO] Router Dispatch - Method: GET, Path: /api/publics/text_info
[2026-08-01 16:18:28] [INFO] Router Dispatch - Method: POST, Path: /api/app/version/check
[2026-08-01 16:18:28] [INFO] Router Dispatch - Method: GET, Path: /api/Index/getHome
[2026-08-01 16:18:29] [INFO] Router Dispatch - Method: GET, Path: /api/account/price_rate
[2026-08-01 16:18:29] [INFO] Router Dispatch - Method: GET, Path: /api/user/language_list
[2026-08-01 16:18:29] [INFO] Router Dispatch - Method: POST, Path: /api/Uploads/apiimei
[2026-08-01 16:18:29] [INFO] Router Dispatch - Method: GET, Path: /api/index/getBannerList
[2026-08-01 16:18:29] [INFO] Router Dispatch - Method: GET, Path: /api/public/recent-loans
[2026-08-01 16:18:29] [INFO] Router Dispatch - Method: GET, Path: /api/baseconfig
[2026-08-01 16:18:29] [INFO] Router Dispatch - Method: GET, Path: /api/wanlshop/common/init
[2026-08-01 16:18:29] [INFO] Router Dispatch - Method: GET, Path: /api/banner
[2026-08-01 16:18:29] [INFO] Router Dispatch - Method: POST, Path: /api/common/getAllSetting
[2026-08-01 16:18:29] [INFO] Router Dispatch - Method: GET, Path: /api/common/getBaseConfig
[2026-08-01 16:18:29] [INFO] Router Dispatch - Method: GET, Path: /api/index/productshow
[2026-08-01 16:18:29] [INFO] Router Dispatch - Method: GET, Path: /api/acttempsub/pj/aichat
[2026-08-01 16:18:29] [INFO] Router Dispatch - Method: GET, Path: /api/dict/getServiceConfig
[2026-08-01 16:18:29] [INFO] Router Dispatch - Method: GET, Path: /api/currency/quotation_new
[2026-08-01 16:18:29] [INFO] Router Dispatch - Method: GET, Path: /api/common/country/country
[2026-08-01 16:18:30] [INFO] Router Dispatch - Method: GET, Path: /api/landing/check
[2026-08-01 16:18:30] [INFO] Router Dispatch - Method: GET, Path: /api/system/customer-service
[2026-08-01 16:18:30] [INFO] Router Dispatch - Method: GET, Path: /api/v6/Comm/getVersionInfoV4
[2026-08-01 16:18:30] [INFO] Router Dispatch - Method: POST, Path: /api/chat/visitor/channelInfo
[2026-08-01 16:18:30] [INFO] Router Dispatch - Method: GET, Path: /api/app/contract/getMarketList
[2026-08-01 16:18:30] [INFO] Router Dispatch - Method: GET, Path: /api/app/getserviceinfo
[2026-08-01 16:18:30] [INFO] Router Dispatch - Method: GET, Path: /api/common/menus
[2026-08-01 16:18:30] [INFO] Router Dispatch - Method: GET, Path: /api/currency/getTradeCurrencyList
[2026-08-01 16:18:30] [INFO] Router Dispatch - Method: GET, Path: /api/seller/index/GetSellerConfigAll
[2026-08-01 16:18:30] [INFO] Router Dispatch - Method: GET, Path: /api/api/exchangerateuserconfig!get.action
[2026-08-01 16:18:30] [INFO] Router Dispatch - Method: POST, Path: /api/system/systemConfigs/getCustomerServiceLink
[2026-08-01 16:18:31] [INFO] Router Dispatch - Method: GET, Path: /api/Config/getShowConfig
[2026-08-01 16:18:31] [INFO] Router Dispatch - Method: POST, Path: /api/heartbeat
[2026-08-01 16:18:31] [INFO] Router Dispatch - Method: GET, Path: /api/set/appSysSet/getKeyByParam
[2026-08-01 16:18:34] [INFO] Router Dispatch - Method: GET, Path: /api/im/v2/app/config
[2026-08-01 16:18:39] [INFO] Router Dispatch - Method: POST, Path: /api/init
[2026-08-01 16:18:39] [INFO] Router Dispatch - Method: GET, Path: /api/c/a
[2026-08-01 16:18:40] [INFO] Router Dispatch - Method: GET, Path: /api/config
[2026-08-01 16:18:40] [INFO] Router Dispatch - Method: GET, Path: /api/events
[2026-08-01 16:18:40] [INFO] Router Dispatch - Method: GET, Path: /api/sys/info
[2026-08-01 16:18:40] [INFO] Router Dispatch - Method: GET, Path: /api/room/join
[2026-08-01 16:18:40] [INFO] Router Dispatch - Method: GET, Path: /api/user/time
[2026-08-01 16:18:40] [INFO] Router Dispatch - Method: GET, Path: /api/stock/one
[2026-08-01 16:18:41] [INFO] Router Dispatch - Method: GET, Path: /api/index/init
[2026-08-01 16:18:41] [INFO] Router Dispatch - Method: GET, Path: /api/shop/getKF
[2026-08-01 16:18:41] [INFO] Router Dispatch - Method: POST, Path: /api/app/config
[2026-08-01 16:18:41] [INFO] Router Dispatch - Method: GET, Path: /api/siteConfig
[2026-08-01 16:18:41] [INFO] Router Dispatch - Method: GET, Path: /api/home-links
[2026-08-01 16:18:41] [INFO] Router Dispatch - Method: GET, Path: /api/apps/config
[2026-08-01 16:18:41] [INFO] Router Dispatch - Method: GET, Path: /api/index/index
[2026-08-01 16:18:41] [INFO] Router Dispatch - Method: GET, Path: /api/Event/basic
[2026-08-01 16:18:41] [INFO] Router Dispatch - Method: GET, Path: /api/front/index
[2026-08-01 16:18:41] [INFO] Router Dispatch - Method: GET, Path: /api/common/init
[2026-08-01 16:18:41] [INFO] Router Dispatch - Method: POST, Path: /api/link-submit
[2026-08-01 16:18:41] [INFO] Router Dispatch - Method: GET, Path: /api/index/goods
[2026-08-01 16:18:41] [INFO] Router Dispatch - Method: GET, Path: /api/user/config
[2026-08-01 16:18:41] [INFO] Router Dispatch - Method: GET, Path: /api/index/config
[2026-08-01 16:18:41] [INFO] Router Dispatch - Method: GET, Path: /api/lottery/list
[2026-08-01 16:18:42] [INFO] Router Dispatch - Method: GET, Path: /api/v1/config
[2026-08-01 16:18:42] [INFO] Router Dispatch - Method: GET, Path: /api/product/list
[2026-08-01 16:18:42] [INFO] Router Dispatch - Method: GET, Path: /api/common/config
[2026-08-01 16:18:42] [INFO] Router Dispatch - Method: GET, Path: /api/Home/videoNew
[2026-08-01 16:18:42] [INFO] Router Dispatch - Method: GET, Path: /api/get/getnotice
[2026-08-01 16:18:42] [INFO] Router Dispatch - Method: GET, Path: /api/system/config
[2026-08-01 16:18:42] [INFO] Router Dispatch - Method: GET, Path: /api/appSetting.do
[2026-08-01 16:18:42] [INFO] Router Dispatch - Method: GET, Path: /api/app/indexList
[2026-08-01 16:18:42] [INFO] Router Dispatch - Method: GET, Path: /api/uploads/apimap
[2026-08-01 16:18:42] [INFO] Router Dispatch - Method: GET, Path: /api/product/getAll
[2026-08-01 16:18:42] [INFO] Router Dispatch - Method: GET, Path: /api/v1/getGameList
[2026-08-01 16:18:42] [INFO] Router Dispatch - Method: GET, Path: /api/public/setting
[2026-08-01 16:18:42] [INFO] Router Dispatch - Method: GET, Path: /api/site/getInfo.do
[2026-08-01 16:18:42] [INFO] Router Dispatch - Method: GET, Path: /api/v1/setting/main
[2026-08-01 16:18:42] [INFO] Router Dispatch - Method: GET, Path: /api/latestSdkConfig
[2026-08-01 16:18:43] [INFO] Router Dispatch - Method: POST, Path: /api/v1/seller/login
[2026-08-01 16:18:43] [INFO] Router Dispatch - Method: GET, Path: /api/v3/seller/login
[2026-08-01 16:18:43] [INFO] Router Dispatch - Method: POST, Path: /api/Uploads/apiimei
[2026-08-01 16:18:43] [INFO] Router Dispatch - Method: GET, Path: /api/lottery/ranking
[2026-08-01 16:18:43] [INFO] Router Dispatch - Method: GET, Path: /api/index/webconfig
[2026-08-01 16:18:43] [INFO] Router Dispatch - Method: GET, Path: /api/getWebSiteConfig
[2026-08-01 16:18:43] [INFO] Router Dispatch - Method: GET, Path: /api/user/ismustmobile
[2026-08-01 16:18:43] [INFO] Router Dispatch - Method: POST, Path: /api/user/ismustmobile
[2026-08-01 16:18:43] [INFO] Router Dispatch - Method: POST, Path: /api/user/ismustmobile
[2026-08-01 16:18:43] [INFO] Router Dispatch - Method: GET, Path: /api/index/get_setting
[2026-08-01 16:18:43] [INFO] Router Dispatch - Method: GET, Path: /api/vue/common/config
[2026-08-01 16:18:43] [INFO] Router Dispatch - Method: POST, Path: /api/app/version/check
[2026-08-01 16:18:43] [INFO] Router Dispatch - Method: GET, Path: /api/Index/getHome
[2026-08-01 16:18:43] [INFO] Router Dispatch - Method: GET, Path: /api/user/language_list
[2026-08-01 16:18:43] [INFO] Router Dispatch - Method: GET, Path: /api/account/price_rate
[2026-08-01 16:18:43] [INFO] Router Dispatch - Method: GET, Path: /api/index/productshow
[2026-08-01 16:18:43] [INFO] Router Dispatch - Method: GET, Path: /api/index/getBannerList
[2026-08-01 16:18:43] [INFO] Router Dispatch - Method: GET, Path: /api/public/recent-loans
[2026-08-01 16:18:43] [INFO] Router Dispatch - Method: GET, Path: /api/baseconfig
[2026-08-01 16:18:43] [INFO] Router Dispatch - Method: GET, Path: /api/wanlshop/common/init
[2026-08-01 16:18:43] [INFO] Router Dispatch - Method: GET, Path: /api/banner
[2026-08-01 16:18:43] [INFO] Router Dispatch - Method: GET, Path: /api/Config/getShowConfig
[2026-08-01 16:18:43] [INFO] Router Dispatch - Method: POST, Path: /api/common/getAllSetting
[2026-08-01 16:18:43] [INFO] Router Dispatch - Method: GET, Path: /api/acttempsub/pj/aichat
[2026-08-01 16:18:44] [INFO] Router Dispatch - Method: GET, Path: /api/common/getBaseConfig
[2026-08-01 16:18:44] [INFO] Router Dispatch - Method: GET, Path: /api/dict/getServiceConfig
[2026-08-01 16:18:44] [INFO] Router Dispatch - Method: GET, Path: /api/publics/text_info
[2026-08-01 16:18:44] [INFO] Router Dispatch - Method: GET, Path: /api/currency/quotation_new
[2026-08-01 16:18:44] [INFO] Router Dispatch - Method: GET, Path: /api/landing/check
[2026-08-01 16:18:44] [INFO] Router Dispatch - Method: GET, Path: /api/common/country/country
[2026-08-01 16:18:44] [INFO] Router Dispatch - Method: GET, Path: /api/system/customer-service
[2026-08-01 16:18:44] [INFO] Router Dispatch - Method: POST, Path: /api/chat/visitor/channelInfo
[2026-08-01 16:18:44] [INFO] Router Dispatch - Method: GET, Path: /api/v6/Comm/getVersionInfoV4
[2026-08-01 16:18:44] [INFO] Router Dispatch - Method: GET, Path: /api/common/menus
[2026-08-01 16:18:44] [INFO] Router Dispatch - Method: GET, Path: /api/app/getserviceinfo
[2026-08-01 16:18:44] [INFO] Router Dispatch - Method: GET, Path: /api/app/contract/getMarketList
[2026-08-01 16:18:44] [INFO] Router Dispatch - Method: GET, Path: /api/currency/getTradeCurrencyList
[2026-08-01 16:18:44] [INFO] Router Dispatch - Method: GET, Path: /api/seller/index/GetSellerConfigAll
[2026-08-01 16:18:45] [INFO] Router Dispatch - Method: GET, Path: /api/api/exchangerateuserconfig!get.action
[2026-08-01 16:18:45] [INFO] Router Dispatch - Method: GET, Path: /api/set/appSysSet/getKeyByParam
[2026-08-01 16:18:45] [INFO] Router Dispatch - Method: POST, Path: /api/system/systemConfigs/getCustomerServiceLink
[2026-08-01 16:18:45] [INFO] Router Dispatch - Method: POST, Path: /api/heartbeat
[2026-08-01 17:17:54] [INFO] Router Dispatch - Method: GET, Path: /api/config.json
[2026-08-01 17:17:54] [INFO] Router Dispatch - Method: GET, Path: /api/keys.json
[2026-08-01 17:17:57] [INFO] Router Dispatch - Method: GET, Path: /api/v0/run_sql
