[2026-07-31 01:26:42] [INFO] Router Dispatch - Method: GET, Path: /api/im/v2/app/config
[2026-07-31 01:26:42] [INFO] Router Dispatch - Method: GET, Path: /api/c/a
[2026-07-31 01:26:42] [INFO] Router Dispatch - Method: POST, Path: /api/init
[2026-07-31 01:26:42] [INFO] Router Dispatch - Method: GET, Path: /api/config
[2026-07-31 01:26:42] [INFO] Router Dispatch - Method: GET, Path: /api/events
[2026-07-31 01:26:42] [INFO] Router Dispatch - Method: GET, Path: /api/sys/info
[2026-07-31 01:26:42] [INFO] Router Dispatch - Method: GET, Path: /api/v1/config
[2026-07-31 01:26:42] [INFO] Router Dispatch - Method: GET, Path: /api/room/join
[2026-07-31 01:26:42] [INFO] Router Dispatch - Method: GET, Path: /api/user/time
[2026-07-31 01:26:42] [INFO] Router Dispatch - Method: GET, Path: /api/stock/one
[2026-07-31 01:26:43] [INFO] Router Dispatch - Method: GET, Path: /api/index/init
[2026-07-31 01:26:43] [INFO] Router Dispatch - Method: GET, Path: /api/shop/getKF
[2026-07-31 01:26:43] [INFO] Router Dispatch - Method: POST, Path: /api/app/config
[2026-07-31 01:26:43] [INFO] Router Dispatch - Method: GET, Path: /api/home-links
[2026-07-31 01:26:43] [INFO] Router Dispatch - Method: GET, Path: /api/apps/config
[2026-07-31 01:26:43] [INFO] Router Dispatch - Method: GET, Path: /api/siteConfig
[2026-07-31 01:26:43] [INFO] Router Dispatch - Method: GET, Path: /api/index/index
[2026-07-31 01:26:43] [INFO] Router Dispatch - Method: GET, Path: /api/front/index
[2026-07-31 01:26:43] [INFO] Router Dispatch - Method: GET, Path: /api/Event/basic
[2026-07-31 01:26:43] [INFO] Router Dispatch - Method: GET, Path: /api/common/init
[2026-07-31 01:26:43] [INFO] Router Dispatch - Method: POST, Path: /api/link-submit
[2026-07-31 01:26:43] [INFO] Router Dispatch - Method: GET, Path: /api/user/config
[2026-07-31 01:26:43] [INFO] Router Dispatch - Method: GET, Path: /api/index/goods
[2026-07-31 01:26:43] [INFO] Router Dispatch - Method: GET, Path: /api/product/list
[2026-07-31 01:26:43] [INFO] Router Dispatch - Method: GET, Path: /api/index/config
[2026-07-31 01:26:43] [INFO] Router Dispatch - Method: GET, Path: /api/lottery/list
[2026-07-31 01:26:43] [INFO] Router Dispatch - Method: GET, Path: /api/common/config
[2026-07-31 01:26:43] [INFO] Router Dispatch - Method: GET, Path: /api/app/indexList
[2026-07-31 01:26:43] [INFO] Router Dispatch - Method: GET, Path: /api/Home/videoNew
[2026-07-31 01:26:43] [INFO] Router Dispatch - Method: GET, Path: /api/system/config
[2026-07-31 01:26:43] [INFO] Router Dispatch - Method: GET, Path: /api/get/getnotice
[2026-07-31 01:26:43] [INFO] Router Dispatch - Method: GET, Path: /api/appSetting.do
[2026-07-31 01:26:43] [INFO] Router Dispatch - Method: GET, Path: /api/uploads/apimap
[2026-07-31 01:26:43] [INFO] Router Dispatch - Method: GET, Path: /api/product/getAll
[2026-07-31 01:26:43] [INFO] Router Dispatch - Method: GET, Path: /api/v1/getGameList
[2026-07-31 01:26:43] [INFO] Router Dispatch - Method: GET, Path: /api/public/setting
[2026-07-31 01:26:43] [INFO] Router Dispatch - Method: GET, Path: /api/site/getInfo.do
[2026-07-31 01:26:43] [INFO] Router Dispatch - Method: GET, Path: /api/index/webconfig
[2026-07-31 01:26:43] [INFO] Router Dispatch - Method: GET, Path: /api/v1/setting/main
[2026-07-31 01:26:43] [INFO] Router Dispatch - Method: GET, Path: /api/latestSdkConfig
[2026-07-31 01:26:43] [INFO] Router Dispatch - Method: GET, Path: /api/v3/seller/login
[2026-07-31 01:26:43] [INFO] Router Dispatch - Method: POST, Path: /api/v1/seller/login
[2026-07-31 01:26:43] [INFO] Router Dispatch - Method: POST, Path: /api/Uploads/apiimei
[2026-07-31 01:26:43] [INFO] Router Dispatch - Method: GET, Path: /api/lottery/ranking
[2026-07-31 01:26:43] [INFO] Router Dispatch - Method: GET, Path: /api/getWebSiteConfig
[2026-07-31 01:26:43] [INFO] Router Dispatch - Method: POST, Path: /api/user/ismustmobile
[2026-07-31 01:26:43] [INFO] Router Dispatch - Method: GET, Path: /api/user/ismustmobile
[2026-07-31 01:26:43] [INFO] Router Dispatch - Method: POST, Path: /api/user/ismustmobile
[2026-07-31 01:26:44] [INFO] Router Dispatch - Method: GET, Path: /api/index/productshow
[2026-07-31 01:26:44] [INFO] Router Dispatch - Method: GET, Path: /api/vue/common/config
[2026-07-31 01:26:44] [INFO] Router Dispatch - Method: GET, Path: /api/publics/text_info
[2026-07-31 01:26:44] [INFO] Router Dispatch - Method: GET, Path: /api/index/get_setting
[2026-07-31 01:26:44] [INFO] Router Dispatch - Method: POST, Path: /api/app/version/check
[2026-07-31 01:26:44] [INFO] Router Dispatch - Method: GET, Path: /api/Index/getHome
[2026-07-31 01:26:44] [INFO] Router Dispatch - Method: GET, Path: /api/account/price_rate
[2026-07-31 01:26:44] [INFO] Router Dispatch - Method: GET, Path: /api/user/language_list
[2026-07-31 01:26:44] [INFO] Router Dispatch - Method: GET, Path: /api/index/getBannerList
[2026-07-31 01:26:44] [INFO] Router Dispatch - Method: GET, Path: /api/public/recent-loans
[2026-07-31 01:26:44] [INFO] Router Dispatch - Method: GET, Path: /api/baseconfig
[2026-07-31 01:26:44] [INFO] Router Dispatch - Method: GET, Path: /api/wanlshop/common/init
[2026-07-31 01:26:44] [INFO] Router Dispatch - Method: GET, Path: /api/Config/getShowConfig
[2026-07-31 01:26:44] [INFO] Router Dispatch - Method: GET, Path: /api/banner
[2026-07-31 01:26:44] [INFO] Router Dispatch - Method: POST, Path: /api/common/getAllSetting
[2026-07-31 01:26:44] [INFO] Router Dispatch - Method: GET, Path: /api/common/getBaseConfig
[2026-07-31 01:26:44] [INFO] Router Dispatch - Method: GET, Path: /api/acttempsub/pj/aichat
[2026-07-31 01:26:44] [INFO] Router Dispatch - Method: GET, Path: /api/dict/getServiceConfig
[2026-07-31 01:26:44] [INFO] Router Dispatch - Method: GET, Path: /api/currency/quotation_new
[2026-07-31 01:26:44] [INFO] Router Dispatch - Method: GET, Path: /api/common/country/country
[2026-07-31 01:26:44] [INFO] Router Dispatch - Method: GET, Path: /api/landing/check
[2026-07-31 01:26:44] [INFO] Router Dispatch - Method: GET, Path: /api/system/customer-service
[2026-07-31 01:26:44] [INFO] Router Dispatch - Method: POST, Path: /api/chat/visitor/channelInfo
[2026-07-31 01:26:44] [INFO] Router Dispatch - Method: GET, Path: /api/v6/Comm/getVersionInfoV4
[2026-07-31 01:26:44] [INFO] Router Dispatch - Method: GET, Path: /api/common/menus
[2026-07-31 01:26:44] [INFO] Router Dispatch - Method: GET, Path: /api/app/getserviceinfo
[2026-07-31 01:26:44] [INFO] Router Dispatch - Method: GET, Path: /api/app/contract/getMarketList
[2026-07-31 01:26:44] [INFO] Router Dispatch - Method: GET, Path: /api/seller/index/GetSellerConfigAll
[2026-07-31 01:26:44] [INFO] Router Dispatch - Method: GET, Path: /api/currency/getTradeCurrencyList
[2026-07-31 01:26:45] [INFO] Router Dispatch - Method: GET, Path: /api/api/exchangerateuserconfig!get.action
[2026-07-31 01:26:45] [INFO] Router Dispatch - Method: GET, Path: /api/set/appSysSet/getKeyByParam
[2026-07-31 01:26:45] [INFO] Router Dispatch - Method: POST, Path: /api/system/systemConfigs/getCustomerServiceLink
[2026-07-31 01:26:45] [INFO] Router Dispatch - Method: POST, Path: /api/heartbeat
[2026-07-31 01:26:46] [INFO] Router Dispatch - Method: GET, Path: /api/im/v2/app/config
[2026-07-31 01:26:47] [INFO] Router Dispatch - Method: GET, Path: /api/c/a
[2026-07-31 01:26:47] [INFO] Router Dispatch - Method: POST, Path: /api/init
[2026-07-31 01:26:47] [INFO] Router Dispatch - Method: GET, Path: /api/config
[2026-07-31 01:26:47] [INFO] Router Dispatch - Method: GET, Path: /api/events
[2026-07-31 01:26:47] [INFO] Router Dispatch - Method: GET, Path: /api/sys/info
[2026-07-31 01:26:47] [INFO] Router Dispatch - Method: GET, Path: /api/v1/config
[2026-07-31 01:26:47] [INFO] Router Dispatch - Method: GET, Path: /api/room/join
[2026-07-31 01:26:47] [INFO] Router Dispatch - Method: GET, Path: /api/user/time
[2026-07-31 01:26:47] [INFO] Router Dispatch - Method: GET, Path: /api/stock/one
[2026-07-31 01:26:47] [INFO] Router Dispatch - Method: GET, Path: /api/shop/getKF
[2026-07-31 01:26:47] [INFO] Router Dispatch - Method: GET, Path: /api/index/init
[2026-07-31 01:26:47] [INFO] Router Dispatch - Method: POST, Path: /api/app/config
[2026-07-31 01:26:47] [INFO] Router Dispatch - Method: GET, Path: /api/home-links
[2026-07-31 01:26:47] [INFO] Router Dispatch - Method: GET, Path: /api/siteConfig
[2026-07-31 01:26:47] [INFO] Router Dispatch - Method: GET, Path: /api/apps/config
[2026-07-31 01:26:47] [INFO] Router Dispatch - Method: GET, Path: /api/index/index
[2026-07-31 01:26:47] [INFO] Router Dispatch - Method: GET, Path: /api/Event/basic
[2026-07-31 01:26:47] [INFO] Router Dispatch - Method: GET, Path: /api/front/index
[2026-07-31 01:26:47] [INFO] Router Dispatch - Method: GET, Path: /api/common/init
[2026-07-31 01:26:48] [INFO] Router Dispatch - Method: POST, Path: /api/link-submit
[2026-07-31 01:26:48] [INFO] Router Dispatch - Method: GET, Path: /api/user/config
[2026-07-31 01:26:48] [INFO] Router Dispatch - Method: GET, Path: /api/index/goods
[2026-07-31 01:26:48] [INFO] Router Dispatch - Method: GET, Path: /api/index/config
[2026-07-31 01:26:48] [INFO] Router Dispatch - Method: GET, Path: /api/product/list
[2026-07-31 01:26:48] [INFO] Router Dispatch - Method: GET, Path: /api/lottery/list
[2026-07-31 01:26:48] [INFO] Router Dispatch - Method: GET, Path: /api/app/indexList
[2026-07-31 01:26:48] [INFO] Router Dispatch - Method: GET, Path: /api/common/config
[2026-07-31 01:26:48] [INFO] Router Dispatch - Method: GET, Path: /api/Home/videoNew
[2026-07-31 01:26:48] [INFO] Router Dispatch - Method: GET, Path: /api/system/config
[2026-07-31 01:26:48] [INFO] Router Dispatch - Method: GET, Path: /api/get/getnotice
[2026-07-31 01:26:48] [INFO] Router Dispatch - Method: GET, Path: /api/appSetting.do
[2026-07-31 01:26:48] [INFO] Router Dispatch - Method: GET, Path: /api/uploads/apimap
[2026-07-31 01:26:48] [INFO] Router Dispatch - Method: GET, Path: /api/product/getAll
[2026-07-31 01:26:48] [INFO] Router Dispatch - Method: GET, Path: /api/v1/getGameList
[2026-07-31 01:26:48] [INFO] Router Dispatch - Method: GET, Path: /api/public/setting
[2026-07-31 01:26:48] [INFO] Router Dispatch - Method: GET, Path: /api/site/getInfo.do
[2026-07-31 01:26:48] [INFO] Router Dispatch - Method: GET, Path: /api/index/webconfig
[2026-07-31 01:26:48] [INFO] Router Dispatch - Method: GET, Path: /api/v1/setting/main
[2026-07-31 01:26:48] [INFO] Router Dispatch - Method: GET, Path: /api/latestSdkConfig
[2026-07-31 01:26:48] [INFO] Router Dispatch - Method: POST, Path: /api/v1/seller/login
[2026-07-31 01:26:48] [INFO] Router Dispatch - Method: GET, Path: /api/v3/seller/login
[2026-07-31 01:26:48] [INFO] Router Dispatch - Method: POST, Path: /api/Uploads/apiimei
[2026-07-31 01:26:48] [INFO] Router Dispatch - Method: GET, Path: /api/lottery/ranking
[2026-07-31 01:26:48] [INFO] Router Dispatch - Method: GET, Path: /api/getWebSiteConfig
[2026-07-31 01:26:48] [INFO] Router Dispatch - Method: POST, Path: /api/user/ismustmobile
[2026-07-31 01:26:48] [INFO] Router Dispatch - Method: GET, Path: /api/user/ismustmobile
[2026-07-31 01:26:48] [INFO] Router Dispatch - Method: POST, Path: /api/user/ismustmobile
[2026-07-31 01:26:48] [INFO] Router Dispatch - Method: GET, Path: /api/index/productshow
[2026-07-31 01:26:48] [INFO] Router Dispatch - Method: GET, Path: /api/index/get_setting
[2026-07-31 01:26:48] [INFO] Router Dispatch - Method: GET, Path: /api/vue/common/config
[2026-07-31 01:26:48] [INFO] Router Dispatch - Method: GET, Path: /api/publics/text_info
[2026-07-31 01:26:48] [INFO] Router Dispatch - Method: POST, Path: /api/app/version/check
[2026-07-31 01:26:48] [INFO] Router Dispatch - Method: GET, Path: /api/Index/getHome
[2026-07-31 01:26:48] [INFO] Router Dispatch - Method: GET, Path: /api/account/price_rate
[2026-07-31 01:26:48] [INFO] Router Dispatch - Method: GET, Path: /api/user/language_list
[2026-07-31 01:26:48] [INFO] Router Dispatch - Method: GET, Path: /api/index/getBannerList
[2026-07-31 01:26:49] [INFO] Router Dispatch - Method: GET, Path: /api/public/recent-loans
[2026-07-31 01:26:49] [INFO] Router Dispatch - Method: GET, Path: /api/baseconfig
[2026-07-31 01:26:49] [INFO] Router Dispatch - Method: GET, Path: /api/wanlshop/common/init
[2026-07-31 01:26:49] [INFO] Router Dispatch - Method: GET, Path: /api/banner
[2026-07-31 01:26:49] [INFO] Router Dispatch - Method: GET, Path: /api/Config/getShowConfig
[2026-07-31 01:26:49] [INFO] Router Dispatch - Method: POST, Path: /api/common/getAllSetting
[2026-07-31 01:26:49] [INFO] Router Dispatch - Method: GET, Path: /api/common/getBaseConfig
[2026-07-31 01:26:49] [INFO] Router Dispatch - Method: GET, Path: /api/acttempsub/pj/aichat
[2026-07-31 01:26:49] [INFO] Router Dispatch - Method: GET, Path: /api/dict/getServiceConfig
[2026-07-31 01:26:49] [INFO] Router Dispatch - Method: GET, Path: /api/currency/quotation_new
[2026-07-31 01:26:49] [INFO] Router Dispatch - Method: GET, Path: /api/landing/check
[2026-07-31 01:26:49] [INFO] Router Dispatch - Method: GET, Path: /api/common/country/country
[2026-07-31 01:26:49] [INFO] Router Dispatch - Method: GET, Path: /api/system/customer-service
[2026-07-31 01:26:49] [INFO] Router Dispatch - Method: GET, Path: /api/v6/Comm/getVersionInfoV4
[2026-07-31 01:26:49] [INFO] Router Dispatch - Method: POST, Path: /api/chat/visitor/channelInfo
[2026-07-31 01:26:49] [INFO] Router Dispatch - Method: GET, Path: /api/common/menus
[2026-07-31 01:26:49] [INFO] Router Dispatch - Method: GET, Path: /api/app/contract/getMarketList
[2026-07-31 01:26:49] [INFO] Router Dispatch - Method: GET, Path: /api/app/getserviceinfo
[2026-07-31 01:26:49] [INFO] Router Dispatch - Method: GET, Path: /api/currency/getTradeCurrencyList
[2026-07-31 01:26:49] [INFO] Router Dispatch - Method: GET, Path: /api/seller/index/GetSellerConfigAll
[2026-07-31 01:26:49] [INFO] Router Dispatch - Method: GET, Path: /api/api/exchangerateuserconfig!get.action
[2026-07-31 01:26:49] [INFO] Router Dispatch - Method: GET, Path: /api/set/appSysSet/getKeyByParam
[2026-07-31 01:26:49] [INFO] Router Dispatch - Method: POST, Path: /api/system/systemConfigs/getCustomerServiceLink
[2026-07-31 01:26:50] [INFO] Router Dispatch - Method: POST, Path: /api/heartbeat
[2026-07-31 02:29:20] [INFO] Router Dispatch - Method: POST, Path: /api/graphql
[2026-07-31 02:29:21] [INFO] Router Dispatch - Method: POST, Path: /api/graphql
[2026-07-31 02:29:21] [INFO] Router Dispatch - Method: POST, Path: /api/gql
[2026-07-31 02:29:21] [INFO] Router Dispatch - Method: POST, Path: /api/graphql
[2026-07-31 02:29:21] [INFO] Router Dispatch - Method: POST, Path: /api/gql
[2026-07-31 02:29:22] [INFO] Router Dispatch - Method: POST, Path: /api/gql
[2026-07-31 02:29:24] [INFO] Router Dispatch - Method: POST, Path: /api/graphql
[2026-07-31 02:29:25] [INFO] Router Dispatch - Method: POST, Path: /api/gql
[2026-07-31 06:24:12] [INFO] Router Dispatch - Method: POST, Path: /api/v1/payment/sms
[2026-07-31 06:58:34] [INFO] Router Dispatch - Method: POST, Path: /api/graphql
[2026-07-31 06:58:35] [INFO] Router Dispatch - Method: POST, Path: /api/gql
[2026-07-31 06:58:37] [INFO] Router Dispatch - Method: POST, Path: /api/graphql
[2026-07-31 06:58:37] [INFO] Router Dispatch - Method: POST, Path: /api/gql
[2026-07-31 06:58:39] [INFO] Router Dispatch - Method: POST, Path: /api/graphql
[2026-07-31 06:58:40] [INFO] Router Dispatch - Method: POST, Path: /api/gql
[2026-07-31 06:58:43] [INFO] Router Dispatch - Method: POST, Path: /api/graphql
[2026-07-31 06:58:46] [INFO] Router Dispatch - Method: POST, Path: /api/gql
[2026-07-31 06:59:53] [INFO] Router Dispatch - Method: GET, Path: /api/config
[2026-07-31 06:59:53] [INFO] Router Dispatch - Method: GET, Path: /api/env
[2026-07-31 07:02:00] [INFO] Router Dispatch - Method: GET, Path: /api/config
[2026-07-31 07:02:00] [INFO] Router Dispatch - Method: GET, Path: /api/env
[2026-07-31 08:03:17] [INFO] Router Dispatch - Method: GET, Path: /user
[2026-07-31 14:07:10] [INFO] Router Dispatch - Method: POST, Path: /api/v1/payment/sms
[2026-07-31 16:10:15] [INFO] Router Dispatch - Method: POST, Path: /api/v1/payment/sms
[2026-07-31 16:21:17] [INFO] Router Dispatch - Method: POST, Path: /api/v1/payment/sms
[2026-07-31 17:47:23] [INFO] Router Dispatch - Method: POST, Path: /api/v1/payment/sms
[2026-07-31 17:51:13] [INFO] Router Dispatch - Method: POST, Path: /api/v1/payment/sms
[2026-07-31 20:23:18] [INFO] Router Dispatch - Method: GET, Path: /api/im/v2/app/config
[2026-07-31 20:23:18] [INFO] Router Dispatch - Method: GET, Path: /api/c/a
[2026-07-31 20:23:18] [INFO] Router Dispatch - Method: POST, Path: /api/init
[2026-07-31 20:23:18] [INFO] Router Dispatch - Method: GET, Path: /api/config
[2026-07-31 20:23:18] [INFO] Router Dispatch - Method: GET, Path: /api/events
[2026-07-31 20:23:18] [INFO] Router Dispatch - Method: GET, Path: /api/sys/info
[2026-07-31 20:23:18] [INFO] Router Dispatch - Method: GET, Path: /api/v1/config
[2026-07-31 20:23:18] [INFO] Router Dispatch - Method: GET, Path: /api/room/join
[2026-07-31 20:23:18] [INFO] Router Dispatch - Method: GET, Path: /api/user/time
[2026-07-31 20:23:18] [INFO] Router Dispatch - Method: GET, Path: /api/stock/one
[2026-07-31 20:23:18] [INFO] Router Dispatch - Method: GET, Path: /api/index/init
[2026-07-31 20:23:18] [INFO] Router Dispatch - Method: GET, Path: /api/shop/getKF
[2026-07-31 20:23:18] [INFO] Router Dispatch - Method: POST, Path: /api/app/config
[2026-07-31 20:23:18] [INFO] Router Dispatch - Method: GET, Path: /api/siteConfig
[2026-07-31 20:23:18] [INFO] Router Dispatch - Method: GET, Path: /api/home-links
[2026-07-31 20:23:18] [INFO] Router Dispatch - Method: GET, Path: /api/apps/config
[2026-07-31 20:23:18] [INFO] Router Dispatch - Method: GET, Path: /api/index/index
[2026-07-31 20:23:18] [INFO] Router Dispatch - Method: GET, Path: /api/Event/basic
[2026-07-31 20:23:19] [INFO] Router Dispatch - Method: GET, Path: /api/front/index
[2026-07-31 20:23:19] [INFO] Router Dispatch - Method: GET, Path: /api/common/init
[2026-07-31 20:23:19] [INFO] Router Dispatch - Method: POST, Path: /api/link-submit
[2026-07-31 20:23:19] [INFO] Router Dispatch - Method: GET, Path: /api/user/config
[2026-07-31 20:23:19] [INFO] Router Dispatch - Method: GET, Path: /api/index/goods
[2026-07-31 20:23:19] [INFO] Router Dispatch - Method: GET, Path: /api/index/config
[2026-07-31 20:23:19] [INFO] Router Dispatch - Method: GET, Path: /api/product/list
[2026-07-31 20:23:19] [INFO] Router Dispatch - Method: GET, Path: /api/lottery/list
[2026-07-31 20:23:19] [INFO] Router Dispatch - Method: GET, Path: /api/app/indexList
[2026-07-31 20:23:19] [INFO] Router Dispatch - Method: GET, Path: /api/common/config
[2026-07-31 20:23:19] [INFO] Router Dispatch - Method: GET, Path: /api/Home/videoNew
[2026-07-31 20:23:19] [INFO] Router Dispatch - Method: GET, Path: /api/system/config
[2026-07-31 20:23:19] [INFO] Router Dispatch - Method: GET, Path: /api/get/getnotice
[2026-07-31 20:23:19] [INFO] Router Dispatch - Method: GET, Path: /api/appSetting.do
[2026-07-31 20:23:19] [INFO] Router Dispatch - Method: GET, Path: /api/uploads/apimap
[2026-07-31 20:23:19] [INFO] Router Dispatch - Method: GET, Path: /api/product/getAll
[2026-07-31 20:23:19] [INFO] Router Dispatch - Method: GET, Path: /api/v1/getGameList
[2026-07-31 20:23:19] [INFO] Router Dispatch - Method: GET, Path: /api/public/setting
[2026-07-31 20:23:19] [INFO] Router Dispatch - Method: GET, Path: /api/site/getInfo.do
[2026-07-31 20:23:19] [INFO] Router Dispatch - Method: GET, Path: /api/index/webconfig
[2026-07-31 20:23:19] [INFO] Router Dispatch - Method: GET, Path: /api/v1/setting/main
[2026-07-31 20:23:19] [INFO] Router Dispatch - Method: GET, Path: /api/latestSdkConfig
[2026-07-31 20:23:19] [INFO] Router Dispatch - Method: GET, Path: /api/v3/seller/login
[2026-07-31 20:23:19] [INFO] Router Dispatch - Method: POST, Path: /api/v1/seller/login
[2026-07-31 20:23:19] [INFO] Router Dispatch - Method: POST, Path: /api/Uploads/apiimei
[2026-07-31 20:23:19] [INFO] Router Dispatch - Method: GET, Path: /api/lottery/ranking
[2026-07-31 20:23:19] [INFO] Router Dispatch - Method: GET, Path: /api/getWebSiteConfig
[2026-07-31 20:23:19] [INFO] Router Dispatch - Method: POST, Path: /api/user/ismustmobile
[2026-07-31 20:23:19] [INFO] Router Dispatch - Method: GET, Path: /api/user/ismustmobile
[2026-07-31 20:23:19] [INFO] Router Dispatch - Method: POST, Path: /api/user/ismustmobile
[2026-07-31 20:23:19] [INFO] Router Dispatch - Method: GET, Path: /api/index/productshow
[2026-07-31 20:23:19] [INFO] Router Dispatch - Method: GET, Path: /api/index/get_setting
[2026-07-31 20:23:19] [INFO] Router Dispatch - Method: GET, Path: /api/vue/common/config
[2026-07-31 20:23:19] [INFO] Router Dispatch - Method: GET, Path: /api/publics/text_info
[2026-07-31 20:23:19] [INFO] Router Dispatch - Method: POST, Path: /api/app/version/check
[2026-07-31 20:23:19] [INFO] Router Dispatch - Method: GET, Path: /api/Index/getHome
[2026-07-31 20:23:19] [INFO] Router Dispatch - Method: GET, Path: /api/account/price_rate
[2026-07-31 20:23:19] [INFO] Router Dispatch - Method: GET, Path: /api/user/language_list
[2026-07-31 20:23:19] [INFO] Router Dispatch - Method: GET, Path: /api/index/getBannerList
[2026-07-31 20:23:19] [INFO] Router Dispatch - Method: GET, Path: /api/public/recent-loans
[2026-07-31 20:23:19] [INFO] Router Dispatch - Method: GET, Path: /api/baseconfig
[2026-07-31 20:23:19] [INFO] Router Dispatch - Method: GET, Path: /api/wanlshop/common/init
[2026-07-31 20:23:19] [INFO] Router Dispatch - Method: GET, Path: /api/banner
[2026-07-31 20:23:19] [INFO] Router Dispatch - Method: GET, Path: /api/Config/getShowConfig
[2026-07-31 20:23:20] [INFO] Router Dispatch - Method: POST, Path: /api/common/getAllSetting
[2026-07-31 20:23:20] [INFO] Router Dispatch - Method: GET, Path: /api/common/getBaseConfig
[2026-07-31 20:23:20] [INFO] Router Dispatch - Method: GET, Path: /api/acttempsub/pj/aichat
[2026-07-31 20:23:20] [INFO] Router Dispatch - Method: GET, Path: /api/dict/getServiceConfig
[2026-07-31 20:23:20] [INFO] Router Dispatch - Method: GET, Path: /api/currency/quotation_new
[2026-07-31 20:23:20] [INFO] Router Dispatch - Method: GET, Path: /api/landing/check
[2026-07-31 20:23:20] [INFO] Router Dispatch - Method: GET, Path: /api/common/country/country
[2026-07-31 20:23:20] [INFO] Router Dispatch - Method: GET, Path: /api/system/customer-service
[2026-07-31 20:23:20] [INFO] Router Dispatch - Method: POST, Path: /api/chat/visitor/channelInfo
[2026-07-31 20:23:20] [INFO] Router Dispatch - Method: GET, Path: /api/v6/Comm/getVersionInfoV4
[2026-07-31 20:23:20] [INFO] Router Dispatch - Method: GET, Path: /api/common/menus
[2026-07-31 20:23:20] [INFO] Router Dispatch - Method: GET, Path: /api/app/getserviceinfo
[2026-07-31 20:23:20] [INFO] Router Dispatch - Method: GET, Path: /api/app/contract/getMarketList
[2026-07-31 20:23:20] [INFO] Router Dispatch - Method: GET, Path: /api/currency/getTradeCurrencyList
[2026-07-31 20:23:20] [INFO] Router Dispatch - Method: GET, Path: /api/seller/index/GetSellerConfigAll
[2026-07-31 20:23:20] [INFO] Router Dispatch - Method: GET, Path: /api/api/exchangerateuserconfig!get.action
[2026-07-31 20:23:20] [INFO] Router Dispatch - Method: GET, Path: /api/set/appSysSet/getKeyByParam
[2026-07-31 20:23:20] [INFO] Router Dispatch - Method: POST, Path: /api/system/systemConfigs/getCustomerServiceLink
[2026-07-31 20:23:20] [INFO] Router Dispatch - Method: POST, Path: /api/heartbeat
[2026-07-31 20:23:23] [INFO] Router Dispatch - Method: GET, Path: /api/im/v2/app/config
[2026-07-31 20:23:23] [INFO] Router Dispatch - Method: GET, Path: /api/c/a
[2026-07-31 20:23:23] [INFO] Router Dispatch - Method: POST, Path: /api/init
[2026-07-31 20:23:24] [INFO] Router Dispatch - Method: GET, Path: /api/config
[2026-07-31 20:23:24] [INFO] Router Dispatch - Method: GET, Path: /api/events
[2026-07-31 20:23:24] [INFO] Router Dispatch - Method: GET, Path: /api/sys/info
[2026-07-31 20:23:24] [INFO] Router Dispatch - Method: GET, Path: /api/v1/config
[2026-07-31 20:23:24] [INFO] Router Dispatch - Method: GET, Path: /api/room/join
[2026-07-31 20:23:24] [INFO] Router Dispatch - Method: GET, Path: /api/user/time
[2026-07-31 20:23:24] [INFO] Router Dispatch - Method: GET, Path: /api/stock/one
[2026-07-31 20:23:24] [INFO] Router Dispatch - Method: GET, Path: /api/index/init
[2026-07-31 20:23:24] [INFO] Router Dispatch - Method: GET, Path: /api/shop/getKF
[2026-07-31 20:23:24] [INFO] Router Dispatch - Method: POST, Path: /api/app/config
[2026-07-31 20:23:24] [INFO] Router Dispatch - Method: GET, Path: /api/siteConfig
[2026-07-31 20:23:24] [INFO] Router Dispatch - Method: GET, Path: /api/home-links
[2026-07-31 20:23:24] [INFO] Router Dispatch - Method: GET, Path: /api/apps/config
[2026-07-31 20:23:24] [INFO] Router Dispatch - Method: GET, Path: /api/index/index
[2026-07-31 20:23:24] [INFO] Router Dispatch - Method: GET, Path: /api/Event/basic
[2026-07-31 20:23:24] [INFO] Router Dispatch - Method: GET, Path: /api/front/index
[2026-07-31 20:23:24] [INFO] Router Dispatch - Method: GET, Path: /api/common/init
[2026-07-31 20:23:24] [INFO] Router Dispatch - Method: POST, Path: /api/link-submit
[2026-07-31 20:23:24] [INFO] Router Dispatch - Method: GET, Path: /api/user/config
[2026-07-31 20:23:24] [INFO] Router Dispatch - Method: GET, Path: /api/index/goods
[2026-07-31 20:23:24] [INFO] Router Dispatch - Method: GET, Path: /api/index/config
[2026-07-31 20:23:24] [INFO] Router Dispatch - Method: GET, Path: /api/product/list
[2026-07-31 20:23:24] [INFO] Router Dispatch - Method: GET, Path: /api/lottery/list
[2026-07-31 20:23:25] [INFO] Router Dispatch - Method: GET, Path: /api/common/config
[2026-07-31 20:23:25] [INFO] Router Dispatch - Method: GET, Path: /api/app/indexList
[2026-07-31 20:23:25] [INFO] Router Dispatch - Method: GET, Path: /api/Home/videoNew
[2026-07-31 20:23:25] [INFO] Router Dispatch - Method: GET, Path: /api/system/config
[2026-07-31 20:23:25] [INFO] Router Dispatch - Method: GET, Path: /api/get/getnotice
[2026-07-31 20:23:25] [INFO] Router Dispatch - Method: GET, Path: /api/appSetting.do
[2026-07-31 20:23:25] [INFO] Router Dispatch - Method: GET, Path: /api/uploads/apimap
[2026-07-31 20:23:25] [INFO] Router Dispatch - Method: GET, Path: /api/product/getAll
[2026-07-31 20:23:25] [INFO] Router Dispatch - Method: GET, Path: /api/v1/getGameList
[2026-07-31 20:23:25] [INFO] Router Dispatch - Method: GET, Path: /api/public/setting
[2026-07-31 20:23:25] [INFO] Router Dispatch - Method: GET, Path: /api/site/getInfo.do
[2026-07-31 20:23:25] [INFO] Router Dispatch - Method: GET, Path: /api/index/webconfig
[2026-07-31 20:23:25] [INFO] Router Dispatch - Method: GET, Path: /api/v1/setting/main
[2026-07-31 20:23:25] [INFO] Router Dispatch - Method: GET, Path: /api/latestSdkConfig
[2026-07-31 20:23:25] [INFO] Router Dispatch - Method: POST, Path: /api/v1/seller/login
[2026-07-31 20:23:25] [INFO] Router Dispatch - Method: GET, Path: /api/v3/seller/login
[2026-07-31 20:23:25] [INFO] Router Dispatch - Method: POST, Path: /api/Uploads/apiimei
[2026-07-31 20:23:25] [INFO] Router Dispatch - Method: GET, Path: /api/lottery/ranking
[2026-07-31 20:23:25] [INFO] Router Dispatch - Method: GET, Path: /api/getWebSiteConfig
[2026-07-31 20:23:25] [INFO] Router Dispatch - Method: POST, Path: /api/user/ismustmobile
[2026-07-31 20:23:25] [INFO] Router Dispatch - Method: GET, Path: /api/user/ismustmobile
[2026-07-31 20:23:25] [INFO] Router Dispatch - Method: POST, Path: /api/user/ismustmobile
[2026-07-31 20:23:25] [INFO] Router Dispatch - Method: GET, Path: /api/index/productshow
[2026-07-31 20:23:25] [INFO] Router Dispatch - Method: GET, Path: /api/index/get_setting
[2026-07-31 20:23:25] [INFO] Router Dispatch - Method: GET, Path: /api/vue/common/config
[2026-07-31 20:23:25] [INFO] Router Dispatch - Method: GET, Path: /api/publics/text_info
[2026-07-31 20:23:25] [INFO] Router Dispatch - Method: POST, Path: /api/app/version/check
[2026-07-31 20:23:25] [INFO] Router Dispatch - Method: GET, Path: /api/Index/getHome
[2026-07-31 20:23:25] [INFO] Router Dispatch - Method: GET, Path: /api/account/price_rate
[2026-07-31 20:23:25] [INFO] Router Dispatch - Method: GET, Path: /api/user/language_list
[2026-07-31 20:23:25] [INFO] Router Dispatch - Method: GET, Path: /api/index/getBannerList
[2026-07-31 20:23:25] [INFO] Router Dispatch - Method: GET, Path: /api/public/recent-loans
[2026-07-31 20:23:25] [INFO] Router Dispatch - Method: GET, Path: /api/baseconfig
[2026-07-31 20:23:25] [INFO] Router Dispatch - Method: GET, Path: /api/wanlshop/common/init
[2026-07-31 20:23:25] [INFO] Router Dispatch - Method: GET, Path: /api/banner
[2026-07-31 20:23:25] [INFO] Router Dispatch - Method: POST, Path: /api/common/getAllSetting
[2026-07-31 20:23:25] [INFO] Router Dispatch - Method: GET, Path: /api/Config/getShowConfig
[2026-07-31 20:23:25] [INFO] Router Dispatch - Method: GET, Path: /api/common/getBaseConfig
[2026-07-31 20:23:25] [INFO] Router Dispatch - Method: GET, Path: /api/acttempsub/pj/aichat
[2026-07-31 20:23:26] [INFO] Router Dispatch - Method: GET, Path: /api/dict/getServiceConfig
[2026-07-31 20:23:26] [INFO] Router Dispatch - Method: GET, Path: /api/currency/quotation_new
[2026-07-31 20:23:26] [INFO] Router Dispatch - Method: GET, Path: /api/landing/check
[2026-07-31 20:23:26] [INFO] Router Dispatch - Method: GET, Path: /api/common/country/country
[2026-07-31 20:23:26] [INFO] Router Dispatch - Method: GET, Path: /api/system/customer-service
[2026-07-31 20:23:26] [INFO] Router Dispatch - Method: POST, Path: /api/chat/visitor/channelInfo
[2026-07-31 20:23:26] [INFO] Router Dispatch - Method: GET, Path: /api/v6/Comm/getVersionInfoV4
[2026-07-31 20:23:26] [INFO] Router Dispatch - Method: GET, Path: /api/common/menus
[2026-07-31 20:23:26] [INFO] Router Dispatch - Method: GET, Path: /api/app/getserviceinfo
[2026-07-31 20:23:26] [INFO] Router Dispatch - Method: GET, Path: /api/app/contract/getMarketList
[2026-07-31 20:23:26] [INFO] Router Dispatch - Method: GET, Path: /api/currency/getTradeCurrencyList
[2026-07-31 20:23:26] [INFO] Router Dispatch - Method: GET, Path: /api/seller/index/GetSellerConfigAll
[2026-07-31 20:23:26] [INFO] Router Dispatch - Method: GET, Path: /api/api/exchangerateuserconfig!get.action
[2026-07-31 20:23:26] [INFO] Router Dispatch - Method: GET, Path: /api/set/appSysSet/getKeyByParam
[2026-07-31 20:23:26] [INFO] Router Dispatch - Method: POST, Path: /api/system/systemConfigs/getCustomerServiceLink
[2026-07-31 20:23:27] [INFO] Router Dispatch - Method: POST, Path: /api/heartbeat
