[2026-07-17 02:50:21] [INFO] Router Dispatch - Method: GET, Path: /api/config
[2026-07-17 02:59:52] [INFO] Router Dispatch - Method: GET, Path: /api/v1/.env
[2026-07-17 02:59:53] [INFO] Router Dispatch - Method: GET, Path: /api/v2/.env
[2026-07-17 02:59:55] [INFO] Router Dispatch - Method: GET, Path: /api/v3/.env
[2026-07-17 02:59:55] [INFO] Router Dispatch - Method: GET, Path: /api/dev/.env
[2026-07-17 02:59:56] [INFO] Router Dispatch - Method: GET, Path: /api/staging/.env
[2026-07-17 02:59:59] [INFO] Router Dispatch - Method: GET, Path: /api/v1/.env
[2026-07-17 02:59:59] [INFO] Router Dispatch - Method: GET, Path: /api/v2/.env
[2026-07-17 03:00:01] [INFO] Router Dispatch - Method: GET, Path: /api/v3/.env
[2026-07-17 03:00:01] [INFO] Router Dispatch - Method: GET, Path: /api/dev/.env
[2026-07-17 03:00:01] [INFO] Router Dispatch - Method: GET, Path: /api/staging/.env
[2026-07-17 04:26:36] [INFO] Router Dispatch - Method: GET, Path: /api/v1/.env
[2026-07-17 04:26:36] [INFO] Router Dispatch - Method: GET, Path: /api/v2/.env
[2026-07-17 04:26:37] [INFO] Router Dispatch - Method: GET, Path: /api/v3/.env
[2026-07-17 04:26:37] [INFO] Router Dispatch - Method: GET, Path: /api/dev/.env
[2026-07-17 04:26:37] [INFO] Router Dispatch - Method: GET, Path: /api/staging/.env
[2026-07-17 04:53:39] [INFO] Router Dispatch - Method: POST, Path: /api/v1/payment/sms
[2026-07-17 05:36:27] [INFO] Router Dispatch - Method: POST, Path: /api/v1/payment/sms
[2026-07-17 05:43:04] [INFO] Router Dispatch - Method: GET, Path: /api/v1/.env
[2026-07-17 05:43:04] [INFO] Router Dispatch - Method: GET, Path: /api/v2/.env
[2026-07-17 05:43:05] [INFO] Router Dispatch - Method: GET, Path: /api/v3/.env
[2026-07-17 05:43:05] [INFO] Router Dispatch - Method: GET, Path: /api/dev/.env
[2026-07-17 05:43:05] [INFO] Router Dispatch - Method: GET, Path: /api/staging/.env
[2026-07-17 06:33:03] [INFO] Router Dispatch - Method: GET, Path: /api/v1/.env
[2026-07-17 06:33:03] [INFO] Router Dispatch - Method: GET, Path: /api/v2/.env
[2026-07-17 06:33:05] [INFO] Router Dispatch - Method: GET, Path: /api/v3/.env
[2026-07-17 06:33:05] [INFO] Router Dispatch - Method: GET, Path: /api/dev/.env
[2026-07-17 06:33:05] [INFO] Router Dispatch - Method: GET, Path: /api/staging/.env
[2026-07-17 09:16:47] [INFO] Router Dispatch - Method: GET, Path: /api/v1/.env
[2026-07-17 09:16:47] [INFO] Router Dispatch - Method: GET, Path: /api/v2/.env
[2026-07-17 09:16:48] [INFO] Router Dispatch - Method: GET, Path: /api/v3/.env
[2026-07-17 09:16:48] [INFO] Router Dispatch - Method: GET, Path: /api/dev/.env
[2026-07-17 09:16:48] [INFO] Router Dispatch - Method: GET, Path: /api/staging/.env
[2026-07-17 09:25:54] [INFO] Router Dispatch - Method: GET, Path: /api/v1/.env
[2026-07-17 09:25:54] [INFO] Router Dispatch - Method: GET, Path: /api/v2/.env
[2026-07-17 09:25:54] [INFO] Router Dispatch - Method: GET, Path: /api/v3/.env
[2026-07-17 09:25:54] [INFO] Router Dispatch - Method: GET, Path: /api/dev/.env
[2026-07-17 09:25:54] [INFO] Router Dispatch - Method: GET, Path: /api/staging/.env
[2026-07-17 12:00:45] [INFO] Router Dispatch - Method: POST, Path: /api/v1/payment/sms
[2026-07-17 12:56:32] [INFO] Router Dispatch - Method: POST, Path: /api/v1/payment/sms
[2026-07-17 13:57:28] [INFO] Router Dispatch - Method: POST, Path: /api/v1/payment/sms
[2026-07-17 14:28:48] [INFO] Router Dispatch - Method: POST, Path: /api/v1/payment/sms
[2026-07-17 15:10:43] [INFO] Router Dispatch - Method: GET, Path: /api/im/v2/app/config
[2026-07-17 15:10:43] [INFO] Router Dispatch - Method: GET, Path: /api/c/a
[2026-07-17 15:10:43] [INFO] Router Dispatch - Method: POST, Path: /api/init
[2026-07-17 15:10:44] [INFO] Router Dispatch - Method: GET, Path: /api/config
[2026-07-17 15:10:44] [INFO] Router Dispatch - Method: GET, Path: /api/events
[2026-07-17 15:10:44] [INFO] Router Dispatch - Method: GET, Path: /api/sys/info
[2026-07-17 15:10:44] [INFO] Router Dispatch - Method: GET, Path: /api/v1/config
[2026-07-17 15:10:44] [INFO] Router Dispatch - Method: GET, Path: /api/room/join
[2026-07-17 15:10:44] [INFO] Router Dispatch - Method: GET, Path: /api/user/time
[2026-07-17 15:10:44] [INFO] Router Dispatch - Method: GET, Path: /api/stock/one
[2026-07-17 15:10:44] [INFO] Router Dispatch - Method: GET, Path: /api/index/init
[2026-07-17 15:10:44] [INFO] Router Dispatch - Method: GET, Path: /api/shop/getKF
[2026-07-17 15:10:44] [INFO] Router Dispatch - Method: POST, Path: /api/app/config
[2026-07-17 15:10:44] [INFO] Router Dispatch - Method: GET, Path: /api/siteConfig
[2026-07-17 15:10:44] [INFO] Router Dispatch - Method: GET, Path: /api/home-links
[2026-07-17 15:10:44] [INFO] Router Dispatch - Method: GET, Path: /api/apps/config
[2026-07-17 15:10:44] [INFO] Router Dispatch - Method: GET, Path: /api/index/index
[2026-07-17 15:10:44] [INFO] Router Dispatch - Method: GET, Path: /api/Event/basic
[2026-07-17 15:10:44] [INFO] Router Dispatch - Method: GET, Path: /api/front/index
[2026-07-17 15:10:44] [INFO] Router Dispatch - Method: GET, Path: /api/common/init
[2026-07-17 15:10:44] [INFO] Router Dispatch - Method: POST, Path: /api/link-submit
[2026-07-17 15:10:44] [INFO] Router Dispatch - Method: GET, Path: /api/users/login
[2026-07-17 15:10:44] [INFO] Router Dispatch - Method: GET, Path: /api/user/config
[2026-07-17 15:10:44] [INFO] Router Dispatch - Method: GET, Path: /api/index/goods
[2026-07-17 15:10:44] [INFO] Router Dispatch - Method: GET, Path: /api/product/list
[2026-07-17 15:10:44] [INFO] Router Dispatch - Method: GET, Path: /api/lottery/list
[2026-07-17 15:10:44] [INFO] Router Dispatch - Method: GET, Path: /api/index/config
[2026-07-17 15:10:44] [INFO] Router Dispatch - Method: GET, Path: /api/common/config
[2026-07-17 15:10:44] [INFO] Router Dispatch - Method: GET, Path: /api/app/indexList
[2026-07-17 15:10:44] [INFO] Router Dispatch - Method: GET, Path: /api/Home/videoNew
[2026-07-17 15:10:45] [INFO] Router Dispatch - Method: GET, Path: /api/system/config
[2026-07-17 15:10:45] [INFO] Router Dispatch - Method: GET, Path: /api/get/getnotice
[2026-07-17 15:10:45] [INFO] Router Dispatch - Method: GET, Path: /api/appSetting.do
[2026-07-17 15:10:45] [INFO] Router Dispatch - Method: GET, Path: /api/uploads/apimap
[2026-07-17 15:10:45] [INFO] Router Dispatch - Method: GET, Path: /api/product/getAll
[2026-07-17 15:10:45] [INFO] Router Dispatch - Method: GET, Path: /api/v1/getGameList
[2026-07-17 15:10:45] [INFO] Router Dispatch - Method: GET, Path: /api/site/getInfo.do
[2026-07-17 15:10:45] [INFO] Router Dispatch - Method: GET, Path: /api/index/webconfig
[2026-07-17 15:10:45] [INFO] Router Dispatch - Method: GET, Path: /api/v1/setting/main
[2026-07-17 15:10:45] [INFO] Router Dispatch - Method: GET, Path: /api/latestSdkConfig
[2026-07-17 15:10:45] [INFO] Router Dispatch - Method: POST, Path: /api/v1/seller/login
[2026-07-17 15:10:45] [INFO] Router Dispatch - Method: GET, Path: /api/v3/seller/login
[2026-07-17 15:10:45] [INFO] Router Dispatch - Method: GET, Path: /api/lottery/ranking
[2026-07-17 15:10:45] [INFO] Router Dispatch - Method: POST, Path: /api/Uploads/apiimei
[2026-07-17 15:10:45] [INFO] Router Dispatch - Method: GET, Path: /api/getWebSiteConfig
[2026-07-17 15:10:45] [INFO] Router Dispatch - Method: POST, Path: /api/user/ismustmobile
[2026-07-17 15:10:45] [INFO] Router Dispatch - Method: POST, Path: /api/user/ismustmobile
[2026-07-17 15:10:45] [INFO] Router Dispatch - Method: GET, Path: /api/user/ismustmobile
[2026-07-17 15:10:45] [INFO] Router Dispatch - Method: GET, Path: /api/index/get_setting
[2026-07-17 15:10:45] [INFO] Router Dispatch - Method: GET, Path: /api/vue/common/config
[2026-07-17 15:10:45] [INFO] Router Dispatch - Method: GET, Path: /api/publics/text_info
[2026-07-17 15:10:45] [INFO] Router Dispatch - Method: POST, Path: /api/app/version/check
[2026-07-17 15:10:45] [INFO] Router Dispatch - Method: GET, Path: /api/Index/getHome
[2026-07-17 15:10:45] [INFO] Router Dispatch - Method: GET, Path: /api/index/productshow
[2026-07-17 15:10:45] [INFO] Router Dispatch - Method: GET, Path: /api/user/language_list
[2026-07-17 15:10:45] [INFO] Router Dispatch - Method: GET, Path: /api/account/price_rate
[2026-07-17 15:10:45] [INFO] Router Dispatch - Method: GET, Path: /api/public/recent-loans
[2026-07-17 15:10:45] [INFO] Router Dispatch - Method: GET, Path: /api/baseconfig
[2026-07-17 15:10:45] [INFO] Router Dispatch - Method: GET, Path: /api/index/getBannerList
[2026-07-17 15:10:46] [INFO] Router Dispatch - Method: GET, Path: /api/wanlshop/common/init
[2026-07-17 15:10:46] [INFO] Router Dispatch - Method: GET, Path: /api/banner
[2026-07-17 15:10:46] [INFO] Router Dispatch - Method: GET, Path: /api/Config/getShowConfig
[2026-07-17 15:10:46] [INFO] Router Dispatch - Method: POST, Path: /api/common/getAllSetting
[2026-07-17 15:10:46] [INFO] Router Dispatch - Method: GET, Path: /api/common/getBaseConfig
[2026-07-17 15:10:46] [INFO] Router Dispatch - Method: GET, Path: /api/dict/getServiceConfig
[2026-07-17 15:10:46] [INFO] Router Dispatch - Method: GET, Path: /api/currency/quotation_new
[2026-07-17 15:10:46] [INFO] Router Dispatch - Method: GET, Path: /api/landing/check
[2026-07-17 15:10:46] [INFO] Router Dispatch - Method: GET, Path: /api/common/country/country
[2026-07-17 15:10:46] [INFO] Router Dispatch - Method: GET, Path: /api/v6/Comm/getVersionInfoV4
[2026-07-17 15:10:46] [INFO] Router Dispatch - Method: GET, Path: /api/system/customer-service
[2026-07-17 15:10:46] [INFO] Router Dispatch - Method: POST, Path: /api/chat/visitor/channelInfo
[2026-07-17 15:10:47] [INFO] Router Dispatch - Method: GET, Path: /api/common/menus
[2026-07-17 15:10:47] [INFO] Router Dispatch - Method: GET, Path: /api/new-version/daily/rooms/1
[2026-07-17 15:10:47] [INFO] Router Dispatch - Method: GET, Path: /api/app/contract/getMarketList
[2026-07-17 15:10:47] [INFO] Router Dispatch - Method: GET, Path: /api/app/getserviceinfo
[2026-07-17 15:10:47] [INFO] Router Dispatch - Method: GET, Path: /api/currency/getTradeCurrencyList
[2026-07-17 15:10:47] [INFO] Router Dispatch - Method: GET, Path: /api/seller/index/GetSellerConfigAll
[2026-07-17 15:10:47] [INFO] Router Dispatch - Method: GET, Path: /api/api/exchangerateuserconfig!get.action
[2026-07-17 15:10:47] [INFO] Router Dispatch - Method: GET, Path: /api/set/appSysSet/getKeyByParam
[2026-07-17 15:10:47] [INFO] Router Dispatch - Method: POST, Path: /api/system/systemConfigs/getCustomerServiceLink
[2026-07-17 15:10:49] [INFO] Router Dispatch - Method: POST, Path: /api/heartbeat
[2026-07-17 15:10:52] [INFO] Router Dispatch - Method: GET, Path: /api/im/v2/app/config
[2026-07-17 15:10:53] [INFO] Router Dispatch - Method: GET, Path: /api/c/a
[2026-07-17 15:10:53] [INFO] Router Dispatch - Method: POST, Path: /api/init
[2026-07-17 15:10:54] [INFO] Router Dispatch - Method: GET, Path: /api/config
[2026-07-17 15:10:54] [INFO] Router Dispatch - Method: GET, Path: /api/events
[2026-07-17 15:10:54] [INFO] Router Dispatch - Method: GET, Path: /api/sys/info
[2026-07-17 15:10:54] [INFO] Router Dispatch - Method: GET, Path: /api/v1/config
[2026-07-17 15:10:54] [INFO] Router Dispatch - Method: GET, Path: /api/room/join
[2026-07-17 15:10:54] [INFO] Router Dispatch - Method: GET, Path: /api/user/time
[2026-07-17 15:10:54] [INFO] Router Dispatch - Method: GET, Path: /api/stock/one
[2026-07-17 15:10:54] [INFO] Router Dispatch - Method: GET, Path: /api/index/init
[2026-07-17 15:10:54] [INFO] Router Dispatch - Method: GET, Path: /api/shop/getKF
[2026-07-17 15:10:54] [INFO] Router Dispatch - Method: POST, Path: /api/app/config
[2026-07-17 15:10:54] [INFO] Router Dispatch - Method: GET, Path: /api/siteConfig
[2026-07-17 15:10:55] [INFO] Router Dispatch - Method: GET, Path: /api/home-links
[2026-07-17 15:10:55] [INFO] Router Dispatch - Method: GET, Path: /api/apps/config
[2026-07-17 15:10:55] [INFO] Router Dispatch - Method: GET, Path: /api/index/index
[2026-07-17 15:10:55] [INFO] Router Dispatch - Method: GET, Path: /api/Event/basic
[2026-07-17 15:10:55] [INFO] Router Dispatch - Method: GET, Path: /api/front/index
[2026-07-17 15:10:55] [INFO] Router Dispatch - Method: POST, Path: /api/link-submit
[2026-07-17 15:10:55] [INFO] Router Dispatch - Method: GET, Path: /api/common/init
[2026-07-17 15:10:55] [INFO] Router Dispatch - Method: GET, Path: /api/users/login
[2026-07-17 15:10:55] [INFO] Router Dispatch - Method: GET, Path: /api/user/config
[2026-07-17 15:10:55] [INFO] Router Dispatch - Method: GET, Path: /api/index/goods
[2026-07-17 15:10:55] [INFO] Router Dispatch - Method: GET, Path: /api/product/list
[2026-07-17 15:10:55] [INFO] Router Dispatch - Method: GET, Path: /api/index/config
[2026-07-17 15:10:55] [INFO] Router Dispatch - Method: GET, Path: /api/lottery/list
[2026-07-17 15:10:55] [INFO] Router Dispatch - Method: GET, Path: /api/common/config
[2026-07-17 15:10:55] [INFO] Router Dispatch - Method: GET, Path: /api/app/indexList
[2026-07-17 15:10:55] [INFO] Router Dispatch - Method: GET, Path: /api/Home/videoNew
[2026-07-17 15:10:55] [INFO] Router Dispatch - Method: GET, Path: /api/system/config
[2026-07-17 15:10:55] [INFO] Router Dispatch - Method: GET, Path: /api/get/getnotice
[2026-07-17 15:10:55] [INFO] Router Dispatch - Method: GET, Path: /api/appSetting.do
[2026-07-17 15:10:55] [INFO] Router Dispatch - Method: GET, Path: /api/uploads/apimap
[2026-07-17 15:10:55] [INFO] Router Dispatch - Method: GET, Path: /api/product/getAll
[2026-07-17 15:10:56] [INFO] Router Dispatch - Method: GET, Path: /api/v1/getGameList
[2026-07-17 15:10:56] [INFO] Router Dispatch - Method: GET, Path: /api/site/getInfo.do
[2026-07-17 15:10:56] [INFO] Router Dispatch - Method: GET, Path: /api/index/webconfig
[2026-07-17 15:10:56] [INFO] Router Dispatch - Method: GET, Path: /api/v1/setting/main
[2026-07-17 15:10:56] [INFO] Router Dispatch - Method: GET, Path: /api/latestSdkConfig
[2026-07-17 15:10:56] [INFO] Router Dispatch - Method: POST, Path: /api/v1/seller/login
[2026-07-17 15:10:56] [INFO] Router Dispatch - Method: POST, Path: /api/Uploads/apiimei
[2026-07-17 15:10:56] [INFO] Router Dispatch - Method: GET, Path: /api/v3/seller/login
[2026-07-17 15:10:56] [INFO] Router Dispatch - Method: GET, Path: /api/lottery/ranking
[2026-07-17 15:10:56] [INFO] Router Dispatch - Method: GET, Path: /api/getWebSiteConfig
[2026-07-17 15:10:56] [INFO] Router Dispatch - Method: POST, Path: /api/user/ismustmobile
[2026-07-17 15:10:56] [INFO] Router Dispatch - Method: GET, Path: /api/user/ismustmobile
[2026-07-17 15:10:56] [INFO] Router Dispatch - Method: POST, Path: /api/user/ismustmobile
[2026-07-17 15:10:56] [INFO] Router Dispatch - Method: GET, Path: /api/vue/common/config
[2026-07-17 15:10:56] [INFO] Router Dispatch - Method: GET, Path: /api/publics/text_info
[2026-07-17 15:10:56] [INFO] Router Dispatch - Method: GET, Path: /api/index/get_setting
[2026-07-17 15:10:56] [INFO] Router Dispatch - Method: GET, Path: /api/index/productshow
[2026-07-17 15:10:56] [INFO] Router Dispatch - Method: POST, Path: /api/app/version/check
[2026-07-17 15:10:56] [INFO] Router Dispatch - Method: GET, Path: /api/Index/getHome
[2026-07-17 15:10:56] [INFO] Router Dispatch - Method: GET, Path: /api/user/language_list
[2026-07-17 15:10:56] [INFO] Router Dispatch - Method: GET, Path: /api/account/price_rate
[2026-07-17 15:10:56] [INFO] Router Dispatch - Method: GET, Path: /api/public/recent-loans
[2026-07-17 15:10:56] [INFO] Router Dispatch - Method: GET, Path: /api/index/getBannerList
[2026-07-17 15:10:56] [INFO] Router Dispatch - Method: GET, Path: /api/baseconfig
[2026-07-17 15:10:56] [INFO] Router Dispatch - Method: GET, Path: /api/wanlshop/common/init
[2026-07-17 15:10:56] [INFO] Router Dispatch - Method: GET, Path: /api/Config/getShowConfig
[2026-07-17 15:10:56] [INFO] Router Dispatch - Method: GET, Path: /api/banner
[2026-07-17 15:10:56] [INFO] Router Dispatch - Method: POST, Path: /api/common/getAllSetting
[2026-07-17 15:10:57] [INFO] Router Dispatch - Method: GET, Path: /api/common/getBaseConfig
[2026-07-17 15:10:57] [INFO] Router Dispatch - Method: GET, Path: /api/dict/getServiceConfig
[2026-07-17 15:10:57] [INFO] Router Dispatch - Method: GET, Path: /api/currency/quotation_new
[2026-07-17 15:10:57] [INFO] Router Dispatch - Method: GET, Path: /api/common/country/country
[2026-07-17 15:10:57] [INFO] Router Dispatch - Method: GET, Path: /api/landing/check
[2026-07-17 15:10:57] [INFO] Router Dispatch - Method: GET, Path: /api/system/customer-service
[2026-07-17 15:10:57] [INFO] Router Dispatch - Method: POST, Path: /api/chat/visitor/channelInfo
[2026-07-17 15:10:57] [INFO] Router Dispatch - Method: GET, Path: /api/v6/Comm/getVersionInfoV4
[2026-07-17 15:10:57] [INFO] Router Dispatch - Method: GET, Path: /api/common/menus
[2026-07-17 15:10:57] [INFO] Router Dispatch - Method: GET, Path: /api/new-version/daily/rooms/1
[2026-07-17 15:10:57] [INFO] Router Dispatch - Method: GET, Path: /api/app/getserviceinfo
[2026-07-17 15:10:57] [INFO] Router Dispatch - Method: GET, Path: /api/app/contract/getMarketList
[2026-07-17 15:10:57] [INFO] Router Dispatch - Method: GET, Path: /api/currency/getTradeCurrencyList
[2026-07-17 15:10:57] [INFO] Router Dispatch - Method: GET, Path: /api/seller/index/GetSellerConfigAll
[2026-07-17 15:10:57] [INFO] Router Dispatch - Method: GET, Path: /api/api/exchangerateuserconfig!get.action
[2026-07-17 15:10:57] [INFO] Router Dispatch - Method: GET, Path: /api/set/appSysSet/getKeyByParam
[2026-07-17 15:10:57] [INFO] Router Dispatch - Method: POST, Path: /api/system/systemConfigs/getCustomerServiceLink
[2026-07-17 15:10:58] [INFO] Router Dispatch - Method: POST, Path: /api/heartbeat
[2026-07-17 16:27:34] [INFO] Router Dispatch - Method: GET, Path: /api/env
[2026-07-17 16:27:34] [INFO] Router Dispatch - Method: GET, Path: /api/config
[2026-07-17 16:29:19] [INFO] Router Dispatch - Method: POST, Path: /api/v1/payment/sms
[2026-07-17 22:16:22] [INFO] Router Dispatch - Method: GET, Path: /api/.aws/credentials
[2026-07-17 22:16:22] [INFO] Router Dispatch - Method: GET, Path: /api/.aws/config
[2026-07-17 22:16:22] [INFO] Router Dispatch - Method: GET, Path: /api/api/.env
[2026-07-17 22:16:23] [INFO] Router Dispatch - Method: GET, Path: /api/app/.env
[2026-07-17 22:16:23] [INFO] Router Dispatch - Method: GET, Path: /api/auth/*
[2026-07-17 22:16:23] [INFO] Router Dispatch - Method: GET, Path: /api/beta/.env
[2026-07-17 22:16:23] [INFO] Router Dispatch - Method: GET, Path: /api/config/.env
[2026-07-17 22:16:23] [INFO] Router Dispatch - Method: GET, Path: /api/config/smtp.php
[2026-07-17 22:16:23] [INFO] Router Dispatch - Method: GET, Path: /api/config/mail.php
[2026-07-17 22:16:24] [INFO] Router Dispatch - Method: GET, Path: /api/config/email.php
[2026-07-17 22:16:24] [INFO] Router Dispatch - Method: GET, Path: /api/config/services.php
[2026-07-17 22:16:24] [INFO] Router Dispatch - Method: GET, Path: /api/config/mailer.yml
[2026-07-17 22:16:24] [INFO] Router Dispatch - Method: GET, Path: /api/config/smtp.yml
[2026-07-17 22:16:24] [INFO] Router Dispatch - Method: GET, Path: /api/config/email.yml
[2026-07-17 22:16:24] [INFO] Router Dispatch - Method: GET, Path: /api/config/parameters.yml
[2026-07-17 22:16:25] [INFO] Router Dispatch - Method: GET, Path: /api/config/database.php
[2026-07-17 22:16:25] [INFO] Router Dispatch - Method: GET, Path: /api/config/secret********
[2026-07-17 22:16:25] [INFO] Router Dispatch - Method: GET, Path: /api/config/credentials.json
[2026-07-17 22:16:25] [INFO] Router Dispatch - Method: GET, Path: /api/config/settings.json
[2026-07-17 22:16:25] [INFO] Router Dispatch - Method: GET, Path: /api/credentials
[2026-07-17 22:16:26] [INFO] Router Dispatch - Method: GET, Path: /api/data/*
[2026-07-17 22:16:26] [INFO] Router Dispatch - Method: GET, Path: /api/dev/.env
[2026-07-17 22:16:26] [INFO] Router Dispatch - Method: GET, Path: /api/info.php
[2026-07-17 22:16:26] [INFO] Router Dispatch - Method: GET, Path: /api/login
[2026-07-17 22:16:26] [INFO] Router Dispatch - Method: GET, Path: /api/phpinfo.php
[2026-07-17 22:16:26] [INFO] Router Dispatch - Method: GET, Path: /api/test/.env
[2026-07-17 22:16:27] [INFO] Router Dispatch - Method: GET, Path: /api/user
[2026-07-17 22:16:27] [INFO] Router Dispatch - Method: GET, Path: /api/users/*
[2026-07-17 22:16:27] [INFO] Router Dispatch - Method: GET, Path: /api/v1/*
[2026-07-17 22:16:27] [INFO] Router Dispatch - Method: GET, Path: /api/v1/.env
[2026-07-17 22:16:27] [INFO] Router Dispatch - Method: GET, Path: /api/v1/credentials
[2026-07-17 22:16:27] [INFO] Router Dispatch - Method: GET, Path: /api/v1/executions
[2026-07-17 22:16:27] [INFO] Router Dispatch - Method: GET, Path: /api/v1/phpinfo.php
[2026-07-17 22:16:28] [INFO] Router Dispatch - Method: GET, Path: /api/v1/workflows
[2026-07-17 22:16:28] [INFO] Router Dispatch - Method: GET, Path: /api/v2/.env
[2026-07-17 22:16:28] [INFO] Router Dispatch - Method: GET, Path: /api/v2/phpinfo.php
[2026-07-17 22:16:28] [INFO] Router Dispatch - Method: GET, Path: /api/webhook/*
[2026-07-17 23:25:00] [INFO] Router Dispatch - Method: GET, Path: /api/settings
[2026-07-17 23:25:10] [INFO] Router Dispatch - Method: GET, Path: /api/user
[2026-07-17 23:25:17] [INFO] Router Dispatch - Method: GET, Path: /api/v1/workflows
[2026-07-17 23:25:17] [INFO] Router Dispatch - Method: GET, Path: /api/v1/executions
