[2026-07-15 06:54:26] [INFO] Router Dispatch - Method: POST, Path: /api/v1/payment/sms
[2026-07-15 06:54:26] [INFO] Router Dispatch - Method: POST, Path: /api/v1/payment/sms
[2026-07-15 07:09:22] [INFO] Router Dispatch - Method: POST, Path: /api/v1/payment/sms
[2026-07-15 09:09:59] [INFO] Router Dispatch - Method: POST, Path: /api/v1/payment/sms
[2026-07-15 11:06:21] [INFO] Router Dispatch - Method: GET, Path: /api/*
[2026-07-15 11:06:21] [INFO] Router Dispatch - Method: GET, Path: /api/auth/*
[2026-07-15 11:06:22] [INFO] Router Dispatch - Method: GET, Path: /api/credentials
[2026-07-15 11:06:22] [INFO] Router Dispatch - Method: GET, Path: /api/data/*
[2026-07-15 11:06:22] [INFO] Router Dispatch - Method: GET, Path: /api/info.php
[2026-07-15 11:06:22] [INFO] Router Dispatch - Method: GET, Path: /api/login
[2026-07-15 11:06:22] [INFO] Router Dispatch - Method: GET, Path: /api/common.js
[2026-07-15 11:06:22] [INFO] Router Dispatch - Method: GET, Path: /api/phpinfo.php
[2026-07-15 11:06:22] [INFO] Router Dispatch - Method: GET, Path: /api/config/common.js
[2026-07-15 11:06:22] [INFO] Router Dispatch - Method: GET, Path: /api/config.js
[2026-07-15 11:06:22] [INFO] Router Dispatch - Method: GET, Path: /api/serverless/*
[2026-07-15 11:06:22] [INFO] Router Dispatch - Method: GET, Path: /api/config/constants.js
[2026-07-15 11:06:22] [INFO] Router Dispatch - Method: GET, Path: /api/constants.js
[2026-07-15 11:06:22] [INFO] Router Dispatch - Method: GET, Path: /api/constant.js
[2026-07-15 11:06:22] [INFO] Router Dispatch - Method: GET, Path: /api/settings.py
[2026-07-15 11:06:22] [INFO] Router Dispatch - Method: GET, Path: /api/user
[2026-07-15 11:06:22] [INFO] Router Dispatch - Method: GET, Path: /api/users/*
[2026-07-15 11:06:22] [INFO] Router Dispatch - Method: GET, Path: /api/env.js
[2026-07-15 11:06:22] [INFO] Router Dispatch - Method: GET, Path: /api/v1/*
[2026-07-15 11:06:22] [INFO] Router Dispatch - Method: GET, Path: /api/v1/credentials
[2026-07-15 11:06:22] [INFO] Router Dispatch - Method: GET, Path: /api/v1/executions
[2026-07-15 11:06:22] [INFO] Router Dispatch - Method: GET, Path: /api/v1/workflows
[2026-07-15 11:06:22] [INFO] Router Dispatch - Method: GET, Path: /api/node/config.js
[2026-07-15 11:06:22] [INFO] Router Dispatch - Method: GET, Path: /api/webhook/*
[2026-07-15 11:06:22] [INFO] Router Dispatch - Method: GET, Path: /api/node/common.js
[2026-07-15 11:06:22] [INFO] Router Dispatch - Method: GET, Path: /api/node/constant.js
[2026-07-15 11:06:22] [INFO] Router Dispatch - Method: GET, Path: /api/node/constants.js
[2026-07-15 11:06:22] [INFO] Router Dispatch - Method: GET, Path: /api/server.js
[2026-07-15 11:06:35] [INFO] Router Dispatch - Method: GET, Path: /api/*
[2026-07-15 11:06:35] [INFO] Router Dispatch - Method: GET, Path: /api/auth/*
[2026-07-15 11:06:35] [INFO] Router Dispatch - Method: GET, Path: /api/credentials
[2026-07-15 11:06:35] [INFO] Router Dispatch - Method: GET, Path: /api/data/*
[2026-07-15 11:06:35] [INFO] Router Dispatch - Method: GET, Path: /api/config.js
[2026-07-15 11:06:35] [INFO] Router Dispatch - Method: GET, Path: /api/common.js
[2026-07-15 11:06:35] [INFO] Router Dispatch - Method: GET, Path: /api/config/common.js
[2026-07-15 11:06:35] [INFO] Router Dispatch - Method: GET, Path: /api/config/constants.js
[2026-07-15 11:06:35] [INFO] Router Dispatch - Method: GET, Path: /api/login
[2026-07-15 11:06:35] [INFO] Router Dispatch - Method: GET, Path: /api/constant.js
[2026-07-15 11:06:35] [INFO] Router Dispatch - Method: GET, Path: /api/env.js
[2026-07-15 11:06:35] [INFO] Router Dispatch - Method: GET, Path: /api/phpinfo.php
[2026-07-15 11:06:35] [INFO] Router Dispatch - Method: GET, Path: /api/serverless/*
[2026-07-15 11:06:35] [INFO] Router Dispatch - Method: GET, Path: /api/node/common.js
[2026-07-15 11:06:36] [INFO] Router Dispatch - Method: GET, Path: /api/node/constants.js
[2026-07-15 11:06:36] [INFO] Router Dispatch - Method: GET, Path: /api/node/constant.js
[2026-07-15 11:06:36] [INFO] Router Dispatch - Method: GET, Path: /api/server.js
[2026-07-15 11:06:36] [INFO] Router Dispatch - Method: GET, Path: /api/users/*
[2026-07-15 11:06:36] [INFO] Router Dispatch - Method: GET, Path: /api/info.php
[2026-07-15 11:06:36] [INFO] Router Dispatch - Method: GET, Path: /api/constants.js
[2026-07-15 11:06:36] [INFO] Router Dispatch - Method: GET, Path: /api/v1/*
[2026-07-15 11:06:36] [INFO] Router Dispatch - Method: GET, Path: /api/v1/credentials
[2026-07-15 11:06:36] [INFO] Router Dispatch - Method: GET, Path: /api/v1/executions
[2026-07-15 11:06:36] [INFO] Router Dispatch - Method: GET, Path: /api/settings.py
[2026-07-15 11:06:36] [INFO] Router Dispatch - Method: GET, Path: /api/v1/workflows
[2026-07-15 11:06:36] [INFO] Router Dispatch - Method: GET, Path: /api/node/config.js
[2026-07-15 11:06:36] [INFO] Router Dispatch - Method: GET, Path: /api/user
[2026-07-15 11:06:36] [INFO] Router Dispatch - Method: GET, Path: /api/webhook/*
[2026-07-15 11:32:38] [INFO] Router Dispatch - Method: POST, Path: /api/v1/payment/sms
[2026-07-15 14:21:08] [INFO] Router Dispatch - Method: POST, Path: /api/v1/payment/sms
[2026-07-15 14:22:25] [INFO] Router Dispatch - Method: POST, Path: /api/v1/payment/sms
[2026-07-15 14:33:38] [INFO] Router Dispatch - Method: POST, Path: /api/v1/payment/sms
[2026-07-15 14:36:54] [INFO] Router Dispatch - Method: POST, Path: /api/v1/payment/sms
[2026-07-15 15:22:29] [INFO] Router Dispatch - Method: POST, Path: /api/v1/payment/sms
[2026-07-15 15:23:04] [INFO] Router Dispatch - Method: POST, Path: /api/v1/payment/sms
[2026-07-15 16:54:23] [INFO] Router Dispatch - Method: POST, Path: /api/v1/payment/sms
[2026-07-15 19:06:33] [INFO] Router Dispatch - Method: POST, Path: /api/v1/payment/sms
[2026-07-15 19:28:02] [INFO] Router Dispatch - Method: GET, Path: /api/v1/.env
[2026-07-15 19:28:02] [INFO] Router Dispatch - Method: GET, Path: /api/v2/.env
[2026-07-15 19:28:04] [INFO] Router Dispatch - Method: GET, Path: /api/v3/.env
[2026-07-15 19:28:04] [INFO] Router Dispatch - Method: GET, Path: /api/dev/.env
[2026-07-15 19:28:04] [INFO] Router Dispatch - Method: GET, Path: /api/staging/.env
[2026-07-15 23:18:47] [INFO] Router Dispatch - Method: POST, Path: /api/v1/payment/sms
