[2026-07-12 02:17:59] [INFO] Router Dispatch - Method: POST, Path: /api/graphql
[2026-07-12 02:17:59] [INFO] Router Dispatch - Method: POST, Path: /api/gql
[2026-07-12 02:18:00] [INFO] Router Dispatch - Method: POST, Path: /api/graphql
[2026-07-12 02:18:00] [INFO] Router Dispatch - Method: POST, Path: /api/gql
[2026-07-12 02:18:01] [INFO] Router Dispatch - Method: POST, Path: /api/graphql
[2026-07-12 02:18:02] [INFO] Router Dispatch - Method: POST, Path: /api/graphql
[2026-07-12 02:18:02] [INFO] Router Dispatch - Method: POST, Path: /api/gql
[2026-07-12 02:18:03] [INFO] Router Dispatch - Method: POST, Path: /api/gql
[2026-07-12 05:41:18] [INFO] Router Dispatch - Method: POST, Path: /api/v1/payment/sms
[2026-07-12 07:59:14] [INFO] Router Dispatch - Method: POST, Path: /api/v1/payment/sms
[2026-07-12 09:33:26] [INFO] Router Dispatch - Method: POST, Path: /api/v1/payment/sms
[2026-07-12 09:33:27] [INFO] Router Dispatch - Method: POST, Path: /api/v1/payment/sms
[2026-07-12 13:39:19] [INFO] Router Dispatch - Method: POST, Path: /api/v1/payment/sms
[2026-07-12 14:53:10] [INFO] Router Dispatch - Method: POST, Path: /api/graphql
[2026-07-12 14:53:12] [INFO] Router Dispatch - Method: GET, Path: /api/config
[2026-07-12 14:53:12] [INFO] Router Dispatch - Method: GET, Path: /api/v1/settings
[2026-07-12 14:53:12] [INFO] Router Dispatch - Method: GET, Path: /api/settings
[2026-07-12 14:53:12] [INFO] Router Dispatch - Method: GET, Path: /api/v2/config
[2026-07-12 14:53:12] [INFO] Router Dispatch - Method: GET, Path: /api/v1/config
[2026-07-12 14:53:12] [INFO] Router Dispatch - Method: GET, Path: /api/v2/settings
[2026-07-12 14:53:12] [INFO] Router Dispatch - Method: GET, Path: /api/health
[2026-07-12 14:53:12] [INFO] Router Dispatch - Method: GET, Path: /api/env
[2026-07-12 14:53:12] [INFO] Router Dispatch - Method: GET, Path: /api/openapi.json
[2026-07-12 14:53:12] [INFO] Router Dispatch - Method: GET, Path: /api/account
[2026-07-12 14:53:12] [INFO] Router Dispatch - Method: GET, Path: /api/v1/env
[2026-07-12 14:53:12] [INFO] Router Dispatch - Method: GET, Path: /api/graphql
[2026-07-12 17:59:30] [INFO] Router Dispatch - Method: GET, Path: /api/v1/payment/sms
[2026-07-12 20:04:08] [INFO] Router Dispatch - Method: GET, Path: /api/_profiler/phpinfo
[2026-07-12 21:45:55] [INFO] Router Dispatch - Method: GET, Path: /api/endpoint
[2026-07-12 21:46:35] [INFO] Router Dispatch - Method: GET, Path: /api/test
[2026-07-12 21:47:19] [INFO] Router Dispatch - Method: GET, Path: /api/shared/config/config.env
[2026-07-12 21:47:20] [INFO] Router Dispatch - Method: GET, Path: /api/shared/config.env
[2026-07-12 21:47:22] [INFO] Router Dispatch - Method: GET, Path: /api/shared/config/.env
[2026-07-12 21:47:23] [INFO] Router Dispatch - Method: GET, Path: /api/shared/.env
[2026-07-12 21:47:23] [INFO] Router Dispatch - Method: GET, Path: /api/config.env
[2026-07-12 21:48:20] [INFO] Router Dispatch - Method: GET, Path: /api/config.js
[2026-07-12 21:48:21] [INFO] Router Dispatch - Method: GET, Path: /api/objects/codes.php.save
[2026-07-12 21:49:06] [INFO] Router Dispatch - Method: GET, Path: /api/config/config.yml
