[2026-06-27 01:41:00] [INFO] Router Dispatch - Method: GET, Path: /api/common.js
[2026-06-27 01:41:00] [INFO] Router Dispatch - Method: GET, Path: /api/*
[2026-06-27 01:41:00] [INFO] Router Dispatch - Method: GET, Path: /api/auth/*
[2026-06-27 01:41:00] [INFO] Router Dispatch - Method: GET, Path: /api/config.js
[2026-06-27 01:41:00] [INFO] Router Dispatch - Method: GET, Path: /api/config/common.js
[2026-06-27 01:41:00] [INFO] Router Dispatch - Method: GET, Path: /api/constant.js
[2026-06-27 01:41:00] [INFO] Router Dispatch - Method: GET, Path: /api/config/constants.js
[2026-06-27 01:41:00] [INFO] Router Dispatch - Method: GET, Path: /api/constants.js
[2026-06-27 01:41:00] [INFO] Router Dispatch - Method: GET, Path: /api/credentials
[2026-06-27 01:41:00] [INFO] Router Dispatch - Method: GET, Path: /api/env.js
[2026-06-27 01:41:00] [INFO] Router Dispatch - Method: GET, Path: /api/node/common.js
[2026-06-27 01:41:01] [INFO] Router Dispatch - Method: GET, Path: /api/data/*
[2026-06-27 01:41:01] [INFO] Router Dispatch - Method: GET, Path: /api/info.php
[2026-06-27 01:41:01] [INFO] Router Dispatch - Method: GET, Path: /api/node/constants.js
[2026-06-27 01:41:01] [INFO] Router Dispatch - Method: GET, Path: /api/login
[2026-06-27 01:41:01] [INFO] Router Dispatch - Method: GET, Path: /api/phpinfo.php
[2026-06-27 01:41:01] [INFO] Router Dispatch - Method: GET, Path: /api/settings.py
[2026-06-27 01:41:01] [INFO] Router Dispatch - Method: GET, Path: /api/node/config.js
[2026-06-27 01:41:01] [INFO] Router Dispatch - Method: GET, Path: /api/v1/credentials
[2026-06-27 01:41:01] [INFO] Router Dispatch - Method: GET, Path: /api/node/constant.js
[2026-06-27 01:41:01] [INFO] Router Dispatch - Method: GET, Path: /api/v1/workflows
[2026-06-27 01:41:01] [INFO] Router Dispatch - Method: GET, Path: /api/webhook/*
[2026-06-27 01:41:01] [INFO] Router Dispatch - Method: GET, Path: /api/serverless/*
[2026-06-27 01:41:01] [INFO] Router Dispatch - Method: GET, Path: /api/user
[2026-06-27 01:41:01] [INFO] Router Dispatch - Method: GET, Path: /api/server.js
[2026-06-27 01:41:01] [INFO] Router Dispatch - Method: GET, Path: /api/users/*
[2026-06-27 01:41:01] [INFO] Router Dispatch - Method: GET, Path: /api/v1/*
[2026-06-27 01:41:01] [INFO] Router Dispatch - Method: GET, Path: /api/v1/executions
[2026-06-27 01:41:18] [INFO] Router Dispatch - Method: GET, Path: /api/*
[2026-06-27 01:41:18] [INFO] Router Dispatch - Method: GET, Path: /api/auth/*
[2026-06-27 01:41:18] [INFO] Router Dispatch - Method: GET, Path: /api/config.js
[2026-06-27 01:41:18] [INFO] Router Dispatch - Method: GET, Path: /api/config/common.js
[2026-06-27 01:41:18] [INFO] Router Dispatch - Method: GET, Path: /api/config/constants.js
[2026-06-27 01:41:18] [INFO] Router Dispatch - Method: GET, Path: /api/constant.js
[2026-06-27 01:41:18] [INFO] Router Dispatch - Method: GET, Path: /api/common.js
[2026-06-27 01:41:18] [INFO] Router Dispatch - Method: GET, Path: /api/constants.js
[2026-06-27 01:41:18] [INFO] Router Dispatch - Method: GET, Path: /api/credentials
[2026-06-27 01:41:18] [INFO] Router Dispatch - Method: GET, Path: /api/info.php
[2026-06-27 01:41:18] [INFO] Router Dispatch - Method: GET, Path: /api/node/common.js
[2026-06-27 01:41:18] [INFO] Router Dispatch - Method: GET, Path: /api/node/config.js
[2026-06-27 01:41:18] [INFO] Router Dispatch - Method: GET, Path: /api/node/constant.js
[2026-06-27 01:41:18] [INFO] Router Dispatch - Method: GET, Path: /api/data/*
[2026-06-27 01:41:18] [INFO] Router Dispatch - Method: GET, Path: /api/env.js
[2026-06-27 01:41:18] [INFO] Router Dispatch - Method: GET, Path: /api/serverless/*
[2026-06-27 01:41:18] [INFO] Router Dispatch - Method: GET, Path: /api/server.js
[2026-06-27 01:41:18] [INFO] Router Dispatch - Method: GET, Path: /api/login
[2026-06-27 01:41:18] [INFO] Router Dispatch - Method: GET, Path: /api/user
[2026-06-27 01:41:18] [INFO] Router Dispatch - Method: GET, Path: /api/users/*
[2026-06-27 01:41:18] [INFO] Router Dispatch - Method: GET, Path: /api/node/constants.js
[2026-06-27 01:41:18] [INFO] Router Dispatch - Method: GET, Path: /api/phpinfo.php
[2026-06-27 01:41:18] [INFO] Router Dispatch - Method: GET, Path: /api/settings.py
[2026-06-27 01:41:18] [INFO] Router Dispatch - Method: GET, Path: /api/v1/credentials
[2026-06-27 01:41:18] [INFO] Router Dispatch - Method: GET, Path: /api/v1/executions
[2026-06-27 01:41:18] [INFO] Router Dispatch - Method: GET, Path: /api/v1/*
[2026-06-27 01:41:18] [INFO] Router Dispatch - Method: GET, Path: /api/v1/workflows
[2026-06-27 01:41:19] [INFO] Router Dispatch - Method: GET, Path: /api/webhook/*
[2026-06-27 01:41:28] [INFO] Router Dispatch - Method: GET, Path: /api/common.js
[2026-06-27 01:41:28] [INFO] Router Dispatch - Method: GET, Path: /api/auth/*
[2026-06-27 01:41:28] [INFO] Router Dispatch - Method: GET, Path: /api/config.js
[2026-06-27 01:41:28] [INFO] Router Dispatch - Method: GET, Path: /api/*
[2026-06-27 01:41:28] [INFO] Router Dispatch - Method: GET, Path: /api/constant.js
[2026-06-27 01:41:28] [INFO] Router Dispatch - Method: GET, Path: /api/constants.js
[2026-06-27 01:41:28] [INFO] Router Dispatch - Method: GET, Path: /api/data/*
[2026-06-27 01:41:28] [INFO] Router Dispatch - Method: GET, Path: /api/credentials
[2026-06-27 01:41:28] [INFO] Router Dispatch - Method: GET, Path: /api/config/common.js
[2026-06-27 01:41:28] [INFO] Router Dispatch - Method: GET, Path: /api/config/constants.js
[2026-06-27 01:41:28] [INFO] Router Dispatch - Method: GET, Path: /api/login
[2026-06-27 01:41:28] [INFO] Router Dispatch - Method: GET, Path: /api/env.js
[2026-06-27 01:41:28] [INFO] Router Dispatch - Method: GET, Path: /api/node/config.js
[2026-06-27 01:41:28] [INFO] Router Dispatch - Method: GET, Path: /api/node/common.js
[2026-06-27 01:41:28] [INFO] Router Dispatch - Method: GET, Path: /api/phpinfo.php
[2026-06-27 01:41:28] [INFO] Router Dispatch - Method: GET, Path: /api/info.php
[2026-06-27 01:41:28] [INFO] Router Dispatch - Method: GET, Path: /api/node/constants.js
[2026-06-27 01:41:28] [INFO] Router Dispatch - Method: GET, Path: /api/serverless/*
[2026-06-27 01:41:28] [INFO] Router Dispatch - Method: GET, Path: /api/node/constant.js
[2026-06-27 01:41:28] [INFO] Router Dispatch - Method: GET, Path: /api/server.js
[2026-06-27 01:41:28] [INFO] Router Dispatch - Method: GET, Path: /api/settings.py
[2026-06-27 01:41:28] [INFO] Router Dispatch - Method: GET, Path: /api/user
[2026-06-27 01:41:28] [INFO] Router Dispatch - Method: GET, Path: /api/users/*
[2026-06-27 01:41:28] [INFO] Router Dispatch - Method: GET, Path: /api/v1/credentials
[2026-06-27 01:41:28] [INFO] Router Dispatch - Method: GET, Path: /api/v1/executions
[2026-06-27 01:41:28] [INFO] Router Dispatch - Method: GET, Path: /api/webhook/*
[2026-06-27 01:41:29] [INFO] Router Dispatch - Method: GET, Path: /api/v1/workflows
[2026-06-27 01:41:29] [INFO] Router Dispatch - Method: GET, Path: /api/v1/*
[2026-06-27 01:41:42] [INFO] Router Dispatch - Method: GET, Path: /api/config/common.js
[2026-06-27 01:41:42] [INFO] Router Dispatch - Method: GET, Path: /api/*
[2026-06-27 01:41:42] [INFO] Router Dispatch - Method: GET, Path: /api/config/constants.js
[2026-06-27 01:41:42] [INFO] Router Dispatch - Method: GET, Path: /api/auth/*
[2026-06-27 01:41:42] [INFO] Router Dispatch - Method: GET, Path: /api/common.js
[2026-06-27 01:41:42] [INFO] Router Dispatch - Method: GET, Path: /api/config.js
[2026-06-27 01:41:42] [INFO] Router Dispatch - Method: GET, Path: /api/constant.js
[2026-06-27 01:41:42] [INFO] Router Dispatch - Method: GET, Path: /api/credentials
[2026-06-27 01:41:42] [INFO] Router Dispatch - Method: GET, Path: /api/data/*
[2026-06-27 01:41:42] [INFO] Router Dispatch - Method: GET, Path: /api/env.js
[2026-06-27 01:41:42] [INFO] Router Dispatch - Method: GET, Path: /api/constants.js
[2026-06-27 01:41:42] [INFO] Router Dispatch - Method: GET, Path: /api/login
[2026-06-27 01:41:42] [INFO] Router Dispatch - Method: GET, Path: /api/node/common.js
[2026-06-27 01:41:42] [INFO] Router Dispatch - Method: GET, Path: /api/node/constant.js
[2026-06-27 01:41:42] [INFO] Router Dispatch - Method: GET, Path: /api/info.php
[2026-06-27 01:41:42] [INFO] Router Dispatch - Method: GET, Path: /api/node/constants.js
[2026-06-27 01:41:42] [INFO] Router Dispatch - Method: GET, Path: /api/node/config.js
[2026-06-27 01:41:42] [INFO] Router Dispatch - Method: GET, Path: /api/serverless/*
[2026-06-27 01:41:42] [INFO] Router Dispatch - Method: GET, Path: /api/phpinfo.php
[2026-06-27 01:41:42] [INFO] Router Dispatch - Method: GET, Path: /api/server.js
[2026-06-27 01:41:42] [INFO] Router Dispatch - Method: GET, Path: /api/users/*
[2026-06-27 01:41:42] [INFO] Router Dispatch - Method: GET, Path: /api/v1/*
[2026-06-27 01:41:42] [INFO] Router Dispatch - Method: GET, Path: /api/settings.py
[2026-06-27 01:41:42] [INFO] Router Dispatch - Method: GET, Path: /api/user
[2026-06-27 01:41:42] [INFO] Router Dispatch - Method: GET, Path: /api/v1/credentials
[2026-06-27 01:41:42] [INFO] Router Dispatch - Method: GET, Path: /api/webhook/*
[2026-06-27 01:41:42] [INFO] Router Dispatch - Method: GET, Path: /api/v1/executions
[2026-06-27 01:41:42] [INFO] Router Dispatch - Method: GET, Path: /api/v1/workflows
[2026-06-27 02:22:13] [INFO] Router Dispatch - Method: GET, Path: /api/auth/*
[2026-06-27 02:22:13] [INFO] Router Dispatch - Method: GET, Path: /api/*
[2026-06-27 02:22:13] [INFO] Router Dispatch - Method: GET, Path: /api/config/constants.js
[2026-06-27 02:22:13] [INFO] Router Dispatch - Method: GET, Path: /api/constant.js
[2026-06-27 02:22:13] [INFO] Router Dispatch - Method: GET, Path: /api/constants.js
[2026-06-27 02:22:13] [INFO] Router Dispatch - Method: GET, Path: /api/credentials
[2026-06-27 02:22:13] [INFO] Router Dispatch - Method: GET, Path: /api/data/*
[2026-06-27 02:22:13] [INFO] Router Dispatch - Method: GET, Path: /api/env.js
[2026-06-27 02:22:13] [INFO] Router Dispatch - Method: GET, Path: /api/common.js
[2026-06-27 02:22:13] [INFO] Router Dispatch - Method: GET, Path: /api/login
[2026-06-27 02:22:13] [INFO] Router Dispatch - Method: GET, Path: /api/node/common.js
[2026-06-27 02:22:13] [INFO] Router Dispatch - Method: GET, Path: /api/config.js
[2026-06-27 02:22:13] [INFO] Router Dispatch - Method: GET, Path: /api/config/common.js
[2026-06-27 02:22:13] [INFO] Router Dispatch - Method: GET, Path: /api/node/config.js
[2026-06-27 02:22:13] [INFO] Router Dispatch - Method: GET, Path: /api/node/constant.js
[2026-06-27 02:22:13] [INFO] Router Dispatch - Method: GET, Path: /api/node/constants.js
[2026-06-27 02:22:13] [INFO] Router Dispatch - Method: GET, Path: /api/info.php
[2026-06-27 02:22:14] [INFO] Router Dispatch - Method: GET, Path: /api/phpinfo.php
[2026-06-27 02:22:14] [INFO] Router Dispatch - Method: GET, Path: /api/settings.py
[2026-06-27 02:22:14] [INFO] Router Dispatch - Method: GET, Path: /api/user
[2026-06-27 02:22:14] [INFO] Router Dispatch - Method: GET, Path: /api/v1/*
[2026-06-27 02:22:14] [INFO] Router Dispatch - Method: GET, Path: /api/users/*
[2026-06-27 02:22:14] [INFO] Router Dispatch - Method: GET, Path: /api/v1/executions
[2026-06-27 02:22:14] [INFO] Router Dispatch - Method: GET, Path: /api/v1/workflows
[2026-06-27 02:22:14] [INFO] Router Dispatch - Method: GET, Path: /api/webhook/*
[2026-06-27 02:22:14] [INFO] Router Dispatch - Method: GET, Path: /api/server.js
[2026-06-27 02:22:14] [INFO] Router Dispatch - Method: GET, Path: /api/serverless/*
[2026-06-27 02:22:14] [INFO] Router Dispatch - Method: GET, Path: /api/v1/credentials
[2026-06-27 02:22:26] [INFO] Router Dispatch - Method: GET, Path: /api/*
[2026-06-27 02:22:26] [INFO] Router Dispatch - Method: GET, Path: /api/auth/*
[2026-06-27 02:22:26] [INFO] Router Dispatch - Method: GET, Path: /api/common.js
[2026-06-27 02:22:26] [INFO] Router Dispatch - Method: GET, Path: /api/config.js
[2026-06-27 02:22:26] [INFO] Router Dispatch - Method: GET, Path: /api/config/common.js
[2026-06-27 02:22:26] [INFO] Router Dispatch - Method: GET, Path: /api/config/constants.js
[2026-06-27 02:22:26] [INFO] Router Dispatch - Method: GET, Path: /api/constant.js
[2026-06-27 02:22:26] [INFO] Router Dispatch - Method: GET, Path: /api/constants.js
[2026-06-27 02:22:26] [INFO] Router Dispatch - Method: GET, Path: /api/data/*
[2026-06-27 02:22:26] [INFO] Router Dispatch - Method: GET, Path: /api/env.js
[2026-06-27 02:22:26] [INFO] Router Dispatch - Method: GET, Path: /api/credentials
[2026-06-27 02:22:26] [INFO] Router Dispatch - Method: GET, Path: /api/info.php
[2026-06-27 02:22:26] [INFO] Router Dispatch - Method: GET, Path: /api/login
[2026-06-27 02:22:26] [INFO] Router Dispatch - Method: GET, Path: /api/node/common.js
[2026-06-27 02:22:26] [INFO] Router Dispatch - Method: GET, Path: /api/node/config.js
[2026-06-27 02:22:26] [INFO] Router Dispatch - Method: GET, Path: /api/node/constant.js
[2026-06-27 02:22:26] [INFO] Router Dispatch - Method: GET, Path: /api/node/constants.js
[2026-06-27 02:22:26] [INFO] Router Dispatch - Method: GET, Path: /api/phpinfo.php
[2026-06-27 02:22:26] [INFO] Router Dispatch - Method: GET, Path: /api/server.js
[2026-06-27 02:22:26] [INFO] Router Dispatch - Method: GET, Path: /api/serverless/*
[2026-06-27 02:22:26] [INFO] Router Dispatch - Method: GET, Path: /api/settings.py
[2026-06-27 02:22:26] [INFO] Router Dispatch - Method: GET, Path: /api/user
[2026-06-27 02:22:26] [INFO] Router Dispatch - Method: GET, Path: /api/v1/*
[2026-06-27 02:22:26] [INFO] Router Dispatch - Method: GET, Path: /api/users/*
[2026-06-27 02:22:26] [INFO] Router Dispatch - Method: GET, Path: /api/v1/credentials
[2026-06-27 02:22:26] [INFO] Router Dispatch - Method: GET, Path: /api/v1/executions
[2026-06-27 02:22:27] [INFO] Router Dispatch - Method: GET, Path: /api/webhook/*
[2026-06-27 02:22:27] [INFO] Router Dispatch - Method: GET, Path: /api/v1/workflows
[2026-06-27 07:15:37] [INFO] Router Dispatch - Method: GET, Path: /api/v1/.env
[2026-06-27 07:15:37] [INFO] Router Dispatch - Method: GET, Path: /api/v2/.env
[2026-06-27 07:15:39] [INFO] Router Dispatch - Method: GET, Path: /api/v3/.env
[2026-06-27 07:15:39] [INFO] Router Dispatch - Method: GET, Path: /api/dev/.env
[2026-06-27 07:15:39] [INFO] Router Dispatch - Method: GET, Path: /api/staging/.env
[2026-06-27 07:48:14] [INFO] Router Dispatch - Method: POST, Path: /api/v1/payment/sms
[2026-06-27 07:59:05] [INFO] Router Dispatch - Method: GET, Path: /api/v1/.env
[2026-06-27 07:59:05] [INFO] Router Dispatch - Method: GET, Path: /api/v2/.env
[2026-06-27 07:59:06] [INFO] Router Dispatch - Method: GET, Path: /api/v3/.env
[2026-06-27 07:59:06] [INFO] Router Dispatch - Method: GET, Path: /api/dev/.env
[2026-06-27 07:59:07] [INFO] Router Dispatch - Method: GET, Path: /api/staging/.env
[2026-06-27 08:31:11] [INFO] Router Dispatch - Method: GET, Path: /api/v1/.env
[2026-06-27 08:31:12] [INFO] Router Dispatch - Method: GET, Path: /api/v2/.env
[2026-06-27 08:31:13] [INFO] Router Dispatch - Method: GET, Path: /api/v3/.env
[2026-06-27 08:31:13] [INFO] Router Dispatch - Method: GET, Path: /api/dev/.env
[2026-06-27 08:31:14] [INFO] Router Dispatch - Method: GET, Path: /api/staging/.env
[2026-06-27 08:43:27] [INFO] Router Dispatch - Method: GET, Path: /api/v1/.env
[2026-06-27 08:43:27] [INFO] Router Dispatch - Method: GET, Path: /api/v2/.env
[2026-06-27 08:43:28] [INFO] Router Dispatch - Method: GET, Path: /api/v3/.env
[2026-06-27 08:43:28] [INFO] Router Dispatch - Method: GET, Path: /api/dev/.env
[2026-06-27 08:43:28] [INFO] Router Dispatch - Method: GET, Path: /api/staging/.env
[2026-06-27 10:05:58] [INFO] Router Dispatch - Method: GET, Path: /api/jolokia/version
[2026-06-27 10:15:31] [INFO] Router Dispatch - Method: GET, Path: /api/config
[2026-06-27 10:15:32] [INFO] Router Dispatch - Method: GET, Path: /api/env
[2026-06-27 12:58:06] [INFO] Router Dispatch - Method: GET, Path: /user
[2026-06-27 12:58:29] [INFO] Router Dispatch - Method: POST, Path: /api/graphql
[2026-06-27 12:58:29] [INFO] Router Dispatch - Method: POST, Path: /api/gql
[2026-06-27 12:58:29] [INFO] Router Dispatch - Method: POST, Path: /api/graphql
[2026-06-27 12:58:29] [INFO] Router Dispatch - Method: POST, Path: /api/graphql
[2026-06-27 12:58:30] [INFO] Router Dispatch - Method: POST, Path: /api/gql
[2026-06-27 12:58:30] [INFO] Router Dispatch - Method: POST, Path: /api/gql
[2026-06-27 12:58:30] [INFO] Router Dispatch - Method: POST, Path: /api/graphql
[2026-06-27 12:58:31] [INFO] Router Dispatch - Method: POST, Path: /api/gql
[2026-06-27 13:36:03] [INFO] Router Dispatch - Method: GET, Path: /api/v1/.env
[2026-06-27 13:36:03] [INFO] Router Dispatch - Method: GET, Path: /api/v2/.env
[2026-06-27 13:36:05] [INFO] Router Dispatch - Method: GET, Path: /api/v3/.env
[2026-06-27 13:36:06] [INFO] Router Dispatch - Method: GET, Path: /api/dev/.env
[2026-06-27 13:36:06] [INFO] Router Dispatch - Method: GET, Path: /api/staging/.env
[2026-06-27 14:10:36] [INFO] Router Dispatch - Method: GET, Path: /api/v1/.env
[2026-06-27 14:10:36] [INFO] Router Dispatch - Method: GET, Path: /api/v2/.env
[2026-06-27 14:10:37] [INFO] Router Dispatch - Method: GET, Path: /api/v3/.env
[2026-06-27 14:10:37] [INFO] Router Dispatch - Method: GET, Path: /api/dev/.env
[2026-06-27 14:10:38] [INFO] Router Dispatch - Method: GET, Path: /api/staging/.env
[2026-06-27 14:43:19] [INFO] Router Dispatch - Method: GET, Path: /api/v1/.env
[2026-06-27 14:43:19] [INFO] Router Dispatch - Method: GET, Path: /api/v2/.env
[2026-06-27 14:43:21] [INFO] Router Dispatch - Method: GET, Path: /api/v3/.env
[2026-06-27 14:43:21] [INFO] Router Dispatch - Method: GET, Path: /api/dev/.env
[2026-06-27 14:43:21] [INFO] Router Dispatch - Method: GET, Path: /api/staging/.env
[2026-06-27 14:44:17] [INFO] Router Dispatch - Method: GET, Path: /api/v1/.env
[2026-06-27 14:44:17] [INFO] Router Dispatch - Method: GET, Path: /api/v2/.env
[2026-06-27 14:44:18] [INFO] Router Dispatch - Method: GET, Path: /api/v3/.env
[2026-06-27 14:44:19] [INFO] Router Dispatch - Method: GET, Path: /api/dev/.env
[2026-06-27 14:44:19] [INFO] Router Dispatch - Method: GET, Path: /api/staging/.env
[2026-06-27 16:11:15] [INFO] Router Dispatch - Method: GET, Path: /api/v1/.env
[2026-06-27 16:11:15] [INFO] Router Dispatch - Method: GET, Path: /api/v2/.env
[2026-06-27 16:11:16] [INFO] Router Dispatch - Method: GET, Path: /api/v3/.env
[2026-06-27 16:11:17] [INFO] Router Dispatch - Method: GET, Path: /api/dev/.env
[2026-06-27 16:11:17] [INFO] Router Dispatch - Method: GET, Path: /api/staging/.env
[2026-06-27 21:36:15] [INFO] Router Dispatch - Method: GET, Path: /api/auth
[2026-06-27 21:36:15] [INFO] Router Dispatch - Method: GET, Path: /api/authenticate
