[2026-07-01 04:46:25] [INFO] Router Dispatch - Method: GET, Path: /api/jolokia/list
[2026-07-01 09:43:47] [INFO] Router Dispatch - Method: POST, Path: /api/v1/payment/sms
[2026-07-01 09:43:47] [INFO] Router Dispatch - Method: POST, Path: /api/v1/payment/sms
[2026-07-01 10:30:32] [INFO] Router Dispatch - Method: POST, Path: /api/v1/payment/sms
[2026-07-01 11:02:32] [INFO] Router Dispatch - Method: GET, Path: /api/jolokia
[2026-07-01 11:10:01] [INFO] Router Dispatch - Method: GET, Path: /api/jolokia/version
[2026-07-01 12:41:11] [INFO] Router Dispatch - Method: GET, Path: /user
[2026-07-01 12:41:28] [INFO] Router Dispatch - Method: POST, Path: /api/graphql
[2026-07-01 12:41:28] [INFO] Router Dispatch - Method: POST, Path: /api/graphql
[2026-07-01 12:41:29] [INFO] Router Dispatch - Method: POST, Path: /api/graphql
[2026-07-01 12:41:29] [INFO] Router Dispatch - Method: POST, Path: /api/gql
[2026-07-01 12:41:29] [INFO] Router Dispatch - Method: POST, Path: /api/gql
[2026-07-01 12:41:29] [INFO] Router Dispatch - Method: POST, Path: /api/gql
[2026-07-01 12:41:30] [INFO] Router Dispatch - Method: POST, Path: /api/graphql
[2026-07-01 12:41:31] [INFO] Router Dispatch - Method: POST, Path: /api/gql
[2026-07-01 12:42:29] [INFO] Router Dispatch - Method: GET, Path: /api/config
[2026-07-01 12:42:29] [INFO] Router Dispatch - Method: GET, Path: /api/settings
[2026-07-01 12:42:30] [INFO] Router Dispatch - Method: GET, Path: /api/env
[2026-07-01 13:02:45] [INFO] Router Dispatch - Method: GET, Path: /user
[2026-07-01 13:32:27] [INFO] Router Dispatch - Method: GET, Path: /api/shared/.env
[2026-07-01 13:32:27] [INFO] Router Dispatch - Method: GET, Path: /api/shared/config.env
[2026-07-01 13:32:34] [INFO] Router Dispatch - Method: GET, Path: /http://127.0.0.1:80
[2026-07-01 13:32:34] [INFO] Router Dispatch - Method: GET, Path: /http://169.254.169.254/latest/meta-data
[2026-07-01 13:32:34] [INFO] Router Dispatch - Method: GET, Path: /api/status
[2026-07-01 13:32:34] [INFO] Router Dispatch - Method: GET, Path: /http://metadata.google.internal/computeMetadata/v1/instance/service-accounts/default/token
[2026-07-01 13:32:35] [INFO] Router Dispatch - Method: GET, Path: /http://[::1]
[2026-07-01 13:32:35] [INFO] Router Dispatch - Method: GET, Path: /http://ip6-localhost
[2026-07-01 13:32:39] [INFO] Router Dispatch - Method: GET, Path: /http://127.0.0.1:80
[2026-07-01 13:32:39] [INFO] Router Dispatch - Method: GET, Path: /http://169.254.169.254/latest/meta-data
[2026-07-01 13:32:40] [INFO] Router Dispatch - Method: GET, Path: /http://metadata.google.internal/computeMetadata/v1/instance/service-accounts/default/token
[2026-07-01 13:32:40] [INFO] Router Dispatch - Method: GET, Path: /http://[::1]
[2026-07-01 13:32:41] [INFO] Router Dispatch - Method: GET, Path: /http://ip6-localhost
[2026-07-01 13:41:43] [INFO] Router Dispatch - Method: POST, Path: /api/v1/payment/sms
[2026-07-01 13:41:50] [INFO] Router Dispatch - Method: POST, Path: /api/v1/payment/sms
[2026-07-01 13:49:26] [INFO] Router Dispatch - Method: GET, Path: /api/jolokia
[2026-07-01 13:57:39] [INFO] Router Dispatch - Method: GET, Path: /api/jolokia/version
[2026-07-01 21:58:52] [INFO] Router Dispatch - Method: GET, Path: /api/v1/config
[2026-07-01 21:58:52] [INFO] Router Dispatch - Method: GET, Path: /api/v1/env
[2026-07-01 21:58:55] [INFO] Router Dispatch - Method: GET, Path: /api/v1/config
[2026-07-01 21:58:55] [INFO] Router Dispatch - Method: GET, Path: /api/v2/config
[2026-07-01 21:58:56] [INFO] Router Dispatch - Method: GET, Path: /api/health
[2026-07-01 21:58:56] [INFO] Router Dispatch - Method: GET, Path: /api/v1/env
[2026-07-01 21:59:07] [INFO] Router Dispatch - Method: GET, Path: /api/account
[2026-07-01 21:59:07] [INFO] Router Dispatch - Method: GET, Path: /api/graphql
