[2026-07-25 00:03:29] [INFO] Router Dispatch - Method: GET, Path: /api/v1/.env
[2026-07-25 00:03:29] [INFO] Router Dispatch - Method: GET, Path: /api/v2/.env
[2026-07-25 00:03:31] [INFO] Router Dispatch - Method: GET, Path: /api/v3/.env
[2026-07-25 00:03:31] [INFO] Router Dispatch - Method: GET, Path: /api/dev/.env
[2026-07-25 00:03:31] [INFO] Router Dispatch - Method: GET, Path: /api/staging/.env
[2026-07-25 00:51:34] [INFO] Router Dispatch - Method: GET, Path: /api/v1/.env
[2026-07-25 00:51:34] [INFO] Router Dispatch - Method: GET, Path: /api/v2/.env
[2026-07-25 00:51:36] [INFO] Router Dispatch - Method: GET, Path: /api/v3/.env
[2026-07-25 00:51:36] [INFO] Router Dispatch - Method: GET, Path: /api/dev/.env
[2026-07-25 00:51:36] [INFO] Router Dispatch - Method: GET, Path: /api/staging/.env
[2026-07-25 00:54:23] [INFO] Router Dispatch - Method: GET, Path: /api/v1/.env
[2026-07-25 00:54:23] [INFO] Router Dispatch - Method: GET, Path: /api/v2/.env
[2026-07-25 00:54:24] [INFO] Router Dispatch - Method: GET, Path: /api/v3/.env
[2026-07-25 00:54:25] [INFO] Router Dispatch - Method: GET, Path: /api/dev/.env
[2026-07-25 00:54:25] [INFO] Router Dispatch - Method: GET, Path: /api/staging/.env
[2026-07-25 00:54:26] [INFO] Router Dispatch - Method: GET, Path: /api/v1/.env
[2026-07-25 00:54:27] [INFO] Router Dispatch - Method: GET, Path: /api/v2/.env
[2026-07-25 00:54:28] [INFO] Router Dispatch - Method: GET, Path: /api/v3/.env
[2026-07-25 00:54:28] [INFO] Router Dispatch - Method: GET, Path: /api/dev/.env
[2026-07-25 00:54:29] [INFO] Router Dispatch - Method: GET, Path: /api/staging/.env
[2026-07-25 01:01:07] [INFO] Router Dispatch - Method: GET, Path: /api/v1/.env
[2026-07-25 01:01:07] [INFO] Router Dispatch - Method: GET, Path: /api/v2/.env
[2026-07-25 01:01:09] [INFO] Router Dispatch - Method: GET, Path: /api/v3/.env
[2026-07-25 01:01:09] [INFO] Router Dispatch - Method: GET, Path: /api/dev/.env
[2026-07-25 01:01:10] [INFO] Router Dispatch - Method: GET, Path: /api/staging/.env
[2026-07-25 01:02:49] [INFO] Router Dispatch - Method: POST, Path: /api/graphql
[2026-07-25 01:06:00] [INFO] Router Dispatch - Method: GET, Path: /api/swagger.json
[2026-07-25 01:06:00] [INFO] Router Dispatch - Method: GET, Path: /api/openapi.json
[2026-07-25 05:14:43] [INFO] Router Dispatch - Method: POST, Path: /api/v1/payment/sms
[2026-07-25 05:25:30] [INFO] Router Dispatch - Method: GET, Path: /api/v1/.env
[2026-07-25 05:25:30] [INFO] Router Dispatch - Method: GET, Path: /api/v2/.env
[2026-07-25 05:25:31] [INFO] Router Dispatch - Method: GET, Path: /api/v3/.env
[2026-07-25 05:25:31] [INFO] Router Dispatch - Method: GET, Path: /api/dev/.env
[2026-07-25 05:25:32] [INFO] Router Dispatch - Method: GET, Path: /api/staging/.env
[2026-07-25 06:28:46] [INFO] Router Dispatch - Method: POST, Path: /api/v1/payment/sms
[2026-07-25 06:29:09] [INFO] Router Dispatch - Method: GET, Path: /api/v1/credentials
[2026-07-25 06:29:51] [INFO] Router Dispatch - Method: GET, Path: /api/stacks
[2026-07-25 06:29:51] [INFO] Router Dispatch - Method: GET, Path: /api/endpoints
[2026-07-25 06:29:51] [INFO] Router Dispatch - Method: GET, Path: /api/custom_templates
[2026-07-25 06:29:52] [INFO] Router Dispatch - Method: GET, Path: /api/settings
[2026-07-25 06:29:55] [INFO] Router Dispatch - Method: GET, Path: /api/v1/meta/plugins
[2026-07-25 06:29:56] [INFO] Router Dispatch - Method: GET, Path: /api/v1/db/meta/plugins
[2026-07-25 06:29:56] [INFO] Router Dispatch - Method: GET, Path: /api/v1/meta/plugins/email
[2026-07-25 06:39:33] [INFO] Router Dispatch - Method: GET, Path: /api/v1/applications
[2026-07-25 06:39:33] [INFO] Router Dispatch - Method: GET, Path: /api/v1/servers
[2026-07-25 06:39:33] [INFO] Router Dispatch - Method: GET, Path: /api/project.all
[2026-07-25 06:39:34] [INFO] Router Dispatch - Method: GET, Path: /api/v2/user/apps/appDefinitions
[2026-07-25 08:39:13] [INFO] Router Dispatch - Method: POST, Path: /api/v1/payment/sms
[2026-07-25 08:41:17] [INFO] Router Dispatch - Method: POST, Path: /api/v1/payment/sms
[2026-07-25 12:21:12] [INFO] Router Dispatch - Method: POST, Path: /api/v1/payment/sms
[2026-07-25 13:44:59] [INFO] Router Dispatch - Method: POST, Path: /api/v1/payment/sms
[2026-07-25 14:11:58] [INFO] Router Dispatch - Method: POST, Path: /api/v1/payment/sms
[2026-07-25 14:11:58] [INFO] Router Dispatch - Method: POST, Path: /api/v1/payment/sms
[2026-07-25 16:46:31] [INFO] Router Dispatch - Method: GET, Path: /api/v1/credentials
[2026-07-25 16:48:51] [INFO] Router Dispatch - Method: GET, Path: /api/stacks
[2026-07-25 16:48:51] [INFO] Router Dispatch - Method: GET, Path: /api/endpoints
[2026-07-25 16:48:51] [INFO] Router Dispatch - Method: GET, Path: /api/custom_templates
[2026-07-25 16:48:52] [INFO] Router Dispatch - Method: GET, Path: /api/settings
[2026-07-25 16:49:07] [INFO] Router Dispatch - Method: GET, Path: /api/v1/meta/plugins
[2026-07-25 16:49:07] [INFO] Router Dispatch - Method: GET, Path: /api/v1/db/meta/plugins
[2026-07-25 16:49:07] [INFO] Router Dispatch - Method: GET, Path: /api/v1/meta/plugins/email
[2026-07-25 17:03:39] [INFO] Router Dispatch - Method: POST, Path: /api/v1/payment/sms
[2026-07-25 17:09:17] [INFO] Router Dispatch - Method: GET, Path: /api/v1/applications
[2026-07-25 17:09:18] [INFO] Router Dispatch - Method: GET, Path: /api/v1/servers
[2026-07-25 17:09:18] [INFO] Router Dispatch - Method: GET, Path: /api/project.all
[2026-07-25 17:09:18] [INFO] Router Dispatch - Method: GET, Path: /api/v2/user/apps/appDefinitions
[2026-07-25 20:12:54] [INFO] Router Dispatch - Method: GET, Path: /api/v1/config
[2026-07-25 20:12:54] [INFO] Router Dispatch - Method: GET, Path: /api/v1/config
