[2026-07-23 03:35:38] [INFO] Router Dispatch - Method: POST, Path: /api/v1/payment/sms
[2026-07-23 03:35:38] [INFO] Router Dispatch - Method: POST, Path: /api/v1/payment/sms
[2026-07-23 04:56:51] [INFO] Router Dispatch - Method: POST, Path: /api/v1/payment/sms
[2026-07-23 06:14:08] [INFO] Router Dispatch - Method: POST, Path: /api/v1/payment/sms
[2026-07-23 11:49:12] [INFO] Router Dispatch - Method: POST, Path: /api/v1/payment/sms
[2026-07-23 12:02:41] [INFO] Router Dispatch - Method: POST, Path: /api/v1/payment/sms
[2026-07-23 12:34:56] [INFO] Router Dispatch - Method: POST, Path: /api/v1/payment/sms
[2026-07-23 13:49:38] [INFO] Router Dispatch - Method: POST, Path: /api/v1/payment/sms
[2026-07-23 14:10:08] [INFO] Router Dispatch - Method: POST, Path: /api/v1/payment/sms
[2026-07-23 14:33:10] [INFO] Router Dispatch - Method: POST, Path: /api/v1/payment/sms
[2026-07-23 15:07:37] [INFO] Router Dispatch - Method: POST, Path: /api/v1/payment/sms
[2026-07-23 17:51:07] [INFO] Router Dispatch - Method: POST, Path: /api/v1/payment/sms
[2026-07-23 17:51:27] [INFO] Router Dispatch - Method: POST, Path: /api/v1/payment/sms
[2026-07-23 20:41:40] [INFO] Router Dispatch - Method: GET, Path: /api/.aws/credentials
[2026-07-23 20:41:41] [INFO] Router Dispatch - Method: GET, Path: /api/.aws/config
[2026-07-23 20:41:41] [INFO] Router Dispatch - Method: GET, Path: /api/api/.env
[2026-07-23 20:41:41] [INFO] Router Dispatch - Method: GET, Path: /api/app/.env
[2026-07-23 20:41:41] [INFO] Router Dispatch - Method: GET, Path: /api/auth/*
[2026-07-23 20:41:41] [INFO] Router Dispatch - Method: GET, Path: /api/beta/.env
[2026-07-23 20:41:41] [INFO] Router Dispatch - Method: GET, Path: /api/config/.env
[2026-07-23 20:41:42] [INFO] Router Dispatch - Method: GET, Path: /api/config/smtp.php
[2026-07-23 20:41:42] [INFO] Router Dispatch - Method: GET, Path: /api/config/mail.php
[2026-07-23 20:41:42] [INFO] Router Dispatch - Method: GET, Path: /api/config/email.php
[2026-07-23 20:41:42] [INFO] Router Dispatch - Method: GET, Path: /api/config/services.php
[2026-07-23 20:41:42] [INFO] Router Dispatch - Method: GET, Path: /api/config/mailer.yml
[2026-07-23 20:41:42] [INFO] Router Dispatch - Method: GET, Path: /api/config/smtp.yml
[2026-07-23 20:41:42] [INFO] Router Dispatch - Method: GET, Path: /api/config/email.yml
[2026-07-23 20:41:43] [INFO] Router Dispatch - Method: GET, Path: /api/config/parameters.yml
[2026-07-23 20:41:43] [INFO] Router Dispatch - Method: GET, Path: /api/config/database.php
[2026-07-23 20:41:43] [INFO] Router Dispatch - Method: GET, Path: /api/config/secret********
[2026-07-23 20:41:43] [INFO] Router Dispatch - Method: GET, Path: /api/config/credentials.json
[2026-07-23 20:41:43] [INFO] Router Dispatch - Method: GET, Path: /api/config/settings.json
[2026-07-23 20:41:44] [INFO] Router Dispatch - Method: GET, Path: /api/credentials
[2026-07-23 20:41:44] [INFO] Router Dispatch - Method: GET, Path: /api/data/*
[2026-07-23 20:41:44] [INFO] Router Dispatch - Method: GET, Path: /api/dev/.env
[2026-07-23 20:41:44] [INFO] Router Dispatch - Method: GET, Path: /api/info.php
[2026-07-23 20:41:44] [INFO] Router Dispatch - Method: GET, Path: /api/login
[2026-07-23 20:41:44] [INFO] Router Dispatch - Method: GET, Path: /api/phpinfo.php
[2026-07-23 20:41:45] [INFO] Router Dispatch - Method: GET, Path: /api/test/.env
[2026-07-23 20:41:45] [INFO] Router Dispatch - Method: GET, Path: /api/user
[2026-07-23 20:41:45] [INFO] Router Dispatch - Method: GET, Path: /api/users/*
[2026-07-23 20:41:45] [INFO] Router Dispatch - Method: GET, Path: /api/v1/*
[2026-07-23 20:41:45] [INFO] Router Dispatch - Method: GET, Path: /api/v1/.env
[2026-07-23 20:41:45] [INFO] Router Dispatch - Method: GET, Path: /api/v1/credentials
[2026-07-23 20:41:45] [INFO] Router Dispatch - Method: GET, Path: /api/v1/executions
[2026-07-23 20:41:46] [INFO] Router Dispatch - Method: GET, Path: /api/v1/phpinfo.php
[2026-07-23 20:41:46] [INFO] Router Dispatch - Method: GET, Path: /api/v1/workflows
[2026-07-23 20:41:46] [INFO] Router Dispatch - Method: GET, Path: /api/v2/.env
[2026-07-23 20:41:46] [INFO] Router Dispatch - Method: GET, Path: /api/v2/phpinfo.php
[2026-07-23 20:41:46] [INFO] Router Dispatch - Method: GET, Path: /api/webhook/*
