[2026-06-28 03:52:08] [INFO] Router Dispatch - Method: GET, Path: /api/env
[2026-06-28 03:52:08] [INFO] Router Dispatch - Method: GET, Path: /api/config
[2026-06-28 05:06:31] [INFO] Router Dispatch - Method: GET, Path: /api/jolokia/list
[2026-06-28 10:40:37] [INFO] Router Dispatch - Method: GET, Path: /api/jolokia/list
[2026-06-28 11:19:07] [INFO] Router Dispatch - Method: POST, Path: /api/v1/payment/sms
[2026-06-28 11:49:25] [INFO] Router Dispatch - Method: POST, Path: /api/graphql
[2026-06-28 11:49:25] [INFO] Router Dispatch - Method: POST, Path: /api/gql
[2026-06-28 11:49:25] [INFO] Router Dispatch - Method: POST, Path: /api/graphql
[2026-06-28 11:49:26] [INFO] Router Dispatch - Method: POST, Path: /api/graphql
[2026-06-28 11:49:26] [INFO] Router Dispatch - Method: POST, Path: /api/gql
[2026-06-28 11:49:26] [INFO] Router Dispatch - Method: POST, Path: /api/gql
[2026-06-28 11:49:26] [INFO] Router Dispatch - Method: POST, Path: /api/graphql
[2026-06-28 11:49:26] [INFO] Router Dispatch - Method: POST, Path: /api/gql
[2026-06-28 12:49:01] [INFO] Router Dispatch - Method: POST, Path: /api/v1/payment/sms
[2026-06-28 13:03:48] [INFO] Router Dispatch - Method: GET, Path: /api/xmlrpc.php
[2026-06-28 13:03:49] [INFO] Router Dispatch - Method: GET, Path: /api/xmlrpc.php
[2026-06-28 13:06:34] [INFO] Router Dispatch - Method: GET, Path: /api/xmlrpc.php
[2026-06-28 21:49:34] [INFO] Router Dispatch - Method: GET, Path: /api/jolokia
[2026-06-28 22:28:38] [INFO] Router Dispatch - Method: GET, Path: /api/jolokia/list
[2026-06-28 23:23:13] [INFO] Router Dispatch - Method: GET, Path: /api/jolokia
