[2026-08-23 08:28:21] [INFO] Router Dispatch - Method: POST, Path: /api/graphql
[2026-08-23 08:28:22] [INFO] Router Dispatch - Method: POST, Path: /api/gql
[2026-08-23 08:28:29] [INFO] Router Dispatch - Method: POST, Path: /api/graphql
[2026-08-23 08:28:29] [INFO] Router Dispatch - Method: POST, Path: /api/graphql
[2026-08-23 08:28:31] [INFO] Router Dispatch - Method: POST, Path: /api/gql
[2026-08-23 08:28:31] [INFO] Router Dispatch - Method: POST, Path: /api/gql
[2026-08-23 08:28:36] [INFO] Router Dispatch - Method: POST, Path: /api/graphql
[2026-08-23 08:28:38] [INFO] Router Dispatch - Method: POST, Path: /api/gql
[2026-08-23 09:04:40] [INFO] Router Dispatch - Method: GET, Path: /api/env
[2026-08-23 09:04:40] [INFO] Router Dispatch - Method: GET, Path: /api/config
[2026-08-23 09:20:11] [INFO] Router Dispatch - Method: POST, Path: /api/v1/payment/sms
[2026-08-23 09:50:05] [INFO] Router Dispatch - Method: POST, Path: /api/graphql
[2026-08-23 09:50:07] [INFO] Router Dispatch - Method: POST, Path: /api/gql
[2026-08-23 09:50:18] [INFO] Router Dispatch - Method: POST, Path: /api/graphql
[2026-08-23 09:50:20] [INFO] Router Dispatch - Method: POST, Path: /api/gql
[2026-08-23 09:50:29] [INFO] Router Dispatch - Method: POST, Path: /api/graphql
[2026-08-23 09:50:30] [INFO] Router Dispatch - Method: POST, Path: /api/graphql
[2026-08-23 09:50:31] [INFO] Router Dispatch - Method: POST, Path: /api/gql
[2026-08-23 09:50:33] [INFO] Router Dispatch - Method: POST, Path: /api/gql
[2026-08-23 10:24:26] [INFO] Router Dispatch - Method: GET, Path: /api/shared/.env
[2026-08-23 10:24:26] [INFO] Router Dispatch - Method: GET, Path: /api/shared/config.env
[2026-08-23 10:24:35] [INFO] Router Dispatch - Method: GET, Path: /api/v1/me
[2026-08-23 10:24:35] [INFO] Router Dispatch - Method: GET, Path: /api/http/routers
[2026-08-23 10:24:35] [INFO] Router Dispatch - Method: GET, Path: /api/v1/status/config
[2026-08-23 10:24:35] [INFO] Router Dispatch - Method: GET, Path: /api/version
[2026-08-23 10:24:35] [INFO] Router Dispatch - Method: GET, Path: /api/users/admin/check
[2026-08-23 15:58:58] [INFO] Router Dispatch - Method: POST, Path: /api/graphql
[2026-08-23 15:58:59] [INFO] Router Dispatch - Method: POST, Path: /api/gql
[2026-08-23 15:59:02] [INFO] Router Dispatch - Method: POST, Path: /api/graphql
[2026-08-23 15:59:02] [INFO] Router Dispatch - Method: POST, Path: /api/graphql
[2026-08-23 15:59:04] [INFO] Router Dispatch - Method: POST, Path: /api/gql
[2026-08-23 15:59:04] [INFO] Router Dispatch - Method: POST, Path: /api/graphql
[2026-08-23 15:59:04] [INFO] Router Dispatch - Method: POST, Path: /api/gql
[2026-08-23 15:59:06] [INFO] Router Dispatch - Method: POST, Path: /api/gql
[2026-08-23 18:41:03] [INFO] Router Dispatch - Method: POST, Path: /api/v1/payment/sms
[2026-08-23 23:17:01] [INFO] Router Dispatch - Method: GET, Path: /api/public
[2026-08-23 23:24:03] [INFO] Router Dispatch - Method: GET, Path: /api/public
[2026-08-23 23:24:04] [INFO] Router Dispatch - Method: GET, Path: /.env
[2026-08-23 23:24:04] [INFO] Router Dispatch - Method: GET, Path: /.environment
[2026-08-23 23:24:05] [INFO] Router Dispatch - Method: GET, Path: /api/.environment
[2026-08-23 23:24:05] [INFO] Router Dispatch - Method: GET, Path: /app/.env
[2026-08-23 23:24:05] [INFO] Router Dispatch - Method: GET, Path: /api/app/.env
[2026-08-23 23:24:05] [INFO] Router Dispatch - Method: GET, Path: /api/auth
[2026-08-23 23:24:05] [INFO] Router Dispatch - Method: GET, Path: /api/auth/callback
[2026-08-23 23:24:06] [INFO] Router Dispatch - Method: GET, Path: /api/auth/session
[2026-08-23 23:24:06] [INFO] Router Dispatch - Method: GET, Path: /beta/.env
[2026-08-23 23:24:06] [INFO] Router Dispatch - Method: GET, Path: /api/beta/.env
[2026-08-23 23:24:06] [INFO] Router Dispatch - Method: GET, Path: /config/.env
[2026-08-23 23:24:06] [INFO] Router Dispatch - Method: GET, Path: /api/config/.env
[2026-08-23 23:24:06] [INFO] Router Dispatch - Method: GET, Path: /core/.env
[2026-08-23 23:24:07] [INFO] Router Dispatch - Method: GET, Path: /api/core/.env
[2026-08-23 23:24:07] [INFO] Router Dispatch - Method: GET, Path: /api/credentials
[2026-08-23 23:24:07] [INFO] Router Dispatch - Method: GET, Path: /api/debug
[2026-08-23 23:24:07] [INFO] Router Dispatch - Method: GET, Path: /dev/.env
[2026-08-23 23:24:07] [INFO] Router Dispatch - Method: GET, Path: /api/dev/.env
[2026-08-23 23:24:07] [INFO] Router Dispatch - Method: GET, Path: /api/disable-preview
[2026-08-23 23:24:08] [INFO] Router Dispatch - Method: GET, Path: /api/draft
[2026-08-23 23:24:08] [INFO] Router Dispatch - Method: GET, Path: /api/enable-preview
[2026-08-23 23:24:08] [INFO] Router Dispatch - Method: GET, Path: /api/hello
[2026-08-23 23:24:08] [INFO] Router Dispatch - Method: GET, Path: /info.php
[2026-08-23 23:24:08] [INFO] Router Dispatch - Method: GET, Path: /api/info.php
[2026-08-23 23:24:08] [INFO] Router Dispatch - Method: GET, Path: /api/internal
[2026-08-23 23:24:09] [INFO] Router Dispatch - Method: GET, Path: /api/login
[2026-08-23 23:24:09] [INFO] Router Dispatch - Method: GET, Path: /phpinfo.php
[2026-08-23 23:24:09] [INFO] Router Dispatch - Method: GET, Path: /api/phpinfo.php
[2026-08-23 23:24:09] [INFO] Router Dispatch - Method: GET, Path: /api/preview
[2026-08-23 23:24:09] [INFO] Router Dispatch - Method: GET, Path: /api/revalidate
[2026-08-23 23:24:09] [INFO] Router Dispatch - Method: GET, Path: /revalidate?path=
[2026-08-23 23:24:10] [INFO] Router Dispatch - Method: GET, Path: /revalidate?secret********
[2026-08-23 23:24:10] [INFO] Router Dispatch - Method: GET, Path: /revalidate?path=
[2026-08-23 23:24:10] [INFO] Router Dispatch - Method: GET, Path: /revalidate?secret********
[2026-08-23 23:24:10] [INFO] Router Dispatch - Method: GET, Path: /api/revalidate
[2026-08-23 23:24:10] [INFO] Router Dispatch - Method: GET, Path: /api/revalidate
[2026-08-23 23:24:10] [INFO] Router Dispatch - Method: GET, Path: /api/settings
[2026-08-23 23:24:11] [INFO] Router Dispatch - Method: GET, Path: /api/test
[2026-08-23 23:24:11] [INFO] Router Dispatch - Method: GET, Path: /test/.env
[2026-08-23 23:24:11] [INFO] Router Dispatch - Method: GET, Path: /api/test/.env
[2026-08-23 23:24:11] [INFO] Router Dispatch - Method: GET, Path: /api/user
[2026-08-23 23:24:11] [INFO] Router Dispatch - Method: GET, Path: /api/v1/.env
[2026-08-23 23:24:11] [INFO] Router Dispatch - Method: GET, Path: /api/v1/.env
[2026-08-23 23:24:12] [INFO] Router Dispatch - Method: GET, Path: /api/v1/credentials
[2026-08-23 23:24:12] [INFO] Router Dispatch - Method: GET, Path: /api/v1/executions
[2026-08-23 23:24:12] [INFO] Router Dispatch - Method: GET, Path: /api/v1/namespaces/default/secret********
[2026-08-23 23:24:12] [INFO] Router Dispatch - Method: GET, Path: /api/v1/phpinfo.php
[2026-08-23 23:24:12] [INFO] Router Dispatch - Method: GET, Path: /api/v1/phpinfo.php
[2026-08-23 23:24:13] [INFO] Router Dispatch - Method: GET, Path: /api/v1/secret********
[2026-08-23 23:24:13] [INFO] Router Dispatch - Method: GET, Path: /api/v1/workflows
[2026-08-23 23:24:13] [INFO] Router Dispatch - Method: GET, Path: /v2/.env
[2026-08-23 23:24:13] [INFO] Router Dispatch - Method: GET, Path: /api/v2/.env
[2026-08-23 23:24:13] [INFO] Router Dispatch - Method: GET, Path: /v2/phpinfo.php
[2026-08-23 23:24:13] [INFO] Router Dispatch - Method: GET, Path: /api/v2/phpinfo.php
