[2026-06-26 00:24:17] [INFO] Router Dispatch - Method: GET, Path: /api/config
[2026-06-26 00:24:17] [INFO] Router Dispatch - Method: GET, Path: /api/env
[2026-06-26 00:56:54] [INFO] Router Dispatch - Method: GET, Path: /api/login
[2026-06-26 00:57:05] [INFO] Router Dispatch - Method: GET, Path: /api/logout
[2026-06-26 01:39:56] [INFO] Router Dispatch - Method: GET, Path: /api/heapdump
[2026-06-26 01:39:56] [INFO] Router Dispatch - Method: GET, Path: /api/actuator/logfile
[2026-06-26 01:39:56] [INFO] Router Dispatch - Method: GET, Path: /api/actuator/env
[2026-06-26 01:39:56] [INFO] Router Dispatch - Method: GET, Path: /api/actuator/heapdump
[2026-06-26 01:39:56] [INFO] Router Dispatch - Method: GET, Path: /api/env
[2026-06-26 01:39:56] [INFO] Router Dispatch - Method: GET, Path: /api/actuator/configprops
[2026-06-26 01:39:56] [INFO] Router Dispatch - Method: GET, Path: /api/configprops
[2026-06-26 01:39:56] [INFO] Router Dispatch - Method: GET, Path: /api/aws.json
[2026-06-26 01:39:56] [INFO] Router Dispatch - Method: GET, Path: /api/credentials.json
[2026-06-26 01:39:56] [INFO] Router Dispatch - Method: GET, Path: /api/phpinfo.php
[2026-06-26 01:39:56] [INFO] Router Dispatch - Method: GET, Path: /api/docker-compose.yml
[2026-06-26 01:39:56] [INFO] Router Dispatch - Method: GET, Path: /api/docker-compose.prod.yml
[2026-06-26 01:39:57] [INFO] Router Dispatch - Method: GET, Path: /api/config.json
[2026-06-26 01:39:57] [INFO] Router Dispatch - Method: GET, Path: /api/config.yml
[2026-06-26 01:39:57] [INFO] Router Dispatch - Method: GET, Path: /api/config.php
[2026-06-26 01:39:57] [INFO] Router Dispatch - Method: GET, Path: /api/settings.json
[2026-06-26 01:39:57] [INFO] Router Dispatch - Method: GET, Path: /api/settings.yml
[2026-06-26 01:39:57] [INFO] Router Dispatch - Method: GET, Path: /api/database.yml
[2026-06-26 01:39:57] [INFO] Router Dispatch - Method: GET, Path: /api/database.php
[2026-06-26 01:39:57] [INFO] Router Dispatch - Method: GET, Path: /api/application.yml
[2026-06-26 01:39:57] [INFO] Router Dispatch - Method: GET, Path: /api/application.properties
[2026-06-26 01:39:57] [INFO] Router Dispatch - Method: GET, Path: /api/appsettings.json
[2026-06-26 01:39:57] [INFO] Router Dispatch - Method: GET, Path: /api/credentials.json
[2026-06-26 01:39:57] [INFO] Router Dispatch - Method: GET, Path: /api/secret********
[2026-06-26 01:39:57] [INFO] Router Dispatch - Method: GET, Path: /api/keys.json
[2026-06-26 01:39:57] [INFO] Router Dispatch - Method: GET, Path: /api/parameters.yml
[2026-06-26 01:39:57] [INFO] Router Dispatch - Method: GET, Path: /api/v1/application.yml
[2026-06-26 01:39:57] [INFO] Router Dispatch - Method: GET, Path: /api/v1/config.json
[2026-06-26 01:39:57] [INFO] Router Dispatch - Method: GET, Path: /api/v2/config.json
[2026-06-26 01:39:57] [INFO] Router Dispatch - Method: GET, Path: /api/v2/application.yml
[2026-06-26 01:56:01] [INFO] Router Dispatch - Method: GET, Path: /api/v2/.env
[2026-06-26 01:56:01] [INFO] Router Dispatch - Method: GET, Path: /api/v1/.env
[2026-06-26 01:56:03] [INFO] Router Dispatch - Method: GET, Path: /api/v3/.env
[2026-06-26 01:56:04] [INFO] Router Dispatch - Method: GET, Path: /api/sendgrid.env
[2026-06-26 01:56:04] [INFO] Router Dispatch - Method: GET, Path: /api/backend/.env
[2026-06-26 02:12:14] [INFO] Router Dispatch - Method: GET, Path: /api/v3/.env
[2026-06-26 02:12:14] [INFO] Router Dispatch - Method: GET, Path: /api/v2/.env
[2026-06-26 02:12:14] [INFO] Router Dispatch - Method: GET, Path: /api/v1/.env
[2026-06-26 02:12:16] [INFO] Router Dispatch - Method: GET, Path: /api/backend/.env
[2026-06-26 02:12:16] [INFO] Router Dispatch - Method: GET, Path: /api/sendgrid.env
[2026-06-26 06:13:38] [INFO] Router Dispatch - Method: GET, Path: /api/login
[2026-06-26 06:13:45] [INFO] Router Dispatch - Method: GET, Path: /api/logout
[2026-06-26 07:32:50] [INFO] Router Dispatch - Method: GET, Path: /api/login
[2026-06-26 07:32:56] [INFO] Router Dispatch - Method: GET, Path: /api/logout
[2026-06-26 08:08:52] [INFO] Router Dispatch - Method: GET, Path: /api/config
[2026-06-26 08:08:52] [INFO] Router Dispatch - Method: GET, Path: /api/env
[2026-06-26 09:28:57] [INFO] Router Dispatch - Method: GET, Path: /api/login
[2026-06-26 09:29:08] [INFO] Router Dispatch - Method: GET, Path: /api/logout
[2026-06-26 11:36:21] [INFO] Router Dispatch - Method: GET, Path: /api/jolokia
[2026-06-26 16:34:01] [INFO] Router Dispatch - Method: GET, Path: /api/login
[2026-06-26 16:34:11] [INFO] Router Dispatch - Method: GET, Path: /api/logout
