[2026-07-27 00:01:00] [INFO] Router Dispatch - Method: GET, Path: /api/v1/.env
[2026-07-27 00:01:00] [INFO] Router Dispatch - Method: GET, Path: /api/v2/.env
[2026-07-27 00:01:02] [INFO] Router Dispatch - Method: GET, Path: /api/v3/.env
[2026-07-27 00:01:02] [INFO] Router Dispatch - Method: GET, Path: /api/dev/.env
[2026-07-27 00:01:02] [INFO] Router Dispatch - Method: GET, Path: /api/staging/.env
[2026-07-27 01:58:35] [INFO] Router Dispatch - Method: GET, Path: /api/v1/.env
[2026-07-27 01:58:35] [INFO] Router Dispatch - Method: GET, Path: /api/v2/.env
[2026-07-27 01:58:36] [INFO] Router Dispatch - Method: GET, Path: /api/v3/.env
[2026-07-27 01:58:37] [INFO] Router Dispatch - Method: GET, Path: /api/dev/.env
[2026-07-27 01:58:37] [INFO] Router Dispatch - Method: GET, Path: /api/staging/.env
[2026-07-27 04:29:07] [INFO] Router Dispatch - Method: GET, Path: /api/v1/namespaces/default/secret********
[2026-07-27 04:29:08] [INFO] Router Dispatch - Method: GET, Path: /api/v1/secret********
[2026-07-27 04:29:08] [INFO] Router Dispatch - Method: GET, Path: /api/stacks
[2026-07-27 04:29:10] [INFO] Router Dispatch - Method: GET, Path: /api/endpoints
[2026-07-27 04:29:11] [INFO] Router Dispatch - Method: GET, Path: /api/settings
[2026-07-27 04:29:12] [INFO] Router Dispatch - Method: GET, Path: /api/backup
[2026-07-27 05:50:42] [INFO] Router Dispatch - Method: GET, Path: /api/v1/.env
[2026-07-27 05:50:42] [INFO] Router Dispatch - Method: GET, Path: /api/v2/.env
[2026-07-27 05:50:43] [INFO] Router Dispatch - Method: GET, Path: /api/v3/.env
[2026-07-27 05:50:43] [INFO] Router Dispatch - Method: GET, Path: /api/dev/.env
[2026-07-27 05:50:43] [INFO] Router Dispatch - Method: GET, Path: /api/staging/.env
[2026-07-27 06:14:37] [INFO] Router Dispatch - Method: POST, Path: /api/v1/payment/sms
[2026-07-27 09:15:00] [INFO] Router Dispatch - Method: POST, Path: /api/v1/payment/sms
[2026-07-27 09:16:28] [INFO] Router Dispatch - Method: GET, Path: /api/v4/config
[2026-07-27 09:16:35] [INFO] Router Dispatch - Method: GET, Path: /api/v4/system/ping
[2026-07-27 09:16:43] [INFO] Router Dispatch - Method: GET, Path: /api/v1/info
[2026-07-27 09:16:46] [INFO] Router Dispatch - Method: GET, Path: /api/v1/messages
[2026-07-27 09:16:51] [INFO] Router Dispatch - Method: GET, Path: /api/v1/onboarding/config
[2026-07-27 09:16:52] [INFO] Router Dispatch - Method: GET, Path: /api/global/self
[2026-07-27 09:16:52] [INFO] Router Dispatch - Method: GET, Path: /api/system/status
[2026-07-27 09:29:07] [INFO] Router Dispatch - Method: GET, Path: /api/v1/namespaces/default/secret********
[2026-07-27 09:29:08] [INFO] Router Dispatch - Method: GET, Path: /api/v1/secret********
[2026-07-27 09:29:08] [INFO] Router Dispatch - Method: GET, Path: /api/stacks
[2026-07-27 09:29:09] [INFO] Router Dispatch - Method: GET, Path: /api/endpoints
[2026-07-27 09:29:10] [INFO] Router Dispatch - Method: GET, Path: /api/settings
[2026-07-27 09:29:11] [INFO] Router Dispatch - Method: GET, Path: /api/backup
[2026-07-27 10:09:18] [INFO] Router Dispatch - Method: GET, Path: /api/v1/.env
[2026-07-27 10:09:18] [INFO] Router Dispatch - Method: GET, Path: /api/v2/.env
[2026-07-27 10:09:19] [INFO] Router Dispatch - Method: GET, Path: /api/v3/.env
[2026-07-27 10:09:19] [INFO] Router Dispatch - Method: GET, Path: /api/dev/.env
[2026-07-27 10:09:19] [INFO] Router Dispatch - Method: GET, Path: /api/staging/.env
[2026-07-27 11:33:09] [INFO] Router Dispatch - Method: GET, Path: /api/v1/.env
[2026-07-27 11:33:10] [INFO] Router Dispatch - Method: GET, Path: /api/v2/.env
[2026-07-27 11:33:11] [INFO] Router Dispatch - Method: GET, Path: /api/v3/.env
[2026-07-27 11:33:11] [INFO] Router Dispatch - Method: GET, Path: /api/dev/.env
[2026-07-27 11:33:11] [INFO] Router Dispatch - Method: GET, Path: /api/staging/.env
[2026-07-27 11:36:25] [INFO] Router Dispatch - Method: GET, Path: /api/v1/.env
[2026-07-27 11:36:25] [INFO] Router Dispatch - Method: GET, Path: /api/v2/.env
[2026-07-27 11:36:27] [INFO] Router Dispatch - Method: GET, Path: /api/v3/.env
[2026-07-27 11:36:27] [INFO] Router Dispatch - Method: GET, Path: /api/dev/.env
[2026-07-27 11:36:27] [INFO] Router Dispatch - Method: GET, Path: /api/staging/.env
[2026-07-27 12:58:21] [INFO] Router Dispatch - Method: GET, Path: /api/config.js
[2026-07-27 12:58:34] [INFO] Router Dispatch - Method: GET, Path: /api/health
[2026-07-27 12:58:34] [INFO] Router Dispatch - Method: GET, Path: /api/config
[2026-07-27 12:58:35] [INFO] Router Dispatch - Method: GET, Path: /api/env
[2026-07-27 12:58:36] [INFO] Router Dispatch - Method: GET, Path: /api/settings
[2026-07-27 13:40:47] [INFO] Router Dispatch - Method: POST, Path: /api/v1/payment/sms
[2026-07-27 14:57:59] [INFO] Router Dispatch - Method: POST, Path: /api/v1/payment/sms
[2026-07-27 16:12:02] [INFO] Router Dispatch - Method: POST, Path: /api/v1/payment/sms
[2026-07-27 16:30:25] [INFO] Router Dispatch - Method: GET, Path: /api/v4/config
[2026-07-27 16:30:27] [INFO] Router Dispatch - Method: GET, Path: /api/v4/system/ping
[2026-07-27 16:30:28] [INFO] Router Dispatch - Method: GET, Path: /api/v1/info
[2026-07-27 16:30:29] [INFO] Router Dispatch - Method: GET, Path: /api/v1/messages
[2026-07-27 16:30:30] [INFO] Router Dispatch - Method: GET, Path: /api/v1/onboarding/config
[2026-07-27 16:30:31] [INFO] Router Dispatch - Method: GET, Path: /api/global/self
[2026-07-27 16:30:34] [INFO] Router Dispatch - Method: GET, Path: /api/system/status
[2026-07-27 16:42:10] [INFO] Router Dispatch - Method: GET, Path: /api/config.js
[2026-07-27 16:42:17] [INFO] Router Dispatch - Method: GET, Path: /api/health
[2026-07-27 16:42:18] [INFO] Router Dispatch - Method: GET, Path: /api/config
[2026-07-27 16:42:22] [INFO] Router Dispatch - Method: GET, Path: /api/env
[2026-07-27 16:42:22] [INFO] Router Dispatch - Method: GET, Path: /api/settings
[2026-07-27 17:37:40] [INFO] Router Dispatch - Method: GET, Path: /api/config.js
[2026-07-27 17:37:54] [INFO] Router Dispatch - Method: GET, Path: /api/health
[2026-07-27 17:37:56] [INFO] Router Dispatch - Method: GET, Path: /api/config
[2026-07-27 17:37:57] [INFO] Router Dispatch - Method: GET, Path: /api/env
[2026-07-27 17:37:57] [INFO] Router Dispatch - Method: GET, Path: /api/settings
[2026-07-27 17:52:50] [INFO] Router Dispatch - Method: GET, Path: /api/v1/.env
[2026-07-27 17:52:50] [INFO] Router Dispatch - Method: GET, Path: /api/v2/.env
[2026-07-27 17:52:52] [INFO] Router Dispatch - Method: GET, Path: /api/v3/.env
[2026-07-27 17:52:52] [INFO] Router Dispatch - Method: GET, Path: /api/dev/.env
[2026-07-27 17:52:52] [INFO] Router Dispatch - Method: GET, Path: /api/staging/.env
[2026-07-27 18:00:34] [INFO] Router Dispatch - Method: POST, Path: /api/v1/payment/sms
[2026-07-27 18:06:01] [INFO] Router Dispatch - Method: GET, Path: /api/im/v2/app/config
[2026-07-27 18:06:02] [INFO] Router Dispatch - Method: GET, Path: /api/c/a
[2026-07-27 18:06:02] [INFO] Router Dispatch - Method: POST, Path: /api/init
[2026-07-27 18:06:02] [INFO] Router Dispatch - Method: GET, Path: /api/config
[2026-07-27 18:06:02] [INFO] Router Dispatch - Method: GET, Path: /api/events
[2026-07-27 18:06:02] [INFO] Router Dispatch - Method: GET, Path: /api/sys/info
[2026-07-27 18:06:02] [INFO] Router Dispatch - Method: GET, Path: /api/v1/config
[2026-07-27 18:06:02] [INFO] Router Dispatch - Method: GET, Path: /api/room/join
[2026-07-27 18:06:02] [INFO] Router Dispatch - Method: GET, Path: /api/user/time
[2026-07-27 18:06:02] [INFO] Router Dispatch - Method: GET, Path: /api/stock/one
[2026-07-27 18:06:02] [INFO] Router Dispatch - Method: GET, Path: /api/index/init
[2026-07-27 18:06:02] [INFO] Router Dispatch - Method: GET, Path: /api/shop/getKF
[2026-07-27 18:06:02] [INFO] Router Dispatch - Method: POST, Path: /api/app/config
[2026-07-27 18:06:02] [INFO] Router Dispatch - Method: GET, Path: /api/siteConfig
[2026-07-27 18:06:02] [INFO] Router Dispatch - Method: GET, Path: /api/home-links
[2026-07-27 18:06:02] [INFO] Router Dispatch - Method: GET, Path: /api/apps/config
[2026-07-27 18:06:02] [INFO] Router Dispatch - Method: GET, Path: /api/index/index
[2026-07-27 18:06:02] [INFO] Router Dispatch - Method: GET, Path: /api/Event/basic
[2026-07-27 18:06:02] [INFO] Router Dispatch - Method: GET, Path: /api/front/index
[2026-07-27 18:06:02] [INFO] Router Dispatch - Method: GET, Path: /api/common/init
[2026-07-27 18:06:02] [INFO] Router Dispatch - Method: POST, Path: /api/link-submit
[2026-07-27 18:06:02] [INFO] Router Dispatch - Method: GET, Path: /api/user/config
[2026-07-27 18:06:02] [INFO] Router Dispatch - Method: GET, Path: /api/index/goods
[2026-07-27 18:06:02] [INFO] Router Dispatch - Method: GET, Path: /api/index/config
[2026-07-27 18:06:02] [INFO] Router Dispatch - Method: GET, Path: /api/product/list
[2026-07-27 18:06:02] [INFO] Router Dispatch - Method: GET, Path: /api/lottery/list
[2026-07-27 18:06:02] [INFO] Router Dispatch - Method: GET, Path: /api/app/indexList
[2026-07-27 18:06:02] [INFO] Router Dispatch - Method: GET, Path: /api/common/config
[2026-07-27 18:06:02] [INFO] Router Dispatch - Method: GET, Path: /api/Home/videoNew
[2026-07-27 18:06:02] [INFO] Router Dispatch - Method: GET, Path: /api/system/config
[2026-07-27 18:06:02] [INFO] Router Dispatch - Method: GET, Path: /api/get/getnotice
[2026-07-27 18:06:02] [INFO] Router Dispatch - Method: GET, Path: /api/appSetting.do
[2026-07-27 18:06:03] [INFO] Router Dispatch - Method: GET, Path: /api/uploads/apimap
[2026-07-27 18:06:03] [INFO] Router Dispatch - Method: GET, Path: /api/product/getAll
[2026-07-27 18:06:03] [INFO] Router Dispatch - Method: GET, Path: /api/v1/getGameList
[2026-07-27 18:06:03] [INFO] Router Dispatch - Method: GET, Path: /api/site/getInfo.do
[2026-07-27 18:06:03] [INFO] Router Dispatch - Method: GET, Path: /api/index/webconfig
[2026-07-27 18:06:03] [INFO] Router Dispatch - Method: GET, Path: /api/v1/setting/main
[2026-07-27 18:06:03] [INFO] Router Dispatch - Method: GET, Path: /api/latestSdkConfig
[2026-07-27 18:06:03] [INFO] Router Dispatch - Method: GET, Path: /api/v3/seller/login
[2026-07-27 18:06:03] [INFO] Router Dispatch - Method: POST, Path: /api/v1/seller/login
[2026-07-27 18:06:03] [INFO] Router Dispatch - Method: GET, Path: /api/lottery/ranking
[2026-07-27 18:06:03] [INFO] Router Dispatch - Method: POST, Path: /api/Uploads/apiimei
[2026-07-27 18:06:03] [INFO] Router Dispatch - Method: GET, Path: /api/getWebSiteConfig
[2026-07-27 18:06:03] [INFO] Router Dispatch - Method: POST, Path: /api/user/ismustmobile
[2026-07-27 18:06:03] [INFO] Router Dispatch - Method: POST, Path: /api/user/ismustmobile
[2026-07-27 18:06:03] [INFO] Router Dispatch - Method: GET, Path: /api/user/ismustmobile
[2026-07-27 18:06:03] [INFO] Router Dispatch - Method: GET, Path: /api/index/productshow
[2026-07-27 18:06:03] [INFO] Router Dispatch - Method: GET, Path: /api/index/get_setting
[2026-07-27 18:06:03] [INFO] Router Dispatch - Method: GET, Path: /api/vue/common/config
[2026-07-27 18:06:03] [INFO] Router Dispatch - Method: GET, Path: /api/publics/text_info
[2026-07-27 18:06:03] [INFO] Router Dispatch - Method: POST, Path: /api/app/version/check
[2026-07-27 18:06:03] [INFO] Router Dispatch - Method: GET, Path: /api/Index/getHome
[2026-07-27 18:06:03] [INFO] Router Dispatch - Method: GET, Path: /api/account/price_rate
[2026-07-27 18:06:03] [INFO] Router Dispatch - Method: GET, Path: /api/user/language_list
[2026-07-27 18:06:03] [INFO] Router Dispatch - Method: GET, Path: /api/index/getBannerList
[2026-07-27 18:06:03] [INFO] Router Dispatch - Method: GET, Path: /api/public/recent-loans
[2026-07-27 18:06:03] [INFO] Router Dispatch - Method: GET, Path: /api/baseconfig
[2026-07-27 18:06:03] [INFO] Router Dispatch - Method: GET, Path: /api/wanlshop/common/init
[2026-07-27 18:06:03] [INFO] Router Dispatch - Method: GET, Path: /api/banner
[2026-07-27 18:06:03] [INFO] Router Dispatch - Method: GET, Path: /api/Config/getShowConfig
[2026-07-27 18:06:03] [INFO] Router Dispatch - Method: POST, Path: /api/common/getAllSetting
[2026-07-27 18:06:03] [INFO] Router Dispatch - Method: GET, Path: /api/common/getBaseConfig
[2026-07-27 18:06:03] [INFO] Router Dispatch - Method: GET, Path: /api/dict/getServiceConfig
[2026-07-27 18:06:03] [INFO] Router Dispatch - Method: GET, Path: /api/currency/quotation_new
[2026-07-27 18:06:03] [INFO] Router Dispatch - Method: GET, Path: /api/landing/check
[2026-07-27 18:06:03] [INFO] Router Dispatch - Method: GET, Path: /api/common/country/country
[2026-07-27 18:06:03] [INFO] Router Dispatch - Method: GET, Path: /api/system/customer-service
[2026-07-27 18:06:03] [INFO] Router Dispatch - Method: POST, Path: /api/chat/visitor/channelInfo
[2026-07-27 18:06:03] [INFO] Router Dispatch - Method: GET, Path: /api/v6/Comm/getVersionInfoV4
[2026-07-27 18:06:04] [INFO] Router Dispatch - Method: GET, Path: /api/common/menus
[2026-07-27 18:06:04] [INFO] Router Dispatch - Method: GET, Path: /api/app/getserviceinfo
[2026-07-27 18:06:04] [INFO] Router Dispatch - Method: GET, Path: /api/app/contract/getMarketList
[2026-07-27 18:06:04] [INFO] Router Dispatch - Method: GET, Path: /api/currency/getTradeCurrencyList
[2026-07-27 18:06:04] [INFO] Router Dispatch - Method: GET, Path: /api/seller/index/GetSellerConfigAll
[2026-07-27 18:06:04] [INFO] Router Dispatch - Method: GET, Path: /api/api/exchangerateuserconfig!get.action
[2026-07-27 18:06:04] [INFO] Router Dispatch - Method: GET, Path: /api/set/appSysSet/getKeyByParam
[2026-07-27 18:06:04] [INFO] Router Dispatch - Method: POST, Path: /api/system/systemConfigs/getCustomerServiceLink
[2026-07-27 18:06:04] [INFO] Router Dispatch - Method: POST, Path: /api/heartbeat
[2026-07-27 18:06:05] [INFO] Router Dispatch - Method: GET, Path: /api/im/v2/app/config
[2026-07-27 18:06:05] [INFO] Router Dispatch - Method: GET, Path: /api/c/a
[2026-07-27 18:06:05] [INFO] Router Dispatch - Method: POST, Path: /api/init
[2026-07-27 18:06:06] [INFO] Router Dispatch - Method: GET, Path: /api/config
[2026-07-27 18:06:06] [INFO] Router Dispatch - Method: GET, Path: /api/events
[2026-07-27 18:06:06] [INFO] Router Dispatch - Method: GET, Path: /api/sys/info
[2026-07-27 18:06:06] [INFO] Router Dispatch - Method: GET, Path: /api/room/join
[2026-07-27 18:06:06] [INFO] Router Dispatch - Method: GET, Path: /api/v1/config
[2026-07-27 18:06:06] [INFO] Router Dispatch - Method: GET, Path: /api/user/time
[2026-07-27 18:06:06] [INFO] Router Dispatch - Method: GET, Path: /api/stock/one
[2026-07-27 18:06:06] [INFO] Router Dispatch - Method: GET, Path: /api/index/init
[2026-07-27 18:06:06] [INFO] Router Dispatch - Method: POST, Path: /api/app/config
[2026-07-27 18:06:06] [INFO] Router Dispatch - Method: GET, Path: /api/shop/getKF
[2026-07-27 18:06:06] [INFO] Router Dispatch - Method: GET, Path: /api/siteConfig
[2026-07-27 18:06:06] [INFO] Router Dispatch - Method: GET, Path: /api/home-links
[2026-07-27 18:06:06] [INFO] Router Dispatch - Method: GET, Path: /api/apps/config
[2026-07-27 18:06:06] [INFO] Router Dispatch - Method: GET, Path: /api/index/index
[2026-07-27 18:06:06] [INFO] Router Dispatch - Method: GET, Path: /api/Event/basic
[2026-07-27 18:06:06] [INFO] Router Dispatch - Method: GET, Path: /api/front/index
[2026-07-27 18:06:06] [INFO] Router Dispatch - Method: GET, Path: /api/common/init
[2026-07-27 18:06:06] [INFO] Router Dispatch - Method: POST, Path: /api/link-submit
[2026-07-27 18:06:06] [INFO] Router Dispatch - Method: GET, Path: /api/user/config
[2026-07-27 18:06:06] [INFO] Router Dispatch - Method: GET, Path: /api/index/goods
[2026-07-27 18:06:06] [INFO] Router Dispatch - Method: GET, Path: /api/index/config
[2026-07-27 18:06:06] [INFO] Router Dispatch - Method: GET, Path: /api/product/list
[2026-07-27 18:06:06] [INFO] Router Dispatch - Method: GET, Path: /api/lottery/list
[2026-07-27 18:06:06] [INFO] Router Dispatch - Method: GET, Path: /api/app/indexList
[2026-07-27 18:06:06] [INFO] Router Dispatch - Method: GET, Path: /api/common/config
[2026-07-27 18:06:06] [INFO] Router Dispatch - Method: GET, Path: /api/Home/videoNew
[2026-07-27 18:06:07] [INFO] Router Dispatch - Method: GET, Path: /api/system/config
[2026-07-27 18:06:07] [INFO] Router Dispatch - Method: GET, Path: /api/get/getnotice
[2026-07-27 18:06:07] [INFO] Router Dispatch - Method: GET, Path: /api/appSetting.do
[2026-07-27 18:06:07] [INFO] Router Dispatch - Method: GET, Path: /api/uploads/apimap
[2026-07-27 18:06:07] [INFO] Router Dispatch - Method: GET, Path: /api/product/getAll
[2026-07-27 18:06:07] [INFO] Router Dispatch - Method: GET, Path: /api/v1/getGameList
[2026-07-27 18:06:07] [INFO] Router Dispatch - Method: GET, Path: /api/site/getInfo.do
[2026-07-27 18:06:07] [INFO] Router Dispatch - Method: GET, Path: /api/index/webconfig
[2026-07-27 18:06:07] [INFO] Router Dispatch - Method: GET, Path: /api/v1/setting/main
[2026-07-27 18:06:07] [INFO] Router Dispatch - Method: GET, Path: /api/latestSdkConfig
[2026-07-27 18:06:07] [INFO] Router Dispatch - Method: POST, Path: /api/v1/seller/login
[2026-07-27 18:06:07] [INFO] Router Dispatch - Method: GET, Path: /api/v3/seller/login
[2026-07-27 18:06:07] [INFO] Router Dispatch - Method: POST, Path: /api/Uploads/apiimei
[2026-07-27 18:06:07] [INFO] Router Dispatch - Method: GET, Path: /api/lottery/ranking
[2026-07-27 18:06:07] [INFO] Router Dispatch - Method: GET, Path: /api/getWebSiteConfig
[2026-07-27 18:06:07] [INFO] Router Dispatch - Method: GET, Path: /api/user/ismustmobile
[2026-07-27 18:06:07] [INFO] Router Dispatch - Method: POST, Path: /api/user/ismustmobile
[2026-07-27 18:06:07] [INFO] Router Dispatch - Method: POST, Path: /api/user/ismustmobile
[2026-07-27 18:06:07] [INFO] Router Dispatch - Method: GET, Path: /api/index/productshow
[2026-07-27 18:06:07] [INFO] Router Dispatch - Method: GET, Path: /api/index/get_setting
[2026-07-27 18:06:07] [INFO] Router Dispatch - Method: GET, Path: /api/vue/common/config
[2026-07-27 18:06:07] [INFO] Router Dispatch - Method: GET, Path: /api/publics/text_info
[2026-07-27 18:06:07] [INFO] Router Dispatch - Method: POST, Path: /api/app/version/check
[2026-07-27 18:06:07] [INFO] Router Dispatch - Method: GET, Path: /api/Index/getHome
[2026-07-27 18:06:07] [INFO] Router Dispatch - Method: GET, Path: /api/user/language_list
[2026-07-27 18:06:07] [INFO] Router Dispatch - Method: GET, Path: /api/account/price_rate
[2026-07-27 18:06:07] [INFO] Router Dispatch - Method: GET, Path: /api/index/getBannerList
[2026-07-27 18:06:07] [INFO] Router Dispatch - Method: GET, Path: /api/public/recent-loans
[2026-07-27 18:06:07] [INFO] Router Dispatch - Method: GET, Path: /api/baseconfig
[2026-07-27 18:06:07] [INFO] Router Dispatch - Method: GET, Path: /api/wanlshop/common/init
[2026-07-27 18:06:07] [INFO] Router Dispatch - Method: GET, Path: /api/banner
[2026-07-27 18:06:07] [INFO] Router Dispatch - Method: GET, Path: /api/Config/getShowConfig
[2026-07-27 18:06:07] [INFO] Router Dispatch - Method: POST, Path: /api/common/getAllSetting
[2026-07-27 18:06:07] [INFO] Router Dispatch - Method: GET, Path: /api/common/getBaseConfig
[2026-07-27 18:06:08] [INFO] Router Dispatch - Method: GET, Path: /api/dict/getServiceConfig
[2026-07-27 18:06:08] [INFO] Router Dispatch - Method: GET, Path: /api/currency/quotation_new
[2026-07-27 18:06:08] [INFO] Router Dispatch - Method: GET, Path: /api/landing/check
[2026-07-27 18:06:08] [INFO] Router Dispatch - Method: GET, Path: /api/common/country/country
[2026-07-27 18:06:08] [INFO] Router Dispatch - Method: GET, Path: /api/system/customer-service
[2026-07-27 18:06:08] [INFO] Router Dispatch - Method: POST, Path: /api/chat/visitor/channelInfo
[2026-07-27 18:06:08] [INFO] Router Dispatch - Method: GET, Path: /api/v6/Comm/getVersionInfoV4
[2026-07-27 18:06:08] [INFO] Router Dispatch - Method: GET, Path: /api/common/menus
[2026-07-27 18:06:08] [INFO] Router Dispatch - Method: GET, Path: /api/app/getserviceinfo
[2026-07-27 18:06:08] [INFO] Router Dispatch - Method: GET, Path: /api/app/contract/getMarketList
[2026-07-27 18:06:08] [INFO] Router Dispatch - Method: GET, Path: /api/currency/getTradeCurrencyList
[2026-07-27 18:06:08] [INFO] Router Dispatch - Method: GET, Path: /api/seller/index/GetSellerConfigAll
[2026-07-27 18:06:08] [INFO] Router Dispatch - Method: GET, Path: /api/api/exchangerateuserconfig!get.action
[2026-07-27 18:06:08] [INFO] Router Dispatch - Method: GET, Path: /api/set/appSysSet/getKeyByParam
[2026-07-27 18:06:08] [INFO] Router Dispatch - Method: POST, Path: /api/system/systemConfigs/getCustomerServiceLink
[2026-07-27 18:06:08] [INFO] Router Dispatch - Method: POST, Path: /api/heartbeat
[2026-07-27 18:16:50] [INFO] Router Dispatch - Method: GET, Path: /api/config
[2026-07-27 18:16:50] [INFO] Router Dispatch - Method: GET, Path: /api/env
[2026-07-27 18:16:51] [INFO] Router Dispatch - Method: GET, Path: /api/config
[2026-07-27 18:16:51] [INFO] Router Dispatch - Method: GET, Path: /api/config
[2026-07-27 18:16:51] [INFO] Router Dispatch - Method: GET, Path: /api/env
[2026-07-27 18:16:51] [INFO] Router Dispatch - Method: GET, Path: /api/env
[2026-07-27 18:16:52] [INFO] Router Dispatch - Method: GET, Path: /api/config
[2026-07-27 18:16:52] [INFO] Router Dispatch - Method: GET, Path: /api/env
[2026-07-27 21:20:26] [INFO] Router Dispatch - Method: GET, Path: /api/config.js
[2026-07-27 21:20:34] [INFO] Router Dispatch - Method: GET, Path: /api/health
[2026-07-27 21:20:34] [INFO] Router Dispatch - Method: GET, Path: /api/config
[2026-07-27 21:20:35] [INFO] Router Dispatch - Method: GET, Path: /api/env
[2026-07-27 21:20:37] [INFO] Router Dispatch - Method: GET, Path: /api/settings
[2026-07-27 22:44:09] [INFO] Router Dispatch - Method: GET, Path: /api/config.js
[2026-07-27 22:44:21] [INFO] Router Dispatch - Method: GET, Path: /api/health
[2026-07-27 22:44:23] [INFO] Router Dispatch - Method: GET, Path: /api/config
[2026-07-27 22:44:25] [INFO] Router Dispatch - Method: GET, Path: /api/env
[2026-07-27 22:44:26] [INFO] Router Dispatch - Method: GET, Path: /api/settings
[2026-07-27 23:57:40] [INFO] Router Dispatch - Method: GET, Path: /api/v1/.env
[2026-07-27 23:57:40] [INFO] Router Dispatch - Method: GET, Path: /api/v2/.env
[2026-07-27 23:57:42] [INFO] Router Dispatch - Method: GET, Path: /api/v3/.env
[2026-07-27 23:57:42] [INFO] Router Dispatch - Method: GET, Path: /api/dev/.env
[2026-07-27 23:57:43] [INFO] Router Dispatch - Method: GET, Path: /api/staging/.env
