[2026-08-19 00:08:10] [INFO] Router Dispatch - Method: GET, Path: /api/*
[2026-08-19 00:08:10] [INFO] Router Dispatch - Method: GET, Path: /api/auth/*
[2026-08-19 00:08:10] [INFO] Router Dispatch - Method: GET, Path: /api/credentials
[2026-08-19 00:08:10] [INFO] Router Dispatch - Method: GET, Path: /api/data/*
[2026-08-19 00:08:10] [INFO] Router Dispatch - Method: GET, Path: /api/info.php
[2026-08-19 00:08:10] [INFO] Router Dispatch - Method: GET, Path: /api/login
[2026-08-19 00:08:10] [INFO] Router Dispatch - Method: GET, Path: /api/common.js
[2026-08-19 00:08:10] [INFO] Router Dispatch - Method: GET, Path: /api/phpinfo.php
[2026-08-19 00:08:10] [INFO] Router Dispatch - Method: GET, Path: /api/config.js
[2026-08-19 00:08:10] [INFO] Router Dispatch - Method: GET, Path: /api/serverless/*
[2026-08-19 00:08:10] [INFO] Router Dispatch - Method: GET, Path: /api/config/constants.js
[2026-08-19 00:08:10] [INFO] Router Dispatch - Method: GET, Path: /api/config/common.js
[2026-08-19 00:08:10] [INFO] Router Dispatch - Method: GET, Path: /api/constant.js
[2026-08-19 00:08:10] [INFO] Router Dispatch - Method: GET, Path: /api/constants.js
[2026-08-19 00:08:10] [INFO] Router Dispatch - Method: GET, Path: /api/settings.py
[2026-08-19 00:08:10] [INFO] Router Dispatch - Method: GET, Path: /api/user
[2026-08-19 00:08:10] [INFO] Router Dispatch - Method: GET, Path: /api/users/*
[2026-08-19 00:08:10] [INFO] Router Dispatch - Method: GET, Path: /api/v1/*
[2026-08-19 00:08:10] [INFO] Router Dispatch - Method: GET, Path: /api/env.js
[2026-08-19 00:08:10] [INFO] Router Dispatch - Method: GET, Path: /api/v1/credentials
[2026-08-19 00:08:10] [INFO] Router Dispatch - Method: GET, Path: /api/v1/executions
[2026-08-19 00:08:10] [INFO] Router Dispatch - Method: GET, Path: /api/v1/workflows
[2026-08-19 00:08:10] [INFO] Router Dispatch - Method: GET, Path: /api/webhook/*
[2026-08-19 00:08:10] [INFO] Router Dispatch - Method: GET, Path: /api/node/common.js
[2026-08-19 00:08:10] [INFO] Router Dispatch - Method: GET, Path: /api/node/constants.js
[2026-08-19 00:08:10] [INFO] Router Dispatch - Method: GET, Path: /api/node/constant.js
[2026-08-19 00:08:10] [INFO] Router Dispatch - Method: GET, Path: /api/node/config.js
[2026-08-19 00:08:10] [INFO] Router Dispatch - Method: GET, Path: /api/server.js
[2026-08-19 00:08:23] [INFO] Router Dispatch - Method: GET, Path: /api/*
[2026-08-19 00:08:23] [INFO] Router Dispatch - Method: GET, Path: /api/auth/*
[2026-08-19 00:08:23] [INFO] Router Dispatch - Method: GET, Path: /api/credentials
[2026-08-19 00:08:23] [INFO] Router Dispatch - Method: GET, Path: /api/data/*
[2026-08-19 00:08:23] [INFO] Router Dispatch - Method: GET, Path: /api/login
[2026-08-19 00:08:23] [INFO] Router Dispatch - Method: GET, Path: /api/info.php
[2026-08-19 00:08:23] [INFO] Router Dispatch - Method: GET, Path: /api/common.js
[2026-08-19 00:08:23] [INFO] Router Dispatch - Method: GET, Path: /api/config.js
[2026-08-19 00:08:23] [INFO] Router Dispatch - Method: GET, Path: /api/config/common.js
[2026-08-19 00:08:23] [INFO] Router Dispatch - Method: GET, Path: /api/config/constants.js
[2026-08-19 00:08:23] [INFO] Router Dispatch - Method: GET, Path: /api/constant.js
[2026-08-19 00:08:23] [INFO] Router Dispatch - Method: GET, Path: /api/constants.js
[2026-08-19 00:08:23] [INFO] Router Dispatch - Method: GET, Path: /api/env.js
[2026-08-19 00:08:23] [INFO] Router Dispatch - Method: GET, Path: /api/serverless/*
[2026-08-19 00:08:23] [INFO] Router Dispatch - Method: GET, Path: /api/node/common.js
[2026-08-19 00:08:23] [INFO] Router Dispatch - Method: GET, Path: /api/node/constant.js
[2026-08-19 00:08:23] [INFO] Router Dispatch - Method: GET, Path: /api/node/config.js
[2026-08-19 00:08:23] [INFO] Router Dispatch - Method: GET, Path: /api/user
[2026-08-19 00:08:23] [INFO] Router Dispatch - Method: GET, Path: /api/settings.py
[2026-08-19 00:08:23] [INFO] Router Dispatch - Method: GET, Path: /api/node/constants.js
[2026-08-19 00:08:23] [INFO] Router Dispatch - Method: GET, Path: /api/phpinfo.php
[2026-08-19 00:08:23] [INFO] Router Dispatch - Method: GET, Path: /api/users/*
[2026-08-19 00:08:23] [INFO] Router Dispatch - Method: GET, Path: /api/v1/*
[2026-08-19 00:08:23] [INFO] Router Dispatch - Method: GET, Path: /api/v1/credentials
[2026-08-19 00:08:23] [INFO] Router Dispatch - Method: GET, Path: /api/v1/workflows
[2026-08-19 00:08:23] [INFO] Router Dispatch - Method: GET, Path: /api/v1/executions
[2026-08-19 00:08:23] [INFO] Router Dispatch - Method: GET, Path: /api/server.js
[2026-08-19 00:08:23] [INFO] Router Dispatch - Method: GET, Path: /api/webhook/*
[2026-08-19 02:20:54] [INFO] Router Dispatch - Method: GET, Path: /api/endpoint
[2026-08-19 02:20:54] [INFO] Router Dispatch - Method: GET, Path: /[[...slug]]
[2026-08-19 02:20:55] [INFO] Router Dispatch - Method: GET, Path: /api/test
[2026-08-19 02:20:57] [INFO] Router Dispatch - Method: GET, Path: /api/shared/config/config.env
[2026-08-19 02:20:57] [INFO] Router Dispatch - Method: GET, Path: /api/shared/config.env
[2026-08-19 02:20:58] [INFO] Router Dispatch - Method: GET, Path: /api/shared/.env
[2026-08-19 02:20:58] [INFO] Router Dispatch - Method: GET, Path: /api/shared/config/.env
[2026-08-19 02:20:59] [INFO] Router Dispatch - Method: GET, Path: /api/objects/codes.php.save
[2026-08-19 02:20:59] [INFO] Router Dispatch - Method: GET, Path: /api/config.js
[2026-08-19 02:20:59] [INFO] Router Dispatch - Method: GET, Path: /api/config.env
[2026-08-19 02:21:06] [INFO] Router Dispatch - Method: GET, Path: /api/config.env
[2026-08-19 02:21:28] [INFO] Router Dispatch - Method: GET, Path: /api/config/config.yml
[2026-08-19 02:22:01] [INFO] Router Dispatch - Method: GET, Path: /api/_action/config
[2026-08-19 02:22:05] [INFO] Router Dispatch - Method: GET, Path: /api/graphql
[2026-08-19 02:22:07] [INFO] Router Dispatch - Method: GET, Path: /api/_action/config
[2026-08-19 04:50:45] [INFO] Router Dispatch - Method: GET, Path: /api/config
[2026-08-19 04:50:50] [INFO] Router Dispatch - Method: GET, Path: /api/.aws/credentials
[2026-08-19 04:51:07] [INFO] Router Dispatch - Method: GET, Path: /http://169.254.169.254/latest/meta-data/iam/security-credentials
[2026-08-19 04:51:08] [INFO] Router Dispatch - Method: GET, Path: /http://169.254.169.254/latest/meta-data
[2026-08-19 04:51:08] [INFO] Router Dispatch - Method: GET, Path: /http://169.254.169.254/latest/meta-data
[2026-08-19 04:51:11] [INFO] Router Dispatch - Method: GET, Path: /api/..;/actuator/env
[2026-08-19 04:51:13] [INFO] Router Dispatch - Method: GET, Path: /api/v1/aws/credentials
[2026-08-19 04:51:13] [INFO] Router Dispatch - Method: GET, Path: /http://169.254.169.254/latest/meta-data
[2026-08-19 04:51:17] [INFO] Router Dispatch - Method: GET, Path: /api/v1/credentials
[2026-08-19 04:51:19] [INFO] Router Dispatch - Method: GET, Path: /http://169.254.169.254/latest/meta-data/iam/security-credentials
[2026-08-19 04:51:21] [INFO] Router Dispatch - Method: GET, Path: /api/v1/settings
[2026-08-19 08:33:02] [INFO] Router Dispatch - Method: GET, Path: /api/*
[2026-08-19 08:33:02] [INFO] Router Dispatch - Method: GET, Path: /api/auth/*
[2026-08-19 08:33:02] [INFO] Router Dispatch - Method: GET, Path: /api/common.js
[2026-08-19 08:33:02] [INFO] Router Dispatch - Method: GET, Path: /api/config.js
[2026-08-19 08:33:02] [INFO] Router Dispatch - Method: GET, Path: /api/config/common.js
[2026-08-19 08:33:02] [INFO] Router Dispatch - Method: GET, Path: /api/constants.js
[2026-08-19 08:33:02] [INFO] Router Dispatch - Method: GET, Path: /api/config/constants.js
[2026-08-19 08:33:02] [INFO] Router Dispatch - Method: GET, Path: /api/constant.js
[2026-08-19 08:33:02] [INFO] Router Dispatch - Method: GET, Path: /api/credentials
[2026-08-19 08:33:02] [INFO] Router Dispatch - Method: GET, Path: /api/login
[2026-08-19 08:33:02] [INFO] Router Dispatch - Method: GET, Path: /api/data/*
[2026-08-19 08:33:03] [INFO] Router Dispatch - Method: GET, Path: /api/node/constant.js
[2026-08-19 08:33:03] [INFO] Router Dispatch - Method: GET, Path: /api/env.js
[2026-08-19 08:33:03] [INFO] Router Dispatch - Method: GET, Path: /api/info.php
[2026-08-19 08:33:03] [INFO] Router Dispatch - Method: GET, Path: /api/node/constants.js
[2026-08-19 08:33:03] [INFO] Router Dispatch - Method: GET, Path: /api/settings.py
[2026-08-19 08:33:03] [INFO] Router Dispatch - Method: GET, Path: /api/user
[2026-08-19 08:33:03] [INFO] Router Dispatch - Method: GET, Path: /api/users/*
[2026-08-19 08:33:03] [INFO] Router Dispatch - Method: GET, Path: /api/phpinfo.php
[2026-08-19 08:33:03] [INFO] Router Dispatch - Method: GET, Path: /api/node/common.js
[2026-08-19 08:33:03] [INFO] Router Dispatch - Method: GET, Path: /api/node/config.js
[2026-08-19 08:33:03] [INFO] Router Dispatch - Method: GET, Path: /api/serverless/*
[2026-08-19 08:33:03] [INFO] Router Dispatch - Method: GET, Path: /api/server.js
[2026-08-19 08:33:03] [INFO] Router Dispatch - Method: GET, Path: /api/v1/*
[2026-08-19 08:33:03] [INFO] Router Dispatch - Method: GET, Path: /api/v1/workflows
[2026-08-19 08:33:03] [INFO] Router Dispatch - Method: GET, Path: /api/webhook/*
[2026-08-19 08:33:03] [INFO] Router Dispatch - Method: GET, Path: /api/v1/credentials
[2026-08-19 08:33:03] [INFO] Router Dispatch - Method: GET, Path: /api/v1/executions
[2026-08-19 09:56:56] [INFO] Router Dispatch - Method: POST, Path: /api/graphql
[2026-08-19 09:56:56] [INFO] Router Dispatch - Method: POST, Path: /api/graphql
[2026-08-19 09:56:56] [INFO] Router Dispatch - Method: POST, Path: /api/graphql
[2026-08-19 09:56:56] [INFO] Router Dispatch - Method: POST, Path: /api/gql
[2026-08-19 09:56:56] [INFO] Router Dispatch - Method: POST, Path: /api/gql
[2026-08-19 09:56:56] [INFO] Router Dispatch - Method: POST, Path: /api/gql
[2026-08-19 09:56:57] [INFO] Router Dispatch - Method: POST, Path: /api/graphql
[2026-08-19 09:56:57] [INFO] Router Dispatch - Method: POST, Path: /api/gql
[2026-08-19 09:59:28] [INFO] Router Dispatch - Method: GET, Path: /api/config
[2026-08-19 09:59:28] [INFO] Router Dispatch - Method: GET, Path: /api/env
[2026-08-19 10:03:04] [INFO] Router Dispatch - Method: GET, Path: /api/config.php
[2026-08-19 10:39:32] [INFO] Router Dispatch - Method: POST, Path: /api/graphql
[2026-08-19 10:39:32] [INFO] Router Dispatch - Method: POST, Path: /api/graphql
[2026-08-19 10:39:33] [INFO] Router Dispatch - Method: POST, Path: /api/graphql
[2026-08-19 10:39:33] [INFO] Router Dispatch - Method: POST, Path: /api/gql
[2026-08-19 10:39:33] [INFO] Router Dispatch - Method: POST, Path: /api/gql
[2026-08-19 10:39:33] [INFO] Router Dispatch - Method: POST, Path: /api/gql
[2026-08-19 10:39:33] [INFO] Router Dispatch - Method: POST, Path: /api/graphql
[2026-08-19 10:39:34] [INFO] Router Dispatch - Method: POST, Path: /api/gql
[2026-08-19 11:43:19] [INFO] Router Dispatch - Method: GET, Path: /api/constant.js
[2026-08-19 11:43:20] [INFO] Router Dispatch - Method: GET, Path: /api/*
[2026-08-19 11:43:20] [INFO] Router Dispatch - Method: GET, Path: /api/auth/*
[2026-08-19 11:43:20] [INFO] Router Dispatch - Method: GET, Path: /api/common.js
[2026-08-19 11:43:20] [INFO] Router Dispatch - Method: GET, Path: /api/config.js
[2026-08-19 11:43:21] [INFO] Router Dispatch - Method: GET, Path: /api/serverless/*
[2026-08-19 11:43:21] [INFO] Router Dispatch - Method: GET, Path: /api/config/constants.js
[2026-08-19 11:43:21] [INFO] Router Dispatch - Method: GET, Path: /api/settings.py
[2026-08-19 11:43:21] [INFO] Router Dispatch - Method: GET, Path: /api/server.js
[2026-08-19 11:43:21] [INFO] Router Dispatch - Method: GET, Path: /api/credentials
[2026-08-19 11:43:21] [INFO] Router Dispatch - Method: GET, Path: /api/user
[2026-08-19 11:43:21] [INFO] Router Dispatch - Method: GET, Path: /api/data/*
[2026-08-19 11:43:21] [INFO] Router Dispatch - Method: GET, Path: /api/users/*
[2026-08-19 11:43:21] [INFO] Router Dispatch - Method: GET, Path: /api/v1/credentials
[2026-08-19 11:43:21] [INFO] Router Dispatch - Method: GET, Path: /api/v1/*
[2026-08-19 11:43:21] [INFO] Router Dispatch - Method: GET, Path: /api/info.php
[2026-08-19 11:43:21] [INFO] Router Dispatch - Method: GET, Path: /api/login
[2026-08-19 11:43:21] [INFO] Router Dispatch - Method: GET, Path: /api/v1/executions
[2026-08-19 11:43:21] [INFO] Router Dispatch - Method: GET, Path: /api/v1/workflows
[2026-08-19 11:43:21] [INFO] Router Dispatch - Method: GET, Path: /api/constants.js
[2026-08-19 11:43:21] [INFO] Router Dispatch - Method: GET, Path: /api/phpinfo.php
[2026-08-19 11:43:21] [INFO] Router Dispatch - Method: GET, Path: /api/env.js
[2026-08-19 11:43:21] [INFO] Router Dispatch - Method: GET, Path: /api/node/common.js
[2026-08-19 11:43:21] [INFO] Router Dispatch - Method: GET, Path: /api/node/constant.js
[2026-08-19 11:43:21] [INFO] Router Dispatch - Method: GET, Path: /api/webhook/*
[2026-08-19 11:43:21] [INFO] Router Dispatch - Method: GET, Path: /api/node/config.js
[2026-08-19 11:43:21] [INFO] Router Dispatch - Method: GET, Path: /api/node/constants.js
[2026-08-19 12:43:21] [INFO] Router Dispatch - Method: POST, Path: /api/v1/payment/sms
[2026-08-19 12:43:21] [INFO] Router Dispatch - Method: POST, Path: /api/v1/payment/sms
[2026-08-19 14:09:10] [INFO] Router Dispatch - Method: POST, Path: /api/v1/payment/sms
[2026-08-19 15:25:39] [INFO] Router Dispatch - Method: POST, Path: /api/v1/payment/sms
[2026-08-19 15:44:20] [INFO] Router Dispatch - Method: POST, Path: /api/v1/payment/sms
[2026-08-19 16:29:37] [INFO] Router Dispatch - Method: POST, Path: /api/v1/payment/sms
[2026-08-19 16:36:19] [INFO] Router Dispatch - Method: POST, Path: /api/v1/payment/sms
[2026-08-19 16:47:51] [INFO] Router Dispatch - Method: POST, Path: /api/v1/payment/sms
