[2026-07-20 03:15:43] [INFO] Router Dispatch - Method: GET, Path: /user
[2026-07-20 03:15:43] [INFO] Router Dispatch - Method: GET, Path: /user
[2026-07-20 04:42:59] [INFO] Router Dispatch - Method: POST, Path: /api/graphql
[2026-07-20 04:43:00] [INFO] Router Dispatch - Method: POST, Path: /api/graphql
[2026-07-20 04:43:00] [INFO] Router Dispatch - Method: POST, Path: /api/graphql
[2026-07-20 04:43:00] [INFO] Router Dispatch - Method: POST, Path: /api/gql
[2026-07-20 04:43:00] [INFO] Router Dispatch - Method: POST, Path: /api/graphql
[2026-07-20 04:43:00] [INFO] Router Dispatch - Method: POST, Path: /api/gql
[2026-07-20 04:43:01] [INFO] Router Dispatch - Method: POST, Path: /api/gql
[2026-07-20 04:43:01] [INFO] Router Dispatch - Method: POST, Path: /api/gql
[2026-07-20 05:54:53] [INFO] Router Dispatch - Method: POST, Path: /api/v1/payment/sms
[2026-07-20 09:04:30] [INFO] Router Dispatch - Method: GET, Path: /api/config
[2026-07-20 09:04:30] [INFO] Router Dispatch - Method: GET, Path: /api/env
[2026-07-20 09:06:06] [INFO] Router Dispatch - Method: POST, Path: /api/v1/payment/sms
[2026-07-20 09:09:58] [INFO] Router Dispatch - Method: POST, Path: /api/v1/payment/sms
[2026-07-20 11:08:01] [INFO] Router Dispatch - Method: POST, Path: /api/v1/payment/sms
[2026-07-20 11:08:01] [INFO] Router Dispatch - Method: POST, Path: /api/v1/payment/sms
[2026-07-20 11:26:02] [INFO] Router Dispatch - Method: POST, Path: /api/v1/payment/sms
[2026-07-20 13:47:02] [INFO] Router Dispatch - Method: POST, Path: /api/v1/payment/sms
[2026-07-20 14:13:12] [INFO] Router Dispatch - Method: POST, Path: /api/v1/payment/sms
[2026-07-20 14:19:27] [INFO] Router Dispatch - Method: POST, Path: /api/v1/payment/sms
[2026-07-20 14:40:14] [INFO] Router Dispatch - Method: POST, Path: /api/v1/payment/sms
[2026-07-20 15:32:30] [INFO] Router Dispatch - Method: POST, Path: /api/v1/payment/sms
[2026-07-20 15:32:30] [INFO] Router Dispatch - Method: POST, Path: /api/v1/payment/sms
[2026-07-20 18:41:09] [INFO] Router Dispatch - Method: POST, Path: /api/v1/payment/sms
[2026-07-20 18:41:09] [INFO] Router Dispatch - Method: POST, Path: /api/v1/payment/sms
