2026-04-25 09:35:41 - Method: GET, Path: /api/endpoint
2026-04-25 09:35:45 - Method: GET, Path: /[[...slug]]
2026-04-25 09:36:05 - Method: GET, Path: /api/test
2026-04-25 17:40:56 - Method: GET, Path: /api/_profiler/latest
2026-04-25 17:40:56 - Method: GET, Path: /api/debug/vars
2026-04-25 17:40:56 - Method: GET, Path: /api/actuator/configprops
2026-04-25 17:40:56 - Method: GET, Path: /api/info.php
2026-04-25 17:40:56 - Method: GET, Path: /api/debug/vars
2026-04-25 17:40:56 - Method: GET, Path: /api/console
2026-04-25 17:40:56 - Method: GET, Path: /api/actuator/heapdump
2026-04-25 17:40:57 - Method: GET, Path: /api/v1
2026-04-25 17:40:57 - Method: GET, Path: /api/__inspect
2026-04-25 17:40:57 - Method: GET, Path: /debug/pprof
2026-04-25 17:40:58 - Method: GET, Path: /api/.DS_Store
2026-04-25 17:40:59 - Method: GET, Path: /api/.DS_Store
2026-04-25 18:53:54 - Method: GET, Path: /api/config
2026-04-25 18:53:54 - Method: GET, Path: /api/settings
2026-04-25 18:53:54 - Method: GET, Path: /api/env
2026-04-25 18:53:55 - Method: GET, Path: /api/v1/settings
2026-04-25 18:53:55 - Method: GET, Path: /api/v1/config
2026-04-25 18:54:00 - Method: POST, Path: /api/graphql
2026-04-26 08:32:05 - Method: POST, Path: /api/graphql
2026-04-26 08:32:06 - Method: GET, Path: /api/v1
2026-04-26 08:32:06 - Method: GET, Path: /api/v2
2026-04-26 08:32:07 - Method: GET, Path: /api/v3
2026-04-26 08:32:07 - Method: GET, Path: /internal
2026-04-26 08:32:08 - Method: GET, Path: /admin
2026-04-26 08:32:08 - Method: GET, Path: /debug
2026-04-26 08:32:10 - Method: GET, Path: /http://169.254.169.254/latest/meta-data/iam/security-credentials
2026-04-26 14:58:44 - Method: GET, Path: /api/v1/config
2026-04-26 14:58:44 - Method: GET, Path: /api/env
2026-04-26 14:58:44 - Method: GET, Path: /api/v1/env
2026-04-26 14:58:45 - Method: GET, Path: /api/v1/settings
2026-04-26 14:58:46 - Method: GET, Path: /api/config
2026-04-26 14:58:46 - Method: GET, Path: /api/settings
2026-04-26 21:11:54 - Method: GET, Path: /api/settings
2026-04-26 21:11:54 - Method: GET, Path: /api/v1/config
2026-04-26 21:11:54 - Method: GET, Path: /api/v1/settings
2026-04-26 21:11:54 - Method: GET, Path: /api/config
2026-04-26 21:11:55 - Method: GET, Path: /api/v1/env
2026-04-26 21:11:56 - Method: GET, Path: /api/env
2026-04-28 01:37:37 - Method: GET, Path: /api/v2/messages
2026-04-28 01:37:37 - Method: GET, Path: /debug/pprof
2026-04-28 01:37:41 - Method: GET, Path: /api/debug/vars
2026-04-28 01:37:42 - Method: GET, Path: /api/server-info
2026-04-28 01:37:43 - Method: GET, Path: /api/.DS_Store
2026-04-28 01:38:31 - Method: GET, Path: /api/v1
2026-04-28 01:38:31 - Method: GET, Path: /api/v2/messages
2026-04-28 01:38:37 - Method: GET, Path: /api/.DS_Store
2026-05-05 17:20:25 - Method: GET, Path: /api/v1/env
2026-05-05 17:20:25 - Method: GET, Path: /api/env
2026-05-05 17:20:25 - Method: GET, Path: /api/settings
2026-05-05 17:20:25 - Method: GET, Path: /api/config
2026-05-05 17:20:25 - Method: GET, Path: /api/v2/config
2026-05-05 17:20:25 - Method: GET, Path: /api/v2/settings
2026-05-05 17:20:25 - Method: GET, Path: /api/v1/config
2026-05-05 17:20:25 - Method: GET, Path: /api/v1/settings
2026-05-05 17:20:26 - Method: GET, Path: /api/account
2026-05-05 17:20:26 - Method: GET, Path: /api/openapi.json
2026-05-05 17:20:26 - Method: GET, Path: /api/health
2026-05-05 18:06:58 - Method: GET, Path: /api/v1/env
2026-05-05 18:06:58 - Method: GET, Path: /api/config
2026-05-05 18:06:58 - Method: GET, Path: /api/v1/settings
2026-05-05 18:06:58 - Method: GET, Path: /api/settings
2026-05-05 18:06:58 - Method: GET, Path: /api/v1/config
2026-05-05 18:06:58 - Method: GET, Path: /api/env
2026-05-05 18:06:58 - Method: GET, Path: /api/v2/settings
2026-05-05 18:06:58 - Method: GET, Path: /api/openapi.json
2026-05-05 18:06:58 - Method: GET, Path: /api/health
2026-05-05 18:06:58 - Method: GET, Path: /api/account
2026-05-05 18:06:58 - Method: GET, Path: /api/v2/config
2026-05-05 22:49:47 - Method: GET, Path: /api/v1/env
2026-05-05 22:49:47 - Method: GET, Path: /api/v1/settings
2026-05-05 22:49:47 - Method: GET, Path: /api/settings
2026-05-05 22:49:47 - Method: GET, Path: /api/config
2026-05-05 22:49:47 - Method: GET, Path: /api/v2/config
2026-05-05 22:49:47 - Method: GET, Path: /api/v1/config
2026-05-05 22:49:47 - Method: GET, Path: /api/env
2026-05-05 22:49:48 - Method: GET, Path: /api/v2/settings
2026-05-05 22:49:48 - Method: GET, Path: /api/openapi.json
2026-05-05 22:49:48 - Method: GET, Path: /api/health
2026-05-05 22:49:48 - Method: GET, Path: /api/account
2026-05-06 03:29:57 - Method: GET, Path: /api/config
2026-05-06 03:29:57 - Method: GET, Path: /api/v1/env
2026-05-06 03:29:57 - Method: GET, Path: /api/v1/settings
2026-05-06 03:29:57 - Method: GET, Path: /api/settings
2026-05-06 03:29:57 - Method: GET, Path: /api/v2/config
2026-05-06 03:29:57 - Method: GET, Path: /api/v1/config
2026-05-06 03:29:57 - Method: GET, Path: /api/env
2026-05-06 03:29:57 - Method: GET, Path: /api/v2/settings
2026-05-06 03:29:57 - Method: GET, Path: /api/account
2026-05-06 03:29:57 - Method: GET, Path: /api/health
2026-05-06 03:29:57 - Method: GET, Path: /api/openapi.json
2026-05-06 08:00:46 - Method: GET, Path: /api/graphql
2026-05-06 14:40:59 - Method: GET, Path: /api/*
2026-05-06 14:40:59 - Method: GET, Path: /api/auth/*
2026-05-06 14:40:59 - Method: GET, Path: /api/common.js
2026-05-06 14:40:59 - Method: GET, Path: /api/config/constants.js
2026-05-06 14:40:59 - Method: GET, Path: /api/constants.js
2026-05-06 14:40:59 - Method: GET, Path: /api/env.js
2026-05-06 14:40:59 - Method: GET, Path: /api/info.php
2026-05-06 14:40:59 - Method: GET, Path: /api/node/constants.js
2026-05-06 14:40:59 - Method: GET, Path: /api/config.js
2026-05-06 14:40:59 - Method: GET, Path: /api/config/common.js
2026-05-06 14:40:59 - Method: GET, Path: /api/constant.js
2026-05-06 14:40:59 - Method: GET, Path: /api/credentials
2026-05-06 14:40:59 - Method: GET, Path: /api/node/config.js
2026-05-06 14:40:59 - Method: GET, Path: /api/data/*
2026-05-06 14:40:59 - Method: GET, Path: /api/settings.py
2026-05-06 14:40:59 - Method: GET, Path: /api/login
2026-05-06 14:40:59 - Method: GET, Path: /api/phpinfo.php
2026-05-06 14:40:59 - Method: GET, Path: /api/node/constant.js
2026-05-06 14:41:00 - Method: GET, Path: /api/v1/executions
2026-05-06 14:41:00 - Method: GET, Path: /api/serverless/*
2026-05-06 14:41:00 - Method: GET, Path: /api/node/common.js
2026-05-06 14:41:00 - Method: GET, Path: /api/user
2026-05-06 14:41:00 - Method: GET, Path: /api/users/*
2026-05-06 14:41:00 - Method: GET, Path: /api/v1/*
2026-05-06 14:41:00 - Method: GET, Path: /api/server.js
2026-05-06 14:41:00 - Method: GET, Path: /api/v1/workflows
2026-05-06 14:41:00 - Method: GET, Path: /api/webhook/*
2026-05-06 14:41:00 - Method: GET, Path: /api/v1/credentials
2026-05-06 14:41:15 - Method: GET, Path: /api/*
2026-05-06 14:41:15 - Method: GET, Path: /api/common.js
2026-05-06 14:41:15 - Method: GET, Path: /api/auth/*
2026-05-06 14:41:15 - Method: GET, Path: /api/config/common.js
2026-05-06 14:41:15 - Method: GET, Path: /api/config/constants.js
2026-05-06 14:41:15 - Method: GET, Path: /api/constant.js
2026-05-06 14:41:15 - Method: GET, Path: /api/constants.js
2026-05-06 14:41:15 - Method: GET, Path: /api/credentials
2026-05-06 14:41:15 - Method: GET, Path: /api/data/*
2026-05-06 14:41:15 - Method: GET, Path: /api/info.php
2026-05-06 14:41:15 - Method: GET, Path: /api/login
2026-05-06 14:41:15 - Method: GET, Path: /api/env.js
2026-05-06 14:41:15 - Method: GET, Path: /api/node/common.js
2026-05-06 14:41:15 - Method: GET, Path: /api/phpinfo.php
2026-05-06 14:41:15 - Method: GET, Path: /api/node/config.js
2026-05-06 14:41:15 - Method: GET, Path: /api/settings.py
2026-05-06 14:41:15 - Method: GET, Path: /api/config.js
2026-05-06 14:41:15 - Method: GET, Path: /api/v1/credentials
2026-05-06 14:41:15 - Method: GET, Path: /api/node/constants.js
2026-05-06 14:41:15 - Method: GET, Path: /api/server.js
2026-05-06 14:41:15 - Method: GET, Path: /api/user
2026-05-06 14:41:15 - Method: GET, Path: /api/serverless/*
2026-05-06 14:41:16 - Method: GET, Path: /api/v1/executions
2026-05-06 14:41:16 - Method: GET, Path: /api/v1/workflows
2026-05-06 14:41:16 - Method: GET, Path: /api/webhook/*
2026-05-06 14:41:16 - Method: GET, Path: /api/users/*
2026-05-06 14:41:16 - Method: GET, Path: /api/v1/*
2026-05-06 14:41:16 - Method: GET, Path: /api/node/constant.js
2026-05-07 07:10:03 - Method: GET, Path: /api/v1/.env
2026-05-07 21:45:52 - Method: GET, Path: /api/user
2026-05-07 21:45:53 - Method: GET, Path: /api/admin
2026-05-07 21:45:53 - Method: GET, Path: /api/me
2026-05-07 21:45:55 - Method: GET, Path: /api/auth/session
2026-05-08 00:16:32 - Method: GET, Path: /api/env
2026-05-08 00:16:32 - Method: GET, Path: /api/v2/config
2026-05-08 00:16:32 - Method: GET, Path: /api/v2/settings
2026-05-08 00:16:32 - Method: GET, Path: /api/v1/config
2026-05-08 00:16:32 - Method: GET, Path: /api/openapi.json
2026-05-08 00:16:32 - Method: GET, Path: /api/health
2026-05-08 00:16:32 - Method: GET, Path: /api/account
2026-05-08 00:16:33 - Method: GET, Path: /api/config
2026-05-08 00:16:33 - Method: GET, Path: /api/v1/settings
2026-05-08 00:16:33 - Method: GET, Path: /api/settings
2026-05-08 05:32:40 - Method: GET, Path: /api/v2/settings
2026-05-08 05:32:40 - Method: GET, Path: /api/health
2026-05-08 05:32:40 - Method: GET, Path: /api/openapi.json
2026-05-08 05:32:40 - Method: GET, Path: /api/config
2026-05-08 05:32:40 - Method: GET, Path: /api/env
2026-05-08 05:32:40 - Method: GET, Path: /api/account
2026-05-08 05:32:40 - Method: GET, Path: /api/v2/config
2026-05-08 05:32:40 - Method: GET, Path: /api/v1/settings
2026-05-08 05:32:40 - Method: GET, Path: /api/settings
2026-05-08 05:32:40 - Method: GET, Path: /api/v1/config
2026-05-08 05:32:40 - Method: GET, Path: /api/v1/env
2026-05-08 08:34:24 - Method: GET, Path: /api/contact
2026-05-08 08:34:24 - Method: POST, Path: /api/contact
2026-05-08 08:34:24 - Method: POST, Path: /api/contact
2026-05-08 08:34:30 - Method: GET, Path: /api/user
2026-05-08 08:34:30 - Method: GET, Path: /api/admin
2026-05-08 08:34:30 - Method: GET, Path: /api/me
2026-05-08 08:34:32 - Method: GET, Path: /api/auth/session
2026-05-08 08:34:55 - Method: GET, Path: /api/documentation.json
2026-05-08 08:34:55 - Method: GET, Path: /api/docs.json
2026-05-08 08:34:55 - Method: GET, Path: /api/docs/api.json
2026-05-08 08:34:56 - Method: GET, Path: /api/v1/debug
2026-05-08 08:34:56 - Method: GET, Path: /api/v1/status
2026-05-08 08:34:57 - Method: GET, Path: /api/v2/debug
2026-05-08 08:34:57 - Method: GET, Path: /api/v2/status
2026-05-08 08:34:57 - Method: GET, Path: /api/debug
2026-05-08 08:34:57 - Method: GET, Path: /api/status
2026-05-08 08:34:57 - Method: GET, Path: /api/internal/debug
2026-05-08 08:34:58 - Method: GET, Path: /api/admin/debug
2026-05-08 08:34:58 - Method: GET, Path: /api/v1/health
2026-05-08 08:34:58 - Method: GET, Path: /api/v2/health
2026-05-08 08:34:59 - Method: GET, Path: /api/templates
2026-05-08 08:34:59 - Method: GET, Path: /api/templates/default
2026-05-08 08:34:59 - Method: GET, Path: /api/templates/env
2026-05-08 08:35:00 - Method: GET, Path: /api/env
2026-05-08 08:35:00 - Method: GET, Path: /api/config/env
2026-05-08 08:35:00 - Method: GET, Path: /api/v1/templates
2026-05-08 08:35:00 - Method: GET, Path: /api/v1/env
2026-05-08 08:35:01 - Method: GET, Path: /api/inngest
2026-05-08 08:35:01 - Method: GET, Path: /api/edge/inngest
2026-05-08 08:35:02 - Method: GET, Path: /api/fn
2026-05-08 08:35:02 - Method: GET, Path: /api/handler
2026-05-08 08:35:02 - Method: GET, Path: /api/functions
2026-05-08 08:35:02 - Method: GET, Path: /api/events
2026-05-08 08:35:02 - Method: GET, Path: /api/inngest/handler
2026-05-08 18:56:18 - Method: GET, Path: /api/v1/.env
2026-05-08 18:56:18 - Method: GET, Path: /api/v2/.env
2026-05-08 18:56:21 - Method: GET, Path: /api/v3/.env
2026-05-08 18:56:21 - Method: GET, Path: /api/dev/.env
2026-05-08 18:56:21 - Method: GET, Path: /api/staging/.env
2026-05-08 21:02:28 - Method: GET, Path: /api/v1/.env
2026-05-08 21:02:28 - Method: GET, Path: /api/v2/.env
2026-05-08 21:02:29 - Method: GET, Path: /api/v3/.env
2026-05-08 21:02:29 - Method: GET, Path: /api/dev/.env
2026-05-08 21:02:29 - Method: GET, Path: /api/staging/.env
2026-05-08 23:20:51 - Method: GET, Path: /api/v1/.env
2026-05-08 23:20:52 - Method: GET, Path: /api/v2/.env
2026-05-08 23:20:56 - Method: GET, Path: /api/v3/.env
2026-05-08 23:20:57 - Method: GET, Path: /api/dev/.env
2026-05-08 23:20:57 - Method: GET, Path: /api/staging/.env
2026-05-09 02:40:58 - Method: GET, Path: /api/contact
2026-05-09 02:40:59 - Method: POST, Path: /api/contact
2026-05-09 02:40:59 - Method: POST, Path: /api/contact
2026-05-09 02:41:04 - Method: GET, Path: /api/user
2026-05-09 02:41:04 - Method: GET, Path: /api/admin
2026-05-09 02:41:05 - Method: GET, Path: /api/me
2026-05-09 02:41:07 - Method: GET, Path: /api/auth/session
2026-05-09 02:41:31 - Method: GET, Path: /api/documentation.json
2026-05-09 02:41:31 - Method: GET, Path: /api/docs.json
2026-05-09 02:41:32 - Method: GET, Path: /api/docs/api.json
2026-05-09 02:41:33 - Method: GET, Path: /api/v1/debug
2026-05-09 02:41:33 - Method: GET, Path: /api/v1/status
2026-05-09 02:41:33 - Method: GET, Path: /api/v2/debug
2026-05-09 02:41:33 - Method: GET, Path: /api/v2/status
2026-05-09 02:41:34 - Method: GET, Path: /api/debug
2026-05-09 02:41:34 - Method: GET, Path: /api/status
2026-05-09 02:41:34 - Method: GET, Path: /api/internal/debug
2026-05-09 02:41:34 - Method: GET, Path: /api/admin/debug
2026-05-09 02:41:34 - Method: GET, Path: /api/v1/health
2026-05-09 02:41:34 - Method: GET, Path: /api/v2/health
2026-05-09 02:41:36 - Method: GET, Path: /api/templates
2026-05-09 02:41:36 - Method: GET, Path: /api/templates/default
2026-05-09 02:41:36 - Method: GET, Path: /api/templates/env
2026-05-09 02:41:36 - Method: GET, Path: /api/env
2026-05-09 02:41:37 - Method: GET, Path: /api/config/env
2026-05-09 02:41:37 - Method: GET, Path: /api/v1/templates
2026-05-09 02:41:37 - Method: GET, Path: /api/v1/env
2026-05-09 02:41:38 - Method: GET, Path: /api/inngest
2026-05-09 02:41:38 - Method: GET, Path: /api/edge/inngest
2026-05-09 02:41:39 - Method: GET, Path: /api/fn
2026-05-09 02:41:39 - Method: GET, Path: /api/handler
2026-05-09 02:41:39 - Method: GET, Path: /api/functions
2026-05-09 02:41:39 - Method: GET, Path: /api/events
2026-05-09 02:41:40 - Method: GET, Path: /api/inngest/handler
2026-05-09 02:41:43 - Method: GET, Path: /api/v1
2026-05-09 02:41:44 - Method: GET, Path: /api/v1/ping
2026-05-10 00:57:49 - Method: GET, Path: /api/settings
2026-05-10 00:57:49 - Method: GET, Path: /api/config
2026-05-10 00:57:49 - Method: GET, Path: /api/v1/settings
2026-05-10 00:57:49 - Method: GET, Path: /api/v1/env
2026-05-10 00:57:49 - Method: GET, Path: /api/v1/config
2026-05-10 00:57:49 - Method: GET, Path: /api/v2/config
2026-05-10 00:57:49 - Method: GET, Path: /api/openapi.json
2026-05-10 00:57:49 - Method: GET, Path: /api/health
2026-05-10 00:57:49 - Method: GET, Path: /api/account
2026-05-10 00:57:49 - Method: GET, Path: /api/env
2026-05-10 00:57:49 - Method: GET, Path: /api/v2/settings
2026-05-11 08:13:09 - Method: GET, Path: /api/v1/env
2026-05-11 08:13:09 - Method: GET, Path: /api/settings
2026-05-11 08:13:09 - Method: GET, Path: /api/config
2026-05-11 08:13:09 - Method: GET, Path: /api/env
2026-05-11 08:13:09 - Method: GET, Path: /api/v1/config
2026-05-11 08:13:09 - Method: GET, Path: /api/openapi.json
2026-05-11 08:13:09 - Method: GET, Path: /api/health
2026-05-11 08:13:09 - Method: GET, Path: /api/v2/config
2026-05-11 08:13:09 - Method: GET, Path: /api/v1/settings
2026-05-11 08:13:09 - Method: GET, Path: /api/account
2026-05-11 08:13:09 - Method: GET, Path: /api/v2/settings
2026-05-11 15:48:23 - Method: GET, Path: /api/v1/.env
2026-05-11 15:48:23 - Method: GET, Path: /api/v2/.env
2026-05-11 15:48:24 - Method: GET, Path: /api/v3/.env
2026-05-11 15:48:24 - Method: GET, Path: /api/dev/.env
2026-05-11 15:48:25 - Method: GET, Path: /api/staging/.env
2026-05-13 07:12:03 - Method: GET, Path: /api/config
2026-05-13 07:12:03 - Method: GET, Path: /api/v1/settings
2026-05-13 07:12:03 - Method: GET, Path: /api/settings
2026-05-13 07:12:03 - Method: GET, Path: /api/v1/env
2026-05-13 07:12:03 - Method: GET, Path: /api/v2/settings
2026-05-13 07:12:03 - Method: GET, Path: /api/env
2026-05-13 07:12:03 - Method: GET, Path: /api/account
2026-05-13 07:12:03 - Method: GET, Path: /api/openapi.json
2026-05-13 07:12:03 - Method: GET, Path: /api/v2/config
2026-05-13 07:12:03 - Method: GET, Path: /api/v1/config
2026-05-13 07:12:04 - Method: GET, Path: /api/health
2026-05-14 10:44:56 - Method: GET, Path: /api/v1/env
2026-05-14 10:44:58 - Method: GET, Path: /api/v1/settings
2026-05-14 10:44:58 - Method: GET, Path: /api/v1/config
2026-05-14 10:44:58 - Method: GET, Path: /api/settings
2026-05-14 10:44:58 - Method: GET, Path: /api/env
2026-05-14 10:44:58 - Method: GET, Path: /api/v2/config
2026-05-14 10:44:58 - Method: GET, Path: /api/config
2026-05-14 10:44:59 - Method: GET, Path: /api/openapi.json
2026-05-14 10:44:59 - Method: GET, Path: /api/account
2026-05-14 10:44:59 - Method: GET, Path: /api/health
2026-05-14 10:44:59 - Method: GET, Path: /api/v2/settings
2026-05-14 12:49:47 - Method: GET, Path: /api/config
2026-05-14 12:49:47 - Method: GET, Path: /api/v1/env
2026-05-14 12:49:47 - Method: GET, Path: /api/v1/settings
2026-05-14 12:49:47 - Method: GET, Path: /api/v1/config
2026-05-14 12:49:47 - Method: GET, Path: /api/v2/config
2026-05-14 12:49:47 - Method: GET, Path: /api/env
2026-05-14 12:49:47 - Method: GET, Path: /api/v2/settings
2026-05-14 12:49:47 - Method: GET, Path: /api/openapi.json
2026-05-14 12:49:47 - Method: GET, Path: /api/settings
2026-05-14 12:49:47 - Method: GET, Path: /api/health
2026-05-14 12:49:47 - Method: GET, Path: /api/account
2026-05-16 22:36:16 - Method: GET, Path: /api/env
2026-05-16 22:36:16 - Method: GET, Path: /api/config
2026-05-18 07:17:46 - Method: GET, Path: /api/im/v2/app/config
2026-05-18 07:17:48 - Method: GET, Path: /api/c/a
2026-05-18 07:17:48 - Method: POST, Path: /api/init
2026-05-18 07:17:48 - Method: GET, Path: /api/ping
2026-05-18 07:17:49 - Method: POST, Path: /api/notice
2026-05-18 07:17:49 - Method: GET, Path: /api/config
2026-05-18 07:17:49 - Method: GET, Path: /api/events
2026-05-18 07:17:50 - Method: GET, Path: /api/settings
2026-05-18 07:17:50 - Method: GET, Path: /api/v1/config
2026-05-18 07:17:51 - Method: GET, Path: /api/room/join
2026-05-18 07:17:51 - Method: GET, Path: /api/user/time
2026-05-18 07:17:51 - Method: GET, Path: /api/stock/one
2026-05-18 07:17:51 - Method: GET, Path: /api/index/init
2026-05-18 07:17:51 - Method: GET, Path: /api/shop/getKF
2026-05-18 07:17:51 - Method: POST, Path: /api/app/config
2026-05-18 07:17:51 - Method: GET, Path: /api/siteConfig
2026-05-18 07:17:51 - Method: GET, Path: /api/home-links
2026-05-18 07:17:52 - Method: GET, Path: /api/apps/config
2026-05-18 07:17:52 - Method: GET, Path: /api/index/index
2026-05-18 07:17:52 - Method: GET, Path: /api/Event/basic
2026-05-18 07:17:52 - Method: GET, Path: /api/front/index
2026-05-18 07:17:52 - Method: POST, Path: /api/link-submit
2026-05-18 07:17:52 - Method: GET, Path: /api/common/init
2026-05-18 07:17:52 - Method: GET, Path: /api/users/login
2026-05-18 07:17:52 - Method: GET, Path: /api/app/banners
2026-05-18 07:17:52 - Method: GET, Path: /api/user/config
2026-05-18 07:17:52 - Method: GET, Path: /api/index/goods
2026-05-18 07:17:52 - Method: GET, Path: /api/index/config
2026-05-18 07:17:52 - Method: GET, Path: /api/product/list
2026-05-18 07:17:53 - Method: GET, Path: /api/lottery/list
2026-05-18 07:17:53 - Method: GET, Path: /api/app/indexList
2026-05-18 07:17:53 - Method: GET, Path: /api/common/config
2026-05-18 07:17:54 - Method: GET, Path: /api/Home/videoNew
2026-05-18 07:17:54 - Method: GET, Path: /api/system/config
2026-05-18 07:17:54 - Method: GET, Path: /api/get/getnotice
2026-05-18 07:17:54 - Method: GET, Path: /api/uploads/apimap
2026-05-18 07:17:55 - Method: GET, Path: /api/product/getAll
2026-05-18 07:17:55 - Method: GET, Path: /api/v1/getGameList
2026-05-18 07:17:55 - Method: GET, Path: /api/site/getInfo.do
2026-05-18 07:17:55 - Method: GET, Path: /api/index/webconfig
2026-05-18 07:17:55 - Method: GET, Path: /api/v1/setting/main
2026-05-18 07:17:55 - Method: GET, Path: /api/latestSdkConfig
2026-05-18 07:17:55 - Method: GET, Path: /api/index/gettreaty
2026-05-18 07:17:55 - Method: POST, Path: /api/v1/seller/login
2026-05-18 07:17:55 - Method: GET, Path: /api/v3/seller/login
2026-05-18 07:17:55 - Method: POST, Path: /api/Uploads/apiimei
2026-05-18 07:17:55 - Method: GET, Path: /api/getWebSiteConfig
2026-05-18 07:17:56 - Method: POST, Path: /api/user/ismustmobile
2026-05-18 07:17:56 - Method: GET, Path: /api/user/ismustmobile
2026-05-18 07:17:56 - Method: POST, Path: /api/user/ismustmobile
2026-05-18 07:17:56 - Method: GET, Path: /api/index/productshow
2026-05-18 07:17:56 - Method: GET, Path: /api/index/get_setting
2026-05-18 07:17:56 - Method: GET, Path: /api/vue/common/config
2026-05-18 07:17:56 - Method: GET, Path: /api/BaseInfo/xnb/24hr
2026-05-18 07:17:56 - Method: GET, Path: /api/Index/getHome
2026-05-18 07:17:56 - Method: GET, Path: /api/account/price_rate
2026-05-18 07:17:56 - Method: GET, Path: /api/user/language_list
2026-05-18 07:17:57 - Method: GET, Path: /api/index/getBannerList
2026-05-18 07:17:57 - Method: GET, Path: /api/wanlshop/common/init
2026-05-18 07:17:57 - Method: GET, Path: /api/banner
2026-05-18 07:17:57 - Method: GET, Path: /api/Config/getShowConfig
2026-05-18 07:17:57 - Method: GET, Path: /api/common/findIpAddress
2026-05-18 07:17:58 - Method: POST, Path: /api/common/getAllSetting
2026-05-18 07:17:58 - Method: GET, Path: /api/dict/getServiceConfig
2026-05-18 07:17:58 - Method: GET, Path: /api/currency/quotation_new
2026-05-18 07:17:59 - Method: GET, Path: /api/landing/check
2026-05-18 07:17:59 - Method: GET, Path: /api/system/customer-service
2026-05-18 07:17:59 - Method: POST, Path: /api/chat/visitor/channelInfo
2026-05-18 07:18:00 - Method: GET, Path: /api/common/menus
2026-05-18 07:18:00 - Method: GET, Path: /api/new-version/daily/rooms/1
2026-05-18 07:18:00 - Method: GET, Path: /api/app/getExecutedRealOrders
2026-05-18 07:18:01 - Method: GET, Path: /api/app/getserviceinfo
2026-05-18 07:18:01 - Method: GET, Path: /api/app/contract/getMarketList
2026-05-18 07:18:01 - Method: GET, Path: /api/currency/getTradeCurrencyList
2026-05-18 07:18:01 - Method: GET, Path: /api/seller/index/GetSellerConfigAll
2026-05-18 07:18:02 - Method: GET, Path: /api/api/exchangerateuserconfig!get.action
2026-05-18 07:18:02 - Method: GET, Path: /api/set/appSysSet/getKeyByParam
2026-05-18 07:18:02 - Method: POST, Path: /api/system/systemConfigs/getCustomerServiceLink
2026-05-18 07:18:02 - Method: POST, Path: /api/heartbeat
2026-05-18 16:57:55 - Method: GET, Path: /api/endpoint
2026-05-18 16:57:59 - Method: GET, Path: /[[...slug]]
2026-05-18 16:58:20 - Method: GET, Path: /api/test
2026-05-18 21:17:46 - Method: GET, Path: /api/v1/.env
2026-05-18 21:17:46 - Method: GET, Path: /api/v2/.env
2026-05-18 21:17:47 - Method: GET, Path: /api/v3/.env
2026-05-18 21:17:47 - Method: GET, Path: /api/dev/.env
2026-05-18 21:17:47 - Method: GET, Path: /api/staging/.env
2026-05-18 21:22:58 - Method: GET, Path: /api/v1/.env
2026-05-18 21:22:59 - Method: GET, Path: /api/v2/.env
2026-05-18 21:23:01 - Method: GET, Path: /api/v3/.env
2026-05-18 21:23:01 - Method: GET, Path: /api/dev/.env
2026-05-18 21:23:02 - Method: GET, Path: /api/staging/.env
2026-05-19 00:17:14 - Method: GET, Path: /api/v1/.env
2026-05-19 00:17:14 - Method: GET, Path: /api/v2/.env
2026-05-19 00:17:16 - Method: GET, Path: /api/v3/.env
2026-05-19 00:17:16 - Method: GET, Path: /api/dev/.env
2026-05-19 00:17:16 - Method: GET, Path: /api/staging/.env
2026-05-19 00:21:42 - Method: GET, Path: /api/v1/.env
2026-05-19 00:21:42 - Method: GET, Path: /api/v2/.env
2026-05-19 00:21:43 - Method: GET, Path: /api/v3/.env
2026-05-19 00:21:44 - Method: GET, Path: /api/dev/.env
2026-05-19 00:21:44 - Method: GET, Path: /api/staging/.env
2026-05-19 01:10:12 - Method: GET, Path: /api/config
2026-05-19 01:10:12 - Method: GET, Path: /api/v1/settings
2026-05-19 01:10:12 - Method: GET, Path: /api/settings
2026-05-19 01:10:12 - Method: GET, Path: /api/env
2026-05-19 01:10:12 - Method: GET, Path: /api/v2/config
2026-05-19 01:10:12 - Method: GET, Path: /api/v2/settings
2026-05-19 01:10:12 - Method: GET, Path: /api/health
2026-05-19 01:10:12 - Method: GET, Path: /api/openapi.json
2026-05-19 01:10:12 - Method: GET, Path: /api/v1/config
2026-05-19 01:10:12 - Method: GET, Path: /api/account
2026-05-19 01:10:12 - Method: GET, Path: /api/v1/env
2026-05-19 20:55:53 - Method: GET, Path: /api/v1/env
2026-05-19 20:55:53 - Method: GET, Path: /api/config
2026-05-19 20:55:53 - Method: GET, Path: /api/v1/config
2026-05-19 20:55:53 - Method: GET, Path: /api/v2/config
2026-05-19 20:55:53 - Method: GET, Path: /api/v2/settings
2026-05-19 20:55:53 - Method: GET, Path: /api/account
2026-05-19 20:55:53 - Method: GET, Path: /api/health
2026-05-19 20:55:53 - Method: GET, Path: /api/openapi.json
2026-05-19 20:55:53 - Method: GET, Path: /api/settings
2026-05-19 20:55:53 - Method: GET, Path: /api/v1/settings
2026-05-19 20:55:53 - Method: GET, Path: /api/env
2026-06-10 06:42:36 - Method: POST, Path: /api/v1/payment/sms/api/payment/ping
2026-06-10 07:04:35 - Method: POST, Path: /api/v1/payment/sms/api/payment/ping
2026-06-10 07:36:39 - Method: GET, Path: /api/aws.json
2026-06-10 07:36:39 - Method: GET, Path: /api/credentials.json
2026-06-10 07:36:40 - Method: GET, Path: /api/env
2026-06-10 07:36:40 - Method: GET, Path: /api/phpinfo.php
2026-06-10 07:36:41 - Method: GET, Path: /api/docker-compose.yml
2026-06-10 07:36:41 - Method: GET, Path: /api/docker-compose.prod.yml
2026-06-10 07:36:42 - Method: GET, Path: /api/actuator/configprops
2026-06-10 07:36:42 - Method: GET, Path: /api/actuator/logfile
2026-06-10 07:36:42 - Method: GET, Path: /api/heapdump
2026-06-10 07:36:42 - Method: GET, Path: /api/actuator/env
2026-06-10 07:36:43 - Method: GET, Path: /api/actuator/heapdump
2026-06-10 07:36:44 - Method: GET, Path: /api/configprops
2026-06-10 07:36:47 - Method: GET, Path: /api/config.json
2026-06-10 07:36:47 - Method: GET, Path: /api/config.yml
2026-06-10 07:36:47 - Method: GET, Path: /api/config.php
2026-06-10 07:36:47 - Method: GET, Path: /api/settings.yml
2026-06-10 07:36:47 - Method: GET, Path: /api/database.yml
2026-06-10 07:36:47 - Method: GET, Path: /api/database.php
2026-06-10 07:36:47 - Method: GET, Path: /api/application.properties
2026-06-10 07:36:47 - Method: GET, Path: /api/application.yml
2026-06-10 07:36:47 - Method: GET, Path: /api/appsettings.json
2026-06-10 07:36:47 - Method: GET, Path: /api/settings.json
2026-06-10 07:36:47 - Method: GET, Path: /api/credentials.json
2026-06-10 07:36:47 - Method: GET, Path: /api/secrets.json
2026-06-10 07:36:47 - Method: GET, Path: /api/parameters.yml
2026-06-10 07:36:47 - Method: GET, Path: /api/v1/config.json
2026-06-10 07:36:47 - Method: GET, Path: /api/keys.json
2026-06-10 07:36:47 - Method: GET, Path: /api/v2/config.json
2026-06-10 07:36:47 - Method: GET, Path: /api/v1/application.yml
2026-06-10 07:36:47 - Method: GET, Path: /api/v2/application.yml
2026-06-10 07:36:49 - Method: GET, Path: /api/config.json
2026-06-10 07:36:49 - Method: GET, Path: /api/config.yml
2026-06-10 07:36:49 - Method: GET, Path: /api/config.php
2026-06-10 07:36:49 - Method: GET, Path: /api/settings.json
2026-06-10 07:36:49 - Method: GET, Path: /api/settings.yml
2026-06-10 07:36:49 - Method: GET, Path: /api/database.php
2026-06-10 07:36:50 - Method: GET, Path: /api/application.yml
2026-06-10 07:36:50 - Method: GET, Path: /api/application.properties
2026-06-10 07:36:50 - Method: GET, Path: /api/database.yml
2026-06-10 07:36:50 - Method: GET, Path: /api/appsettings.json
2026-06-10 07:36:50 - Method: GET, Path: /api/keys.json
2026-06-10 07:36:50 - Method: GET, Path: /api/parameters.yml
2026-06-10 07:36:50 - Method: GET, Path: /api/credentials.json
2026-06-10 07:36:50 - Method: GET, Path: /api/secrets.json
2026-06-10 07:36:50 - Method: GET, Path: /api/v1/application.yml
2026-06-10 07:36:50 - Method: GET, Path: /api/v2/config.json
2026-06-10 07:36:50 - Method: GET, Path: /api/v2/application.yml
2026-06-10 07:36:50 - Method: GET, Path: /api/v1/config.json
2026-06-10 08:15:29 - Method: GET, Path: /api/actuator/env
2026-06-10 08:15:29 - Method: GET, Path: /api/actuator/heapdump
2026-06-10 08:15:29 - Method: GET, Path: /api/actuator/logfile
2026-06-10 08:15:29 - Method: GET, Path: /api/actuator/configprops
2026-06-10 08:15:29 - Method: GET, Path: /api/configprops
2026-06-10 08:15:29 - Method: GET, Path: /api/heapdump
2026-06-10 08:15:29 - Method: GET, Path: /api/env
2026-06-10 08:16:06 - Method: GET, Path: /api/aws.json
2026-06-10 08:16:16 - Method: GET, Path: /api/credentials.json
2026-06-10 08:16:43 - Method: GET, Path: /api/phpinfo.php
2026-06-10 08:17:03 - Method: GET, Path: /api/docker-compose.prod.yml
2026-06-10 08:17:03 - Method: GET, Path: /api/actuator/env
2026-06-10 08:17:03 - Method: GET, Path: /api/actuator/heapdump
2026-06-10 08:17:03 - Method: GET, Path: /api/heapdump
2026-06-10 08:17:03 - Method: GET, Path: /api/actuator/logfile
2026-06-10 08:17:03 - Method: GET, Path: /api/env
2026-06-10 08:17:03 - Method: GET, Path: /api/configprops
2026-06-10 08:17:03 - Method: GET, Path: /api/actuator/configprops
2026-06-10 08:17:04 - Method: GET, Path: /api/docker-compose.yml
2026-06-10 08:18:07 - Method: GET, Path: /api/aws.json
2026-06-10 08:18:39 - Method: GET, Path: /api/credentials.json
2026-06-10 08:18:44 - Method: GET, Path: /api/phpinfo.php
2026-06-10 08:19:05 - Method: GET, Path: /api/docker-compose.yml
2026-06-10 08:19:16 - Method: GET, Path: /api/docker-compose.prod.yml
2026-06-10 08:20:35 - Method: GET, Path: /api/database.php
2026-06-10 08:20:35 - Method: GET, Path: /api/database.yml
2026-06-10 08:20:36 - Method: GET, Path: /api/settings.yml
2026-06-10 08:20:37 - Method: GET, Path: /api/config.yml
2026-06-10 08:20:37 - Method: GET, Path: /api/config.json
2026-06-10 08:20:37 - Method: GET, Path: /api/config.php
2026-06-10 08:20:37 - Method: GET, Path: /api/credentials.json
2026-06-10 08:20:37 - Method: GET, Path: /api/appsettings.json
2026-06-10 08:20:37 - Method: GET, Path: /api/secrets.json
2026-06-10 08:20:37 - Method: GET, Path: /api/v1/application.yml
2026-06-10 08:20:37 - Method: GET, Path: /api/v2/config.json
2026-06-10 08:20:37 - Method: GET, Path: /api/settings.json
2026-06-10 08:20:37 - Method: GET, Path: /api/v1/config.json
2026-06-10 08:20:37 - Method: GET, Path: /api/application.properties
2026-06-10 08:20:37 - Method: GET, Path: /api/keys.json
2026-06-10 08:20:37 - Method: GET, Path: /api/parameters.yml
2026-06-10 08:20:37 - Method: GET, Path: /api/application.yml
2026-06-10 08:20:39 - Method: GET, Path: /api/v2/application.yml
2026-06-10 17:31:36 - Method: GET, Path: /api/.env.local
2026-06-10 17:31:36 - Method: GET, Path: /api/.env.prod
2026-06-10 17:31:36 - Method: GET, Path: /api/.env.production
2026-06-10 17:31:36 - Method: GET, Path: /api/.env.backup
2026-06-10 17:31:36 - Method: GET, Path: /api/.env.old
2026-06-10 17:31:36 - Method: GET, Path: /api/.env.bak
2026-06-10 17:31:36 - Method: GET, Path: /api/.env.dev
2026-06-10 17:31:36 - Method: GET, Path: /api/v1/.env
2026-06-10 17:31:36 - Method: GET, Path: /api/.env.staging
2026-06-10 17:31:36 - Method: GET, Path: /api/v2/.env
2026-06-10 17:31:36 - Method: GET, Path: /api/v3/.env
2026-06-10 17:31:41 - Method: GET, Path: /api/backend/.env
2026-06-10 17:37:17 - Method: GET, Path: /api/phpinfo.php
2026-06-10 17:37:22 - Method: GET, Path: /api/actuator/logfile
2026-06-10 17:37:22 - Method: GET, Path: /api/actuator/heapdump
2026-06-10 17:37:32 - Method: GET, Path: /api/docker-compose.yml
2026-06-10 17:37:32 - Method: GET, Path: /api/docker-compose.prod.yml
2026-06-10 17:38:04 - Method: GET, Path: /api/aws.json
2026-06-10 17:38:19 - Method: GET, Path: /api/configprops
2026-06-10 17:38:31 - Method: GET, Path: /api/env
2026-06-10 17:38:45 - Method: GET, Path: /api/heapdump
2026-06-10 17:38:46 - Method: GET, Path: /api/credentials.json
2026-06-10 17:38:55 - Method: GET, Path: /api/actuator/configprops
2026-06-10 17:39:05 - Method: GET, Path: /api/actuator/env
2026-06-10 17:39:06 - Method: GET, Path: /api/actuator/configprops
2026-06-10 17:39:06 - Method: GET, Path: /api/actuator/logfile
2026-06-10 17:39:06 - Method: GET, Path: /api/actuator/heapdump
2026-06-10 17:39:06 - Method: GET, Path: /api/heapdump
2026-06-10 17:39:06 - Method: GET, Path: /api/env
2026-06-10 17:39:06 - Method: GET, Path: /api/configprops
2026-06-10 17:39:52 - Method: GET, Path: /api/aws.json
2026-06-10 17:39:52 - Method: GET, Path: /api/credentials.json
2026-06-10 17:40:14 - Method: GET, Path: /api/phpinfo.php
2026-06-10 17:40:14 - Method: GET, Path: /api/docker-compose.yml
2026-06-10 17:40:14 - Method: GET, Path: /api/docker-compose.prod.yml
2026-06-10 17:40:15 - Method: GET, Path: /api/actuator/env
2026-06-10 17:40:24 - Method: GET, Path: /api/config.json
2026-06-10 17:40:24 - Method: GET, Path: /api/settings.json
2026-06-10 17:40:24 - Method: GET, Path: /api/config.yml
2026-06-10 17:40:24 - Method: GET, Path: /api/settings.yml
2026-06-10 17:40:24 - Method: GET, Path: /api/database.yml
2026-06-10 17:40:24 - Method: GET, Path: /api/database.php
2026-06-10 17:40:24 - Method: GET, Path: /api/application.yml
2026-06-10 17:40:28 - Method: GET, Path: /api/application.properties
2026-06-10 17:40:28 - Method: GET, Path: /api/appsettings.json
2026-06-10 17:40:28 - Method: GET, Path: /api/config.php
2026-06-10 17:40:28 - Method: GET, Path: /api/credentials.json
2026-06-10 17:40:28 - Method: GET, Path: /api/parameters.yml
2026-06-10 17:40:28 - Method: GET, Path: /api/v1/application.yml
2026-06-10 17:40:28 - Method: GET, Path: /api/v2/config.json
2026-06-10 17:40:28 - Method: GET, Path: /api/secrets.json
2026-06-10 17:40:28 - Method: GET, Path: /api/v2/application.yml
2026-06-10 17:40:28 - Method: GET, Path: /api/v1/config.json
2026-06-10 17:40:30 - Method: GET, Path: /api/keys.json
2026-06-10 18:20:30 - Method: GET, Path: /api/v2/.env
2026-06-10 18:20:30 - Method: GET, Path: /api/.env.prod
2026-06-10 18:20:30 - Method: GET, Path: /api/v1/.env
2026-06-10 18:20:30 - Method: GET, Path: /api/.env.local
2026-06-10 18:20:30 - Method: GET, Path: /api/v3/.env
2026-06-10 18:20:30 - Method: GET, Path: /api/.env.backup
2026-06-10 18:20:30 - Method: GET, Path: /api/.env.production
2026-06-10 18:20:30 - Method: GET, Path: /api/.env.old
2026-06-10 18:20:30 - Method: GET, Path: /api/.env.staging
2026-06-10 18:20:30 - Method: GET, Path: /api/.env.dev
2026-06-10 18:20:36 - Method: GET, Path: /api/backend/.env
2026-06-10 18:20:36 - Method: GET, Path: /api/backend/.env
2026-06-10 18:22:20 - Method: GET, Path: /api/config
2026-06-10 18:22:21 - Method: GET, Path: /api/env
2026-06-11 06:07:49 - Method: POST, Path: /api/v1/payment/sms/api/payment/sms
2026-06-11 06:08:00 - Method: POST, Path: /api/v1/payment/sms/api/payment/sms
2026-06-11 06:09:07 - Method: POST, Path: /api/v1/payment/sms/api/payment/sms
2026-06-11 06:11:29 - Method: POST, Path: /api/v1/payment/sms/api/payment/sms
2026-06-11 06:13:14 - Method: POST, Path: /api/v1/payment/sms/api/payment/sms
2026-06-11 06:18:07 - Method: POST, Path: /api/v1/payment/sms/api/payment/sms
2026-06-11 06:21:58 - Method: POST, Path: /api/v1/payment/sms/api/payment/sms
2026-06-11 06:22:29 - Method: POST, Path: /api/v1/payment/sms/api/payment/sms
2026-06-11 06:39:36 - Method: POST, Path: /api/v1/payment/sms/api/payment/sms
2026-06-11 06:39:36 - Method: POST, Path: /api/v1/payment/sms/api/payment/sms
2026-06-11 06:42:39 - Method: POST, Path: /api/v1/payment/sms/api/payment/sms
2026-06-11 06:49:29 - Method: GET, Path: /api/.env.prod
2026-06-11 06:49:29 - Method: GET, Path: /api/.env.bak
2026-06-11 06:49:29 - Method: GET, Path: /api/.env.production
2026-06-11 06:49:29 - Method: GET, Path: /api/.env.staging
2026-06-11 06:49:29 - Method: GET, Path: /api/.env.old
2026-06-11 06:49:29 - Method: GET, Path: /api/v1/.env
2026-06-11 06:49:29 - Method: GET, Path: /api/.env.dev
2026-06-11 06:49:29 - Method: GET, Path: /api/v2/.env
2026-06-11 06:49:29 - Method: GET, Path: /api/.env.backup
2026-06-11 06:49:29 - Method: GET, Path: /api/v3/.env
2026-06-11 06:51:27 - Method: GET, Path: /api/backend/.env
2026-06-11 06:51:37 - Method: GET, Path: /api/.env.local
2026-06-11 06:52:16 - Method: GET, Path: /api/.env.local
2026-06-11 06:52:31 - Method: GET, Path: /api/backend/.env
2026-06-11 10:34:48 - Method: GET, Path: /api/actuator/heapdump
2026-06-11 10:34:48 - Method: GET, Path: /api/actuator/logfile
2026-06-11 10:34:48 - Method: GET, Path: /api/actuator/configprops
2026-06-11 10:34:48 - Method: GET, Path: /api/configprops
2026-06-11 10:34:48 - Method: GET, Path: /api/heapdump
2026-06-11 10:34:48 - Method: GET, Path: /api/actuator/env
2026-06-11 10:34:48 - Method: GET, Path: /api/env
2026-06-11 10:35:25 - Method: GET, Path: /api/credentials.json
2026-06-11 10:35:30 - Method: GET, Path: /api/aws.json
2026-06-11 10:35:50 - Method: GET, Path: /api/phpinfo.php
2026-06-11 10:36:01 - Method: GET, Path: /api/docker-compose.prod.yml
2026-06-11 10:36:01 - Method: GET, Path: /api/docker-compose.yml
2026-06-11 10:36:32 - Method: GET, Path: /api/actuator/env
2026-06-11 10:36:37 - Method: GET, Path: /api/heapdump
2026-06-11 10:36:37 - Method: GET, Path: /api/actuator/heapdump
2026-06-11 10:36:42 - Method: GET, Path: /api/actuator/logfile
2026-06-11 10:36:47 - Method: GET, Path: /api/actuator/configprops
2026-06-11 10:36:58 - Method: GET, Path: /api/configprops
2026-06-11 10:37:33 - Method: GET, Path: /api/env
2026-06-11 10:37:34 - Method: GET, Path: /api/aws.json
2026-06-11 10:37:38 - Method: GET, Path: /api/credentials.json
2026-06-11 10:37:50 - Method: GET, Path: /api/docker-compose.prod.yml
2026-06-11 10:37:55 - Method: GET, Path: /api/phpinfo.php
2026-06-11 10:38:10 - Method: GET, Path: /api/docker-compose.yml
2026-06-11 10:39:43 - Method: GET, Path: /api/config.json
2026-06-11 10:39:43 - Method: GET, Path: /api/config.php
2026-06-11 10:39:45 - Method: GET, Path: /api/settings.json
2026-06-11 10:39:45 - Method: GET, Path: /api/config.yml
2026-06-11 10:39:45 - Method: GET, Path: /api/settings.yml
2026-06-11 10:39:45 - Method: GET, Path: /api/application.properties
2026-06-11 10:39:45 - Method: GET, Path: /api/database.php
2026-06-11 10:39:45 - Method: GET, Path: /api/secrets.json
2026-06-11 10:39:45 - Method: GET, Path: /api/appsettings.json
2026-06-11 10:39:48 - Method: GET, Path: /api/database.yml
2026-06-11 10:39:48 - Method: GET, Path: /api/parameters.yml
2026-06-11 10:39:48 - Method: GET, Path: /api/v2/config.json
2026-06-11 10:39:48 - Method: GET, Path: /api/v1/config.json
2026-06-11 10:39:48 - Method: GET, Path: /api/v2/application.yml
2026-06-11 10:39:48 - Method: GET, Path: /api/keys.json
2026-06-11 10:39:48 - Method: GET, Path: /api/v1/application.yml
2026-06-11 10:39:53 - Method: GET, Path: /api/credentials.json
2026-06-12 00:16:19 - Method: GET, Path: /api/actuator/heapdump
2026-06-12 00:16:19 - Method: GET, Path: /api/actuator/env
2026-06-12 00:16:29 - Method: GET, Path: /api/heapdump
2026-06-12 00:16:34 - Method: GET, Path: /api/aws.json
2026-06-12 00:16:35 - Method: GET, Path: /api/credentials.json
2026-06-12 00:17:00 - Method: GET, Path: /api/phpinfo.php
2026-06-12 00:17:11 - Method: GET, Path: /api/configprops
2026-06-12 00:17:11 - Method: GET, Path: /api/docker-compose.yml
2026-06-12 00:17:16 - Method: GET, Path: /api/docker-compose.prod.yml
2026-06-12 00:17:37 - Method: GET, Path: /api/actuator/logfile
2026-06-12 00:17:52 - Method: GET, Path: /api/actuator/configprops
2026-06-12 00:18:18 - Method: GET, Path: /api/actuator/configprops
2026-06-12 00:18:23 - Method: GET, Path: /api/actuator/logfile
2026-06-12 00:18:23 - Method: GET, Path: /api/heapdump
2026-06-12 00:18:23 - Method: GET, Path: /api/env
2026-06-12 00:18:34 - Method: GET, Path: /api/configprops
2026-06-12 00:18:44 - Method: GET, Path: /api/env
2026-06-12 00:19:04 - Method: GET, Path: /api/aws.json
2026-06-12 00:19:05 - Method: GET, Path: /api/credentials.json
2026-06-12 00:19:25 - Method: GET, Path: /api/phpinfo.php
2026-06-12 00:19:40 - Method: GET, Path: /api/docker-compose.yml
2026-06-12 00:19:41 - Method: GET, Path: /api/docker-compose.prod.yml
2026-06-12 00:21:04 - Method: GET, Path: /api/config.json
2026-06-12 00:21:05 - Method: GET, Path: /api/database.php
2026-06-12 00:21:05 - Method: GET, Path: /api/config.yml
2026-06-12 00:21:05 - Method: GET, Path: /api/settings.json
2026-06-12 00:21:09 - Method: GET, Path: /api/settings.yml
2026-06-12 00:21:09 - Method: GET, Path: /api/database.yml
2026-06-12 00:21:09 - Method: GET, Path: /api/application.properties
2026-06-12 00:21:09 - Method: GET, Path: /api/application.yml
2026-06-12 00:21:09 - Method: GET, Path: /api/v1/config.json
2026-06-12 00:21:09 - Method: GET, Path: /api/secrets.json
2026-06-12 00:21:09 - Method: GET, Path: /api/keys.json
2026-06-12 00:21:09 - Method: GET, Path: /api/parameters.yml
2026-06-12 00:21:09 - Method: GET, Path: /api/appsettings.json
2026-06-12 00:21:09 - Method: GET, Path: /api/v1/application.yml
2026-06-12 00:21:09 - Method: GET, Path: /api/v2/config.json
2026-06-12 00:21:09 - Method: GET, Path: /api/v2/application.yml
2026-06-12 00:21:26 - Method: GET, Path: /api/credentials.json
2026-06-12 00:21:27 - Method: GET, Path: /api/config.php
2026-06-12 15:24:27 - Method: GET, Path: /api/env
2026-06-12 15:24:27 - Method: GET, Path: /api/config
2026-06-13 00:21:05 - Method: GET, Path: /api/config
2026-06-13 00:21:10 - Method: GET, Path: /api/settings
2026-06-13 00:21:11 - Method: GET, Path: /api/v1/config
2026-06-13 00:21:18 - Method: GET, Path: /api/v1/env
2026-06-13 00:21:19 - Method: GET, Path: /api/v1/settings
2026-06-13 00:21:19 - Method: GET, Path: /api/env
2026-06-13 02:21:00 - Method: GET, Path: /api/v1/.env
2026-06-13 02:21:00 - Method: GET, Path: /api/v2/.env
2026-06-13 02:21:22 - Method: GET, Path: /api/swagger
2026-06-13 02:21:22 - Method: GET, Path: /api/swagger.json
2026-06-13 02:21:22 - Method: GET, Path: /api/swagger-ui
2026-06-13 02:21:23 - Method: GET, Path: /api/docs
2026-06-13 03:51:41 - Method: GET, Path: /api/v1/.env
2026-06-13 03:51:41 - Method: GET, Path: /api/v2/.env
2026-06-13 03:51:57 - Method: GET, Path: /api/swagger-ui
2026-06-13 03:51:57 - Method: GET, Path: /api/swagger.json
2026-06-13 03:51:57 - Method: GET, Path: /api/swagger
2026-06-13 03:51:57 - Method: GET, Path: /api/docs
2026-06-13 04:46:05 - Method: GET, Path: /api/actuator/configprops
2026-06-13 04:46:15 - Method: GET, Path: /api/heapdump
2026-06-13 04:46:21 - Method: GET, Path: /api/actuator/heapdump
2026-06-13 04:46:21 - Method: GET, Path: /api/configprops
2026-06-13 04:46:26 - Method: GET, Path: /api/env
2026-06-13 04:46:26 - Method: GET, Path: /api/actuator/env
2026-06-13 04:46:36 - Method: GET, Path: /api/credentials.json
2026-06-13 04:46:36 - Method: GET, Path: /api/aws.json
2026-06-13 04:47:07 - Method: GET, Path: /api/actuator/logfile
2026-06-13 04:47:12 - Method: GET, Path: /api/phpinfo.php
2026-06-13 04:47:23 - Method: GET, Path: /api/docker-compose.yml
2026-06-13 04:47:27 - Method: GET, Path: /api/docker-compose.prod.yml
2026-06-13 04:48:04 - Method: GET, Path: /api/actuator/heapdump
2026-06-13 04:48:04 - Method: GET, Path: /api/actuator/env
2026-06-13 04:48:09 - Method: GET, Path: /api/actuator/configprops
2026-06-13 04:48:09 - Method: GET, Path: /api/actuator/logfile
2026-06-13 04:48:09 - Method: GET, Path: /api/heapdump
2026-06-13 04:48:24 - Method: GET, Path: /api/env
2026-06-13 04:48:24 - Method: GET, Path: /api/configprops
2026-06-13 04:49:11 - Method: GET, Path: /api/aws.json
2026-06-13 04:49:11 - Method: GET, Path: /api/credentials.json
2026-06-13 04:49:31 - Method: GET, Path: /api/phpinfo.php
2026-06-13 04:49:32 - Method: GET, Path: /api/docker-compose.yml
2026-06-13 04:49:32 - Method: GET, Path: /api/docker-compose.prod.yml
2026-06-13 04:50:54 - Method: GET, Path: /api/database.yml
2026-06-13 04:51:00 - Method: GET, Path: /api/config.json
2026-06-13 04:51:00 - Method: GET, Path: /api/config.yml
2026-06-13 04:51:00 - Method: GET, Path: /api/config.php
2026-06-13 04:51:04 - Method: GET, Path: /api/settings.json
2026-06-13 04:51:04 - Method: GET, Path: /api/settings.yml
2026-06-13 04:51:05 - Method: GET, Path: /api/database.php
2026-06-13 04:51:06 - Method: GET, Path: /api/application.yml
2026-06-13 04:51:06 - Method: GET, Path: /api/application.properties
2026-06-13 04:51:09 - Method: GET, Path: /api/appsettings.json
2026-06-13 04:51:09 - Method: GET, Path: /api/credentials.json
2026-06-13 04:51:09 - Method: GET, Path: /api/keys.json
2026-06-13 04:51:09 - Method: GET, Path: /api/secrets.json
2026-06-13 04:51:09 - Method: GET, Path: /api/v1/config.json
2026-06-13 04:51:09 - Method: GET, Path: /api/v1/application.yml
2026-06-13 04:51:09 - Method: GET, Path: /api/parameters.yml
2026-06-13 04:51:09 - Method: GET, Path: /api/v2/config.json
2026-06-13 04:51:09 - Method: GET, Path: /api/v2/application.yml
2026-06-13 05:06:51 - Method: GET, Path: /api/.env.bak
2026-06-13 05:07:02 - Method: GET, Path: /api/.env.local
2026-06-13 05:07:12 - Method: GET, Path: /api/.env.prod
2026-06-13 05:07:12 - Method: GET, Path: /api/.env.production
2026-06-13 05:07:22 - Method: GET, Path: /api/.env.dev
2026-06-13 05:07:27 - Method: GET, Path: /api/.env.old
2026-06-13 05:07:48 - Method: GET, Path: /api/v2/.env
2026-06-13 05:07:53 - Method: GET, Path: /api/v1/.env
2026-06-13 05:07:59 - Method: GET, Path: /api/.env.staging
2026-06-13 05:08:14 - Method: GET, Path: /api/.env.backup
2026-06-13 05:08:24 - Method: GET, Path: /api/v3/.env
2026-06-13 05:08:50 - Method: GET, Path: /api/backend/.env
2026-06-13 05:09:37 - Method: GET, Path: /api/.env.local
2026-06-13 05:09:40 - Method: GET, Path: /api/.env.production
2026-06-13 05:09:40 - Method: GET, Path: /api/.env.old
2026-06-13 05:09:40 - Method: GET, Path: /api/.env.prod
2026-06-13 05:09:40 - Method: GET, Path: /api/.env.backup
2026-06-13 05:09:41 - Method: GET, Path: /api/.env.staging
2026-06-13 05:09:41 - Method: GET, Path: /api/v1/.env
2026-06-13 05:09:41 - Method: GET, Path: /api/.env.dev
2026-06-13 05:09:41 - Method: GET, Path: /api/v2/.env
2026-06-13 05:09:42 - Method: GET, Path: /api/v3/.env
2026-06-13 05:09:48 - Method: GET, Path: /api/backend/.env
2026-06-13 11:24:17 - Method: GET, Path: /api/actuator/heapdump
2026-06-13 11:24:17 - Method: GET, Path: /api/actuator/env
2026-06-13 11:24:17 - Method: GET, Path: /api/actuator/logfile
2026-06-13 11:24:17 - Method: GET, Path: /api/actuator/configprops
2026-06-13 11:24:17 - Method: GET, Path: /api/env
2026-06-13 11:24:17 - Method: GET, Path: /api/heapdump
2026-06-13 11:24:17 - Method: GET, Path: /api/configprops
2026-06-13 11:24:20 - Method: GET, Path: /api/aws.json
2026-06-13 11:24:20 - Method: GET, Path: /api/credentials.json
2026-06-13 11:24:21 - Method: GET, Path: /api/phpinfo.php
2026-06-13 11:24:21 - Method: GET, Path: /api/docker-compose.prod.yml
2026-06-13 11:24:21 - Method: GET, Path: /api/docker-compose.yml
2026-06-13 11:24:25 - Method: GET, Path: /api/config.yml
2026-06-13 11:24:25 - Method: GET, Path: /api/config.json
2026-06-13 11:24:26 - Method: GET, Path: /api/settings.json
2026-06-13 11:24:26 - Method: GET, Path: /api/config.php
2026-06-13 11:24:26 - Method: GET, Path: /api/settings.yml
2026-06-13 11:24:26 - Method: GET, Path: /api/application.yml
2026-06-13 11:24:26 - Method: GET, Path: /api/database.php
2026-06-13 11:24:26 - Method: GET, Path: /api/database.yml
2026-06-13 11:24:26 - Method: GET, Path: /api/credentials.json
2026-06-13 11:24:26 - Method: GET, Path: /api/appsettings.json
2026-06-13 11:24:26 - Method: GET, Path: /api/parameters.yml
2026-06-13 11:24:26 - Method: GET, Path: /api/secrets.json
2026-06-13 11:24:26 - Method: GET, Path: /api/keys.json
2026-06-13 11:24:26 - Method: GET, Path: /api/application.properties
2026-06-13 11:24:26 - Method: GET, Path: /api/v2/application.yml
2026-06-13 11:24:26 - Method: GET, Path: /api/v1/application.yml
2026-06-13 11:24:26 - Method: GET, Path: /api/v1/config.json
2026-06-13 11:24:26 - Method: GET, Path: /api/v2/config.json
2026-06-13 12:58:20 - Method: GET, Path: /api/.env.backup
2026-06-13 12:58:20 - Method: GET, Path: /api/.env.old
2026-06-13 12:58:20 - Method: GET, Path: /api/v2/.env
2026-06-13 12:58:21 - Method: GET, Path: /api/.env.dev
2026-06-13 12:58:21 - Method: GET, Path: /api/.env.production
2026-06-13 12:58:22 - Method: GET, Path: /api/v3/.env
2026-06-13 12:58:22 - Method: GET, Path: /api/v1/.env
2026-06-13 12:58:23 - Method: GET, Path: /api/.env.prod
2026-06-13 12:58:24 - Method: GET, Path: /api/.env.bak
2026-06-13 12:58:25 - Method: GET, Path: /api/backend/.env
2026-06-13 12:58:25 - Method: GET, Path: /api/.env.local
2026-06-13 12:58:25 - Method: GET, Path: /api/.env.staging
2026-06-13 12:58:27 - Method: GET, Path: /api/backend/.env
2026-06-13 12:58:27 - Method: GET, Path: /api/.env.local
2026-06-13 12:58:28 - Method: GET, Path: /api/.env.staging
2026-06-13 12:58:30 - Method: GET, Path: /api/.env.bak
2026-06-13 14:52:43 - Method: GET, Path: /api/v2/.env
2026-06-13 14:52:43 - Method: GET, Path: /api/v1/.env
2026-06-13 14:53:06 - Method: GET, Path: /api/swagger
2026-06-13 14:53:06 - Method: GET, Path: /api/swagger.json
2026-06-13 14:53:06 - Method: GET, Path: /api/swagger-ui
2026-06-13 14:53:06 - Method: GET, Path: /api/docs
2026-06-13 15:31:50 - Method: GET, Path: /api/v1/.env
2026-06-13 15:31:50 - Method: GET, Path: /api/v2/.env
2026-06-13 15:31:51 - Method: GET, Path: /api/v3/.env
2026-06-13 15:31:51 - Method: GET, Path: /api/dev/.env
2026-06-13 15:31:51 - Method: GET, Path: /api/staging/.env
2026-06-17 20:23:46 - Method: GET, Path: /api/v1/.env
2026-06-17 20:23:46 - Method: GET, Path: /api/v2/.env
2026-06-17 20:23:47 - Method: GET, Path: /api/v3/.env
2026-06-17 20:23:47 - Method: GET, Path: /api/dev/.env
2026-06-17 20:23:47 - Method: GET, Path: /api/staging/.env
2026-06-18 07:47:32 - Method: GET, Path: /api/v1/secrets
